/var/tmp/faas-metal-smoke-managed-pg-failure-reports-d598bb27/source-selected.tar.gz: OK
/var/tmp/faas-metal-smoke-managed-pg-failure-reports-d598bb27/source-supplement.tar.gz: OK
validation source: a902715766ab41566a8755870022ebf2d2774ba7
Linux gregale-internal-test-1.us-east1-b.c.gregale-prod.internal 7.0.0-1011-gcp #11~24.04.1-Ubuntu SMP PREEMPT Tue Aug 11 20:14:48 UTC 2026 x86_64 x86_64 x86_64 GNU/Linux
go version go1.25.13 linux/amd64
leakcheck OK — no leaked netns/taps/jails/cgroups/processes/mounts
e2fsck 1.47.0 (5-Feb-2023)
Pass 1: Checking inodes, blocks, and sizes
Pass 2: Checking directory structure
Pass 3: Checking directory connectivity
Pass 4: Checking reference counts
Pass 5: Checking group summary information
faas-metal-smoke: 28/16384 files (3.6% non-contiguous), 8074/16384 blocks
e2fsck 1.47.0 (5-Feb-2023)
Pass 1: Checking inodes, blocks, and sizes
Pass 2: Checking directory structure
Pass 3: Checking directory connectivity
Pass 4: Checking reference counts
Pass 5: Checking group summary information
faas-metal-layer: 16/4096 files (0.0% non-contiguous), 272/4096 blocks
178f50d3a868d8fc08228225cd49fca2d8f117a88c8924385b33166c4f158e3b  /srv/fc/base/vmlinux-6.1.134
4ae4594d191ddf86c483b4ce0ec02aeb03484d7ef4f477cb0be654e800a2b108  /var/tmp/faas-metal-smoke-managed-pg-failure-reports-d598bb27/fixtures/hello-base.ext4
f549c7bbaf18ee7cd1e8873ebb1b9a972336ece36fe9e60408cea89a1f0b7a4e  /var/tmp/faas-metal-smoke-managed-pg-failure-reports-d598bb27/fixtures/hello-layer.ext4
=== RUN   TestFailureReportOwnershipRequiresResourceIdentity
--- PASS: TestFailureReportOwnershipRequiresResourceIdentity (0.00s)
=== RUN   TestMetalTeardownRetainsOwnershipUntilConfirmed
--- PASS: TestMetalTeardownRetainsOwnershipUntilConfirmed (0.98s)
=== RUN   TestReportLivenessFailedDetachesRelayContext
--- PASS: TestReportLivenessFailedDetachesRelayContext (0.00s)
=== RUN   TestMetalFailureOutboxRetriesConfirmedTeardown
=== RUN   TestMetalFailureOutboxRetriesConfirmedTeardown/liveness
2026/10/02 08:51:35 WARN vmmd: failure report pending instance_id=5d2713b91d775bf5b8250972e394258d kind=liveness attempt=1 retry_delay=1.052734375s err="rpc error: code = Internal desc = sched: liveness: destroy instance 5d2713b91d775bf5b8250972e394258d: injected unconfirmed scheduler stop"
2026/10/02 08:51:37 WARN vmmd: failure report pending instance_id=5d2713b91d775bf5b8250972e394258d kind=liveness attempt=2 retry_delay=2.10546875s err="rpc error: code = Internal desc = sched: liveness: destroy instance 5d2713b91d775bf5b8250972e394258d: injected unconfirmed scheduler stop"
2026/10/02 08:51:37 INFO vmmd: failure report acknowledged instance_id=5d2713b91d775bf5b8250972e394258d kind=liveness
=== RUN   TestMetalFailureOutboxRetriesConfirmedTeardown/workload_oom
2026/10/02 08:51:38 WARN vmmd: failure report pending instance_id=9e287022334fed9d3e5b15a69897bcdd kind=workload_oom attempt=1 retry_delay=1.197265625s err="rpc error: code = Internal desc = sched: workload_oom: destroy instance 9e287022334fed9d3e5b15a69897bcdd: injected unconfirmed scheduler stop"
2026/10/02 08:51:39 WARN vmmd: failure report pending instance_id=9e287022334fed9d3e5b15a69897bcdd kind=workload_oom attempt=2 retry_delay=2.39453125s err="rpc error: code = Internal desc = sched: workload_oom: destroy instance 9e287022334fed9d3e5b15a69897bcdd: injected unconfirmed scheduler stop"
2026/10/02 08:51:39 INFO vmmd: failure report acknowledged instance_id=9e287022334fed9d3e5b15a69897bcdd kind=workload_oom
--- PASS: TestMetalFailureOutboxRetriesConfirmedTeardown (4.96s)
    --- PASS: TestMetalFailureOutboxRetriesConfirmedTeardown/liveness (2.48s)
    --- PASS: TestMetalFailureOutboxRetriesConfirmedTeardown/workload_oom (2.47s)
=== RUN   TestMetalSchedulerRetainsAccountingUntilConfirmedTeardown
=== RUN   TestMetalSchedulerRetainsAccountingUntilConfirmedTeardown/liveness
=== RUN   TestMetalSchedulerRetainsAccountingUntilConfirmedTeardown/workload_oom
=== RUN   TestMetalSchedulerRetainsAccountingUntilConfirmedTeardown/force_restart
=== RUN   TestMetalSchedulerRetainsAccountingUntilConfirmedTeardown/cold_boot_timeout
--- PASS: TestMetalSchedulerRetainsAccountingUntilConfirmedTeardown (3.88s)
    --- PASS: TestMetalSchedulerRetainsAccountingUntilConfirmedTeardown/liveness (0.93s)
    --- PASS: TestMetalSchedulerRetainsAccountingUntilConfirmedTeardown/workload_oom (1.00s)
    --- PASS: TestMetalSchedulerRetainsAccountingUntilConfirmedTeardown/force_restart (0.99s)
    --- PASS: TestMetalSchedulerRetainsAccountingUntilConfirmedTeardown/cold_boot_timeout (0.97s)
PASS
ok  	github.com/onebox-faas/faas/pkg/fcvm	10.926s
=== RUN   TestLiveness_DestroyTimeoutDoesNotAdvanceBudget
--- PASS: TestLiveness_DestroyTimeoutDoesNotAdvanceBudget (0.00s)
=== RUN   TestEngineTeardownRetainsAccountingUntilConfirmed
=== RUN   TestEngineTeardownRetainsAccountingUntilConfirmed/liveness
=== RUN   TestEngineTeardownRetainsAccountingUntilConfirmed/workload_oom
=== RUN   TestEngineTeardownRetainsAccountingUntilConfirmed/force_restart
=== RUN   TestEngineTeardownRetainsAccountingUntilConfirmed/disk_pressure
=== RUN   TestEngineTeardownRetainsAccountingUntilConfirmed/egress_abuse
=== RUN   TestEngineTeardownRetainsAccountingUntilConfirmed/waking_timeout
=== RUN   TestEngineTeardownRetainsAccountingUntilConfirmed/cold_boot_timeout
=== RUN   TestEngineTeardownRetainsAccountingUntilConfirmed/snapshot_timeout
--- PASS: TestEngineTeardownRetainsAccountingUntilConfirmed (0.13s)
    --- PASS: TestEngineTeardownRetainsAccountingUntilConfirmed/liveness (0.02s)
    --- PASS: TestEngineTeardownRetainsAccountingUntilConfirmed/workload_oom (0.02s)
    --- PASS: TestEngineTeardownRetainsAccountingUntilConfirmed/force_restart (0.02s)
    --- PASS: TestEngineTeardownRetainsAccountingUntilConfirmed/disk_pressure (0.02s)
    --- PASS: TestEngineTeardownRetainsAccountingUntilConfirmed/egress_abuse (0.01s)
    --- PASS: TestEngineTeardownRetainsAccountingUntilConfirmed/waking_timeout (0.01s)
    --- PASS: TestEngineTeardownRetainsAccountingUntilConfirmed/cold_boot_timeout (0.01s)
    --- PASS: TestEngineTeardownRetainsAccountingUntilConfirmed/snapshot_timeout (0.02s)
=== RUN   TestEngineTeardownReadFailureRetainsAccounting
=== RUN   TestEngineTeardownReadFailureRetainsAccounting/liveness/state:_not_found/1
=== RUN   TestEngineTeardownReadFailureRetainsAccounting/liveness/database_unavailable/1
=== RUN   TestEngineTeardownReadFailureRetainsAccounting/liveness/state:_not_found/2
=== RUN   TestEngineTeardownReadFailureRetainsAccounting/liveness/database_unavailable/2
=== RUN   TestEngineTeardownReadFailureRetainsAccounting/workload_oom/state:_not_found/1
=== RUN   TestEngineTeardownReadFailureRetainsAccounting/workload_oom/database_unavailable/1
=== RUN   TestEngineTeardownReadFailureRetainsAccounting/workload_oom/state:_not_found/2
=== RUN   TestEngineTeardownReadFailureRetainsAccounting/workload_oom/database_unavailable/2
=== RUN   TestEngineTeardownReadFailureRetainsAccounting/force_restart/state:_not_found/1
=== RUN   TestEngineTeardownReadFailureRetainsAccounting/force_restart/database_unavailable/1
=== RUN   TestEngineTeardownReadFailureRetainsAccounting/force_restart/state:_not_found/2
=== RUN   TestEngineTeardownReadFailureRetainsAccounting/force_restart/database_unavailable/2
=== RUN   TestEngineTeardownReadFailureRetainsAccounting/disk_pressure/state:_not_found/1
=== RUN   TestEngineTeardownReadFailureRetainsAccounting/disk_pressure/database_unavailable/1
=== RUN   TestEngineTeardownReadFailureRetainsAccounting/disk_pressure/state:_not_found/2
=== RUN   TestEngineTeardownReadFailureRetainsAccounting/disk_pressure/database_unavailable/2
=== RUN   TestEngineTeardownReadFailureRetainsAccounting/egress_abuse/state:_not_found/1
=== RUN   TestEngineTeardownReadFailureRetainsAccounting/egress_abuse/database_unavailable/1
=== RUN   TestEngineTeardownReadFailureRetainsAccounting/egress_abuse/state:_not_found/2
=== RUN   TestEngineTeardownReadFailureRetainsAccounting/egress_abuse/database_unavailable/2
=== RUN   TestEngineTeardownReadFailureRetainsAccounting/waking_timeout/state:_not_found/1
=== RUN   TestEngineTeardownReadFailureRetainsAccounting/waking_timeout/database_unavailable/1
=== RUN   TestEngineTeardownReadFailureRetainsAccounting/cold_boot_timeout/state:_not_found/1
=== RUN   TestEngineTeardownReadFailureRetainsAccounting/cold_boot_timeout/database_unavailable/1
=== RUN   TestEngineTeardownReadFailureRetainsAccounting/snapshot_timeout/state:_not_found/1
=== RUN   TestEngineTeardownReadFailureRetainsAccounting/snapshot_timeout/database_unavailable/1
--- PASS: TestEngineTeardownReadFailureRetainsAccounting (0.01s)
    --- PASS: TestEngineTeardownReadFailureRetainsAccounting/liveness/state:_not_found/1 (0.00s)
    --- PASS: TestEngineTeardownReadFailureRetainsAccounting/liveness/database_unavailable/1 (0.00s)
    --- PASS: TestEngineTeardownReadFailureRetainsAccounting/liveness/state:_not_found/2 (0.00s)
    --- PASS: TestEngineTeardownReadFailureRetainsAccounting/liveness/database_unavailable/2 (0.00s)
    --- PASS: TestEngineTeardownReadFailureRetainsAccounting/workload_oom/state:_not_found/1 (0.00s)
    --- PASS: TestEngineTeardownReadFailureRetainsAccounting/workload_oom/database_unavailable/1 (0.00s)
    --- PASS: TestEngineTeardownReadFailureRetainsAccounting/workload_oom/state:_not_found/2 (0.00s)
    --- PASS: TestEngineTeardownReadFailureRetainsAccounting/workload_oom/database_unavailable/2 (0.00s)
    --- PASS: TestEngineTeardownReadFailureRetainsAccounting/force_restart/state:_not_found/1 (0.00s)
    --- PASS: TestEngineTeardownReadFailureRetainsAccounting/force_restart/database_unavailable/1 (0.00s)
    --- PASS: TestEngineTeardownReadFailureRetainsAccounting/force_restart/state:_not_found/2 (0.00s)
    --- PASS: TestEngineTeardownReadFailureRetainsAccounting/force_restart/database_unavailable/2 (0.00s)
    --- PASS: TestEngineTeardownReadFailureRetainsAccounting/disk_pressure/state:_not_found/1 (0.00s)
    --- PASS: TestEngineTeardownReadFailureRetainsAccounting/disk_pressure/database_unavailable/1 (0.00s)
    --- PASS: TestEngineTeardownReadFailureRetainsAccounting/disk_pressure/state:_not_found/2 (0.00s)
    --- PASS: TestEngineTeardownReadFailureRetainsAccounting/disk_pressure/database_unavailable/2 (0.00s)
    --- PASS: TestEngineTeardownReadFailureRetainsAccounting/egress_abuse/state:_not_found/1 (0.00s)
    --- PASS: TestEngineTeardownReadFailureRetainsAccounting/egress_abuse/database_unavailable/1 (0.00s)
    --- PASS: TestEngineTeardownReadFailureRetainsAccounting/egress_abuse/state:_not_found/2 (0.00s)
    --- PASS: TestEngineTeardownReadFailureRetainsAccounting/egress_abuse/database_unavailable/2 (0.00s)
    --- PASS: TestEngineTeardownReadFailureRetainsAccounting/waking_timeout/state:_not_found/1 (0.00s)
    --- PASS: TestEngineTeardownReadFailureRetainsAccounting/waking_timeout/database_unavailable/1 (0.00s)
    --- PASS: TestEngineTeardownReadFailureRetainsAccounting/cold_boot_timeout/state:_not_found/1 (0.00s)
    --- PASS: TestEngineTeardownReadFailureRetainsAccounting/cold_boot_timeout/database_unavailable/1 (0.00s)
    --- PASS: TestEngineTeardownReadFailureRetainsAccounting/snapshot_timeout/state:_not_found/1 (0.00s)
    --- PASS: TestEngineTeardownReadFailureRetainsAccounting/snapshot_timeout/database_unavailable/1 (0.00s)
=== RUN   TestEngineTeardownStateRaceRetainsAccounting
=== RUN   TestEngineTeardownStateRaceRetainsAccounting/liveness/waking
=== RUN   TestEngineTeardownStateRaceRetainsAccounting/liveness/snapshotting
=== RUN   TestEngineTeardownStateRaceRetainsAccounting/liveness/draining
=== RUN   TestEngineTeardownStateRaceRetainsAccounting/workload_oom/waking
=== RUN   TestEngineTeardownStateRaceRetainsAccounting/workload_oom/snapshotting
=== RUN   TestEngineTeardownStateRaceRetainsAccounting/workload_oom/draining
=== RUN   TestEngineTeardownStateRaceRetainsAccounting/force_restart/waking
=== RUN   TestEngineTeardownStateRaceRetainsAccounting/force_restart/snapshotting
=== RUN   TestEngineTeardownStateRaceRetainsAccounting/force_restart/draining
=== RUN   TestEngineTeardownStateRaceRetainsAccounting/disk_pressure/waking
=== RUN   TestEngineTeardownStateRaceRetainsAccounting/disk_pressure/snapshotting
=== RUN   TestEngineTeardownStateRaceRetainsAccounting/disk_pressure/draining
=== RUN   TestEngineTeardownStateRaceRetainsAccounting/egress_abuse/waking
=== RUN   TestEngineTeardownStateRaceRetainsAccounting/egress_abuse/snapshotting
=== RUN   TestEngineTeardownStateRaceRetainsAccounting/egress_abuse/draining
=== RUN   TestEngineTeardownStateRaceRetainsAccounting/waking_timeout/running
=== RUN   TestEngineTeardownStateRaceRetainsAccounting/waking_timeout/snapshotting
=== RUN   TestEngineTeardownStateRaceRetainsAccounting/waking_timeout/draining
=== RUN   TestEngineTeardownStateRaceRetainsAccounting/cold_boot_timeout/running
=== RUN   TestEngineTeardownStateRaceRetainsAccounting/cold_boot_timeout/waking
=== RUN   TestEngineTeardownStateRaceRetainsAccounting/cold_boot_timeout/snapshotting
=== RUN   TestEngineTeardownStateRaceRetainsAccounting/cold_boot_timeout/draining
=== RUN   TestEngineTeardownStateRaceRetainsAccounting/snapshot_timeout/running
=== RUN   TestEngineTeardownStateRaceRetainsAccounting/snapshot_timeout/waking
=== RUN   TestEngineTeardownStateRaceRetainsAccounting/snapshot_timeout/draining
--- PASS: TestEngineTeardownStateRaceRetainsAccounting (0.01s)
    --- PASS: TestEngineTeardownStateRaceRetainsAccounting/liveness/waking (0.00s)
    --- PASS: TestEngineTeardownStateRaceRetainsAccounting/liveness/snapshotting (0.00s)
    --- PASS: TestEngineTeardownStateRaceRetainsAccounting/liveness/draining (0.00s)
    --- PASS: TestEngineTeardownStateRaceRetainsAccounting/workload_oom/waking (0.00s)
    --- PASS: TestEngineTeardownStateRaceRetainsAccounting/workload_oom/snapshotting (0.00s)
    --- PASS: TestEngineTeardownStateRaceRetainsAccounting/workload_oom/draining (0.00s)
    --- PASS: TestEngineTeardownStateRaceRetainsAccounting/force_restart/waking (0.00s)
    --- PASS: TestEngineTeardownStateRaceRetainsAccounting/force_restart/snapshotting (0.00s)
    --- PASS: TestEngineTeardownStateRaceRetainsAccounting/force_restart/draining (0.00s)
    --- PASS: TestEngineTeardownStateRaceRetainsAccounting/disk_pressure/waking (0.00s)
    --- PASS: TestEngineTeardownStateRaceRetainsAccounting/disk_pressure/snapshotting (0.00s)
    --- PASS: TestEngineTeardownStateRaceRetainsAccounting/disk_pressure/draining (0.00s)
    --- PASS: TestEngineTeardownStateRaceRetainsAccounting/egress_abuse/waking (0.00s)
    --- PASS: TestEngineTeardownStateRaceRetainsAccounting/egress_abuse/snapshotting (0.00s)
    --- PASS: TestEngineTeardownStateRaceRetainsAccounting/egress_abuse/draining (0.00s)
    --- PASS: TestEngineTeardownStateRaceRetainsAccounting/waking_timeout/running (0.00s)
    --- PASS: TestEngineTeardownStateRaceRetainsAccounting/waking_timeout/snapshotting (0.00s)
    --- PASS: TestEngineTeardownStateRaceRetainsAccounting/waking_timeout/draining (0.00s)
    --- PASS: TestEngineTeardownStateRaceRetainsAccounting/cold_boot_timeout/running (0.00s)
    --- PASS: TestEngineTeardownStateRaceRetainsAccounting/cold_boot_timeout/waking (0.00s)
    --- PASS: TestEngineTeardownStateRaceRetainsAccounting/cold_boot_timeout/snapshotting (0.00s)
    --- PASS: TestEngineTeardownStateRaceRetainsAccounting/cold_boot_timeout/draining (0.00s)
    --- PASS: TestEngineTeardownStateRaceRetainsAccounting/snapshot_timeout/running (0.00s)
    --- PASS: TestEngineTeardownStateRaceRetainsAccounting/snapshot_timeout/waking (0.00s)
    --- PASS: TestEngineTeardownStateRaceRetainsAccounting/snapshot_timeout/draining (0.00s)
PASS
ok  	github.com/onebox-faas/faas/pkg/sched	1.263s
=== RUN   TestOutboxRetriesReplayAndCoalesces
--- PASS: TestOutboxRetriesReplayAndCoalesces (0.05s)
=== RUN   TestOutboxProcessRestart
--- PASS: TestOutboxProcessRestart (1.02s)
=== RUN   TestOutboxPersistenceFailureRetainsAndRetriesBeforeDelivery
--- PASS: TestOutboxPersistenceFailureRetainsAndRetriesBeforeDelivery (0.01s)
=== RUN   TestOutboxBoundsWorkersAndCancelsWithPendingReports
--- PASS: TestOutboxBoundsWorkersAndCancelsWithPendingReports (0.01s)
=== RUN   TestOutboxRejectsCorruptSpoolAndConcurrentOwner
--- PASS: TestOutboxRejectsCorruptSpoolAndConcurrentOwner (0.00s)
PASS
ok  	github.com/onebox-faas/faas/pkg/vmmd/failureoutbox	2.098s
=== RUN   TestReportLivenessFailed_RelaysHostedForeignInstance
=== RUN   TestReportLivenessFailed_RelaysHostedForeignInstance/hosted_here,_owned_by_peer
=== RUN   TestReportLivenessFailed_RelaysHostedForeignInstance/hosted_on_another_node
=== RUN   TestReportLivenessFailed_RelaysHostedForeignInstance/no_relay_wired
=== RUN   TestReportLivenessFailed_RelaysHostedForeignInstance/relay_publish_fails
2026/10/02 08:53:07 WARN schedd: relay foreign instance failure instance=ins-1 kind=liveness err="pg down"
--- PASS: TestReportLivenessFailed_RelaysHostedForeignInstance (0.07s)
    --- PASS: TestReportLivenessFailed_RelaysHostedForeignInstance/hosted_here,_owned_by_peer (0.02s)
    --- PASS: TestReportLivenessFailed_RelaysHostedForeignInstance/hosted_on_another_node (0.02s)
    --- PASS: TestReportLivenessFailed_RelaysHostedForeignInstance/no_relay_wired (0.01s)
    --- PASS: TestReportLivenessFailed_RelaysHostedForeignInstance/relay_publish_fails (0.01s)
=== RUN   TestReportWorkloadOOM_RelaysHostedForeignInstance
--- PASS: TestReportWorkloadOOM_RelaysHostedForeignInstance (0.02s)
=== RUN   TestFailureReportAckRequiresColdOutcome
=== RUN   TestFailureReportAckRequiresColdOutcome/running
=== RUN   TestFailureReportAckRequiresColdOutcome/waking
=== RUN   TestFailureReportAckRequiresColdOutcome/cold_booting
=== RUN   TestFailureReportAckRequiresColdOutcome/snapshotting
=== RUN   TestFailureReportAckRequiresColdOutcome/migrating
=== RUN   TestFailureReportAckRequiresColdOutcome/warm
=== RUN   TestFailureReportAckRequiresColdOutcome/draining
=== RUN   TestFailureReportAckRequiresColdOutcome/evicting_account_deleting
=== RUN   TestFailureReportAckRequiresColdOutcome/stopped
=== RUN   TestFailureReportAckRequiresColdOutcome/parked
=== RUN   TestFailureReportAckRequiresColdOutcome/failed
--- PASS: TestFailureReportAckRequiresColdOutcome (0.16s)
    --- PASS: TestFailureReportAckRequiresColdOutcome/running (0.01s)
    --- PASS: TestFailureReportAckRequiresColdOutcome/waking (0.02s)
    --- PASS: TestFailureReportAckRequiresColdOutcome/cold_booting (0.01s)
    --- PASS: TestFailureReportAckRequiresColdOutcome/snapshotting (0.01s)
    --- PASS: TestFailureReportAckRequiresColdOutcome/migrating (0.01s)
    --- PASS: TestFailureReportAckRequiresColdOutcome/warm (0.02s)
    --- PASS: TestFailureReportAckRequiresColdOutcome/draining (0.01s)
    --- PASS: TestFailureReportAckRequiresColdOutcome/evicting_account_deleting (0.02s)
    --- PASS: TestFailureReportAckRequiresColdOutcome/stopped (0.01s)
    --- PASS: TestFailureReportAckRequiresColdOutcome/parked (0.02s)
    --- PASS: TestFailureReportAckRequiresColdOutcome/failed (0.01s)
=== RUN   TestFailureReportHostedRelayAcknowledgesAfterOwnerApplies
--- PASS: TestFailureReportHostedRelayAcknowledgesAfterOwnerApplies (0.01s)
=== RUN   TestReportLivenessFailed_HappyPath
=== PAUSE TestReportLivenessFailed_HappyPath
=== RUN   TestReportLivenessFailed_PropagatesReasonClosedSet
=== PAUSE TestReportLivenessFailed_PropagatesReasonClosedSet
=== RUN   TestReportLivenessFailed_AcceptsUnknownReason
=== PAUSE TestReportLivenessFailed_AcceptsUnknownReason
=== RUN   TestReportLivenessFailed_EngineErrNotFound
=== PAUSE TestReportLivenessFailed_EngineErrNotFound
=== RUN   TestReportLivenessFailed_EngineErrInternal
=== PAUSE TestReportLivenessFailed_EngineErrInternal
=== RUN   TestReportLivenessFailed_EmptyInstanceID
=== PAUSE TestReportLivenessFailed_EmptyInstanceID
=== RUN   TestReportWorkloadOOM_HappyPath
=== PAUSE TestReportWorkloadOOM_HappyPath
=== RUN   TestReportWorkloadOOM_ZeroPeak
=== PAUSE TestReportWorkloadOOM_ZeroPeak
=== RUN   TestReportWorkloadOOM_PlumbingSafeUnderConcurrentReports
=== PAUSE TestReportWorkloadOOM_PlumbingSafeUnderConcurrentReports
=== RUN   TestReportWorkloadOOM_EngineErrNotFound
=== PAUSE TestReportWorkloadOOM_EngineErrNotFound
=== RUN   TestReportWorkloadOOM_EngineErrInternal
=== PAUSE TestReportWorkloadOOM_EngineErrInternal
=== RUN   TestReportWorkloadOOM_ObservedPayloadFlowsVerbatim
=== PAUSE TestReportWorkloadOOM_ObservedPayloadFlowsVerbatim
=== CONT  TestReportLivenessFailed_HappyPath
=== CONT  TestReportLivenessFailed_EmptyInstanceID
=== CONT  TestReportWorkloadOOM_ObservedPayloadFlowsVerbatim
=== RUN   TestReportWorkloadOOM_ObservedPayloadFlowsVerbatim/hobby_plan_at_cap
=== PAUSE TestReportWorkloadOOM_ObservedPayloadFlowsVerbatim/hobby_plan_at_cap
=== RUN   TestReportWorkloadOOM_ObservedPayloadFlowsVerbatim/pro_plan_over
=== PAUSE TestReportWorkloadOOM_ObservedPayloadFlowsVerbatim/pro_plan_over
--- PASS: TestReportLivenessFailed_HappyPath (0.03s)
=== RUN   TestReportWorkloadOOM_ObservedPayloadFlowsVerbatim/free_plan_under
=== CONT  TestReportWorkloadOOM_EngineErrNotFound
--- PASS: TestReportLivenessFailed_EmptyInstanceID (0.03s)
=== PAUSE TestReportWorkloadOOM_ObservedPayloadFlowsVerbatim/free_plan_under
=== RUN   TestReportWorkloadOOM_ObservedPayloadFlowsVerbatim/peak_equals_cap
=== PAUSE TestReportWorkloadOOM_ObservedPayloadFlowsVerbatim/peak_equals_cap
=== CONT  TestReportWorkloadOOM_EngineErrInternal
--- PASS: TestReportWorkloadOOM_EngineErrNotFound (0.03s)
--- PASS: TestReportWorkloadOOM_EngineErrInternal (0.02s)
=== CONT  TestReportWorkloadOOM_ZeroPeak
=== CONT  TestReportWorkloadOOM_PlumbingSafeUnderConcurrentReports
--- PASS: TestReportWorkloadOOM_ZeroPeak (0.03s)
=== CONT  TestReportLivenessFailed_EngineErrNotFound
--- PASS: TestReportWorkloadOOM_PlumbingSafeUnderConcurrentReports (0.04s)
=== CONT  TestReportLivenessFailed_EngineErrInternal
--- PASS: TestReportLivenessFailed_EngineErrNotFound (0.03s)
=== CONT  TestReportWorkloadOOM_HappyPath
--- PASS: TestReportLivenessFailed_EngineErrInternal (0.03s)
=== CONT  TestReportLivenessFailed_AcceptsUnknownReason
--- PASS: TestReportWorkloadOOM_HappyPath (0.04s)
=== CONT  TestReportLivenessFailed_PropagatesReasonClosedSet
=== RUN   TestReportLivenessFailed_PropagatesReasonClosedSet/liveness_timeout
=== PAUSE TestReportLivenessFailed_PropagatesReasonClosedSet/liveness_timeout
=== RUN   TestReportLivenessFailed_PropagatesReasonClosedSet/liveness_conn_refused
=== PAUSE TestReportLivenessFailed_PropagatesReasonClosedSet/liveness_conn_refused
=== RUN   TestReportLivenessFailed_PropagatesReasonClosedSet/liveness_conn_err
=== PAUSE TestReportLivenessFailed_PropagatesReasonClosedSet/liveness_conn_err
=== RUN   TestReportLivenessFailed_PropagatesReasonClosedSet/liveness_non_200
=== PAUSE TestReportLivenessFailed_PropagatesReasonClosedSet/liveness_non_200
=== RUN   TestReportLivenessFailed_PropagatesReasonClosedSet/liveness_n_consecutive
=== PAUSE TestReportLivenessFailed_PropagatesReasonClosedSet/liveness_n_consecutive
=== RUN   TestReportLivenessFailed_PropagatesReasonClosedSet/liveness_infrastructure
=== PAUSE TestReportLivenessFailed_PropagatesReasonClosedSet/liveness_infrastructure
=== RUN   TestReportLivenessFailed_PropagatesReasonClosedSet/liveness_process_exited
=== PAUSE TestReportLivenessFailed_PropagatesReasonClosedSet/liveness_process_exited
=== CONT  TestReportWorkloadOOM_ObservedPayloadFlowsVerbatim/hobby_plan_at_cap
--- PASS: TestReportLivenessFailed_AcceptsUnknownReason (0.04s)
=== CONT  TestReportWorkloadOOM_ObservedPayloadFlowsVerbatim/peak_equals_cap
=== CONT  TestReportWorkloadOOM_ObservedPayloadFlowsVerbatim/free_plan_under
=== CONT  TestReportWorkloadOOM_ObservedPayloadFlowsVerbatim/pro_plan_over
=== CONT  TestReportLivenessFailed_PropagatesReasonClosedSet/liveness_conn_refused
--- PASS: TestReportWorkloadOOM_ObservedPayloadFlowsVerbatim (0.00s)
    --- PASS: TestReportWorkloadOOM_ObservedPayloadFlowsVerbatim/hobby_plan_at_cap (0.02s)
    --- PASS: TestReportWorkloadOOM_ObservedPayloadFlowsVerbatim/peak_equals_cap (0.02s)
    --- PASS: TestReportWorkloadOOM_ObservedPayloadFlowsVerbatim/pro_plan_over (0.02s)
    --- PASS: TestReportWorkloadOOM_ObservedPayloadFlowsVerbatim/free_plan_under (0.03s)
=== CONT  TestReportLivenessFailed_PropagatesReasonClosedSet/liveness_process_exited
=== CONT  TestReportLivenessFailed_PropagatesReasonClosedSet/liveness_timeout
=== CONT  TestReportLivenessFailed_PropagatesReasonClosedSet/liveness_infrastructure
=== CONT  TestReportLivenessFailed_PropagatesReasonClosedSet/liveness_non_200
=== CONT  TestReportLivenessFailed_PropagatesReasonClosedSet/liveness_conn_err
=== CONT  TestReportLivenessFailed_PropagatesReasonClosedSet/liveness_n_consecutive
--- PASS: TestReportLivenessFailed_PropagatesReasonClosedSet (0.00s)
    --- PASS: TestReportLivenessFailed_PropagatesReasonClosedSet/liveness_conn_refused (0.02s)
    --- PASS: TestReportLivenessFailed_PropagatesReasonClosedSet/liveness_process_exited (0.02s)
    --- PASS: TestReportLivenessFailed_PropagatesReasonClosedSet/liveness_infrastructure (0.03s)
    --- PASS: TestReportLivenessFailed_PropagatesReasonClosedSet/liveness_timeout (0.03s)
    --- PASS: TestReportLivenessFailed_PropagatesReasonClosedSet/liveness_non_200 (0.04s)
    --- PASS: TestReportLivenessFailed_PropagatesReasonClosedSet/liveness_conn_err (0.04s)
    --- PASS: TestReportLivenessFailed_PropagatesReasonClosedSet/liveness_n_consecutive (0.03s)
PASS
ok  	github.com/onebox-faas/faas/pkg/scheddgrpc	1.688s
# github.com/onebox-faas/faas/cmd/vmmd [github.com/onebox-faas/faas/cmd/vmmd.test]
cmd/vmmd/workload_oom_metal_test.go:109:2: declared and not used: ctx
FAIL	github.com/onebox-faas/faas/cmd/vmmd [build failed]
FAIL
make: *** [Makefile:413: test-metal] Error 1
leakcheck OK — no leaked netns/taps/jails/cgroups/processes/mounts
diagnostic exit: metal=2
make: Entering directory '/var/tmp/faas-metal-smoke-managed-pg-failure-reports-d598bb27/source'
leakcheck OK — no leaked netns/taps/jails/cgroups/processes/mounts
make: Leaving directory '/var/tmp/faas-metal-smoke-managed-pg-failure-reports-d598bb27/source'
