=== RUN   TestFailureReportOwnershipRequiresResourceIdentity
--- PASS: TestFailureReportOwnershipRequiresResourceIdentity (0.00s)
=== RUN   TestMetalTeardownRetainsOwnershipUntilConfirmed
--- PASS: TestMetalTeardownRetainsOwnershipUntilConfirmed (1.02s)
=== RUN   TestReportLivenessFailedDetachesRelayContext
--- PASS: TestReportLivenessFailedDetachesRelayContext (0.00s)
=== RUN   TestMetalFailureOutboxRetriesConfirmedTeardown
=== RUN   TestMetalFailureOutboxRetriesConfirmedTeardown/liveness
2026/10/02 09:16:18 WARN vmmd: failure report pending instance_id=a4299978409bd3ff3f2db841775d5742 kind=liveness attempt=1 retry_delay=1.206054687s err="rpc error: code = Internal desc = sched: liveness: destroy instance a4299978409bd3ff3f2db841775d5742: injected unconfirmed scheduler stop"
2026/10/02 09:16:19 WARN vmmd: failure report pending instance_id=a4299978409bd3ff3f2db841775d5742 kind=liveness attempt=2 retry_delay=2.412109375s err="rpc error: code = Internal desc = sched: liveness: destroy instance a4299978409bd3ff3f2db841775d5742: injected unconfirmed scheduler stop"
2026/10/02 09:16:19 INFO vmmd: failure report acknowledged instance_id=a4299978409bd3ff3f2db841775d5742 kind=liveness
=== RUN   TestMetalFailureOutboxRetriesConfirmedTeardown/workload_oom
2026/10/02 09:16:20 WARN vmmd: failure report pending instance_id=6ce58cc0012f6a824ae76dd7e6631438 kind=workload_oom attempt=1 retry_delay=1.143554687s err="rpc error: code = Internal desc = sched: workload_oom: destroy instance 6ce58cc0012f6a824ae76dd7e6631438: injected unconfirmed scheduler stop"
2026/10/02 09:16:22 WARN vmmd: failure report pending instance_id=6ce58cc0012f6a824ae76dd7e6631438 kind=workload_oom attempt=2 retry_delay=2.287109375s err="rpc error: code = Internal desc = sched: workload_oom: destroy instance 6ce58cc0012f6a824ae76dd7e6631438: injected unconfirmed scheduler stop"
2026/10/02 09:16:22 INFO vmmd: failure report acknowledged instance_id=6ce58cc0012f6a824ae76dd7e6631438 kind=workload_oom
--- PASS: TestMetalFailureOutboxRetriesConfirmedTeardown (5.03s)
    --- PASS: TestMetalFailureOutboxRetriesConfirmedTeardown/liveness (2.51s)
    --- PASS: TestMetalFailureOutboxRetriesConfirmedTeardown/workload_oom (2.52s)
=== RUN   TestMetalSchedulerRetainsAccountingUntilConfirmedTeardown
=== RUN   TestMetalSchedulerRetainsAccountingUntilConfirmedTeardown/liveness
=== RUN   TestMetalSchedulerRetainsAccountingUntilConfirmedTeardown/workload_oom
=== RUN   TestMetalSchedulerRetainsAccountingUntilConfirmedTeardown/force_restart
=== RUN   TestMetalSchedulerRetainsAccountingUntilConfirmedTeardown/cold_boot_timeout
--- PASS: TestMetalSchedulerRetainsAccountingUntilConfirmedTeardown (3.84s)
    --- PASS: TestMetalSchedulerRetainsAccountingUntilConfirmedTeardown/liveness (0.95s)
    --- PASS: TestMetalSchedulerRetainsAccountingUntilConfirmedTeardown/workload_oom (0.93s)
    --- PASS: TestMetalSchedulerRetainsAccountingUntilConfirmedTeardown/force_restart (1.00s)
    --- PASS: TestMetalSchedulerRetainsAccountingUntilConfirmedTeardown/cold_boot_timeout (0.96s)
PASS
ok  	github.com/onebox-faas/faas/pkg/fcvm	10.995s
=== RUN   TestLiveness_DestroyTimeoutDoesNotAdvanceBudget
--- PASS: TestLiveness_DestroyTimeoutDoesNotAdvanceBudget (0.00s)
=== RUN   TestEngineTeardownRetainsAccountingUntilConfirmed
=== RUN   TestEngineTeardownRetainsAccountingUntilConfirmed/liveness
=== RUN   TestEngineTeardownRetainsAccountingUntilConfirmed/workload_oom
=== RUN   TestEngineTeardownRetainsAccountingUntilConfirmed/force_restart
=== RUN   TestEngineTeardownRetainsAccountingUntilConfirmed/disk_pressure
=== RUN   TestEngineTeardownRetainsAccountingUntilConfirmed/egress_abuse
=== RUN   TestEngineTeardownRetainsAccountingUntilConfirmed/waking_timeout
=== RUN   TestEngineTeardownRetainsAccountingUntilConfirmed/cold_boot_timeout
=== RUN   TestEngineTeardownRetainsAccountingUntilConfirmed/snapshot_timeout
--- PASS: TestEngineTeardownRetainsAccountingUntilConfirmed (0.13s)
    --- PASS: TestEngineTeardownRetainsAccountingUntilConfirmed/liveness (0.02s)
    --- PASS: TestEngineTeardownRetainsAccountingUntilConfirmed/workload_oom (0.02s)
    --- PASS: TestEngineTeardownRetainsAccountingUntilConfirmed/force_restart (0.02s)
    --- PASS: TestEngineTeardownRetainsAccountingUntilConfirmed/disk_pressure (0.02s)
    --- PASS: TestEngineTeardownRetainsAccountingUntilConfirmed/egress_abuse (0.01s)
    --- PASS: TestEngineTeardownRetainsAccountingUntilConfirmed/waking_timeout (0.02s)
    --- PASS: TestEngineTeardownRetainsAccountingUntilConfirmed/cold_boot_timeout (0.01s)
    --- PASS: TestEngineTeardownRetainsAccountingUntilConfirmed/snapshot_timeout (0.02s)
=== RUN   TestEngineTeardownReadFailureRetainsAccounting
=== RUN   TestEngineTeardownReadFailureRetainsAccounting/liveness/state:_not_found/1
=== RUN   TestEngineTeardownReadFailureRetainsAccounting/liveness/database_unavailable/1
=== RUN   TestEngineTeardownReadFailureRetainsAccounting/liveness/state:_not_found/2
=== RUN   TestEngineTeardownReadFailureRetainsAccounting/liveness/database_unavailable/2
=== RUN   TestEngineTeardownReadFailureRetainsAccounting/workload_oom/state:_not_found/1
=== RUN   TestEngineTeardownReadFailureRetainsAccounting/workload_oom/database_unavailable/1
=== RUN   TestEngineTeardownReadFailureRetainsAccounting/workload_oom/state:_not_found/2
=== RUN   TestEngineTeardownReadFailureRetainsAccounting/workload_oom/database_unavailable/2
=== RUN   TestEngineTeardownReadFailureRetainsAccounting/force_restart/state:_not_found/1
=== RUN   TestEngineTeardownReadFailureRetainsAccounting/force_restart/database_unavailable/1
=== RUN   TestEngineTeardownReadFailureRetainsAccounting/force_restart/state:_not_found/2
=== RUN   TestEngineTeardownReadFailureRetainsAccounting/force_restart/database_unavailable/2
=== RUN   TestEngineTeardownReadFailureRetainsAccounting/disk_pressure/state:_not_found/1
=== RUN   TestEngineTeardownReadFailureRetainsAccounting/disk_pressure/database_unavailable/1
=== RUN   TestEngineTeardownReadFailureRetainsAccounting/disk_pressure/state:_not_found/2
=== RUN   TestEngineTeardownReadFailureRetainsAccounting/disk_pressure/database_unavailable/2
=== RUN   TestEngineTeardownReadFailureRetainsAccounting/egress_abuse/state:_not_found/1
=== RUN   TestEngineTeardownReadFailureRetainsAccounting/egress_abuse/database_unavailable/1
=== RUN   TestEngineTeardownReadFailureRetainsAccounting/egress_abuse/state:_not_found/2
=== RUN   TestEngineTeardownReadFailureRetainsAccounting/egress_abuse/database_unavailable/2
=== RUN   TestEngineTeardownReadFailureRetainsAccounting/waking_timeout/state:_not_found/1
=== RUN   TestEngineTeardownReadFailureRetainsAccounting/waking_timeout/database_unavailable/1
=== RUN   TestEngineTeardownReadFailureRetainsAccounting/cold_boot_timeout/state:_not_found/1
=== RUN   TestEngineTeardownReadFailureRetainsAccounting/cold_boot_timeout/database_unavailable/1
=== RUN   TestEngineTeardownReadFailureRetainsAccounting/snapshot_timeout/state:_not_found/1
=== RUN   TestEngineTeardownReadFailureRetainsAccounting/snapshot_timeout/database_unavailable/1
--- PASS: TestEngineTeardownReadFailureRetainsAccounting (0.01s)
    --- PASS: TestEngineTeardownReadFailureRetainsAccounting/liveness/state:_not_found/1 (0.00s)
    --- PASS: TestEngineTeardownReadFailureRetainsAccounting/liveness/database_unavailable/1 (0.00s)
    --- PASS: TestEngineTeardownReadFailureRetainsAccounting/liveness/state:_not_found/2 (0.00s)
    --- PASS: TestEngineTeardownReadFailureRetainsAccounting/liveness/database_unavailable/2 (0.00s)
    --- PASS: TestEngineTeardownReadFailureRetainsAccounting/workload_oom/state:_not_found/1 (0.00s)
    --- PASS: TestEngineTeardownReadFailureRetainsAccounting/workload_oom/database_unavailable/1 (0.00s)
    --- PASS: TestEngineTeardownReadFailureRetainsAccounting/workload_oom/state:_not_found/2 (0.00s)
    --- PASS: TestEngineTeardownReadFailureRetainsAccounting/workload_oom/database_unavailable/2 (0.00s)
    --- PASS: TestEngineTeardownReadFailureRetainsAccounting/force_restart/state:_not_found/1 (0.00s)
    --- PASS: TestEngineTeardownReadFailureRetainsAccounting/force_restart/database_unavailable/1 (0.00s)
    --- PASS: TestEngineTeardownReadFailureRetainsAccounting/force_restart/state:_not_found/2 (0.00s)
    --- PASS: TestEngineTeardownReadFailureRetainsAccounting/force_restart/database_unavailable/2 (0.00s)
    --- PASS: TestEngineTeardownReadFailureRetainsAccounting/disk_pressure/state:_not_found/1 (0.00s)
    --- PASS: TestEngineTeardownReadFailureRetainsAccounting/disk_pressure/database_unavailable/1 (0.00s)
    --- PASS: TestEngineTeardownReadFailureRetainsAccounting/disk_pressure/state:_not_found/2 (0.00s)
    --- PASS: TestEngineTeardownReadFailureRetainsAccounting/disk_pressure/database_unavailable/2 (0.00s)
    --- PASS: TestEngineTeardownReadFailureRetainsAccounting/egress_abuse/state:_not_found/1 (0.00s)
    --- PASS: TestEngineTeardownReadFailureRetainsAccounting/egress_abuse/database_unavailable/1 (0.00s)
    --- PASS: TestEngineTeardownReadFailureRetainsAccounting/egress_abuse/state:_not_found/2 (0.00s)
    --- PASS: TestEngineTeardownReadFailureRetainsAccounting/egress_abuse/database_unavailable/2 (0.00s)
    --- PASS: TestEngineTeardownReadFailureRetainsAccounting/waking_timeout/state:_not_found/1 (0.00s)
    --- PASS: TestEngineTeardownReadFailureRetainsAccounting/waking_timeout/database_unavailable/1 (0.00s)
    --- PASS: TestEngineTeardownReadFailureRetainsAccounting/cold_boot_timeout/state:_not_found/1 (0.00s)
    --- PASS: TestEngineTeardownReadFailureRetainsAccounting/cold_boot_timeout/database_unavailable/1 (0.00s)
    --- PASS: TestEngineTeardownReadFailureRetainsAccounting/snapshot_timeout/state:_not_found/1 (0.00s)
    --- PASS: TestEngineTeardownReadFailureRetainsAccounting/snapshot_timeout/database_unavailable/1 (0.00s)
=== RUN   TestEngineTeardownStateRaceRetainsAccounting
=== RUN   TestEngineTeardownStateRaceRetainsAccounting/liveness/waking
=== RUN   TestEngineTeardownStateRaceRetainsAccounting/liveness/snapshotting
=== RUN   TestEngineTeardownStateRaceRetainsAccounting/liveness/draining
=== RUN   TestEngineTeardownStateRaceRetainsAccounting/workload_oom/waking
=== RUN   TestEngineTeardownStateRaceRetainsAccounting/workload_oom/snapshotting
=== RUN   TestEngineTeardownStateRaceRetainsAccounting/workload_oom/draining
=== RUN   TestEngineTeardownStateRaceRetainsAccounting/force_restart/waking
=== RUN   TestEngineTeardownStateRaceRetainsAccounting/force_restart/snapshotting
=== RUN   TestEngineTeardownStateRaceRetainsAccounting/force_restart/draining
=== RUN   TestEngineTeardownStateRaceRetainsAccounting/disk_pressure/waking
=== RUN   TestEngineTeardownStateRaceRetainsAccounting/disk_pressure/snapshotting
=== RUN   TestEngineTeardownStateRaceRetainsAccounting/disk_pressure/draining
=== RUN   TestEngineTeardownStateRaceRetainsAccounting/egress_abuse/waking
=== RUN   TestEngineTeardownStateRaceRetainsAccounting/egress_abuse/snapshotting
=== RUN   TestEngineTeardownStateRaceRetainsAccounting/egress_abuse/draining
=== RUN   TestEngineTeardownStateRaceRetainsAccounting/waking_timeout/running
=== RUN   TestEngineTeardownStateRaceRetainsAccounting/waking_timeout/snapshotting
=== RUN   TestEngineTeardownStateRaceRetainsAccounting/waking_timeout/draining
=== RUN   TestEngineTeardownStateRaceRetainsAccounting/cold_boot_timeout/running
=== RUN   TestEngineTeardownStateRaceRetainsAccounting/cold_boot_timeout/waking
=== RUN   TestEngineTeardownStateRaceRetainsAccounting/cold_boot_timeout/snapshotting
=== RUN   TestEngineTeardownStateRaceRetainsAccounting/cold_boot_timeout/draining
=== RUN   TestEngineTeardownStateRaceRetainsAccounting/snapshot_timeout/running
=== RUN   TestEngineTeardownStateRaceRetainsAccounting/snapshot_timeout/waking
=== RUN   TestEngineTeardownStateRaceRetainsAccounting/snapshot_timeout/draining
--- PASS: TestEngineTeardownStateRaceRetainsAccounting (0.01s)
    --- PASS: TestEngineTeardownStateRaceRetainsAccounting/liveness/waking (0.00s)
    --- PASS: TestEngineTeardownStateRaceRetainsAccounting/liveness/snapshotting (0.00s)
    --- PASS: TestEngineTeardownStateRaceRetainsAccounting/liveness/draining (0.00s)
    --- PASS: TestEngineTeardownStateRaceRetainsAccounting/workload_oom/waking (0.00s)
    --- PASS: TestEngineTeardownStateRaceRetainsAccounting/workload_oom/snapshotting (0.00s)
    --- PASS: TestEngineTeardownStateRaceRetainsAccounting/workload_oom/draining (0.00s)
    --- PASS: TestEngineTeardownStateRaceRetainsAccounting/force_restart/waking (0.00s)
    --- PASS: TestEngineTeardownStateRaceRetainsAccounting/force_restart/snapshotting (0.00s)
    --- PASS: TestEngineTeardownStateRaceRetainsAccounting/force_restart/draining (0.00s)
    --- PASS: TestEngineTeardownStateRaceRetainsAccounting/disk_pressure/waking (0.00s)
    --- PASS: TestEngineTeardownStateRaceRetainsAccounting/disk_pressure/snapshotting (0.00s)
    --- PASS: TestEngineTeardownStateRaceRetainsAccounting/disk_pressure/draining (0.00s)
    --- PASS: TestEngineTeardownStateRaceRetainsAccounting/egress_abuse/waking (0.00s)
    --- PASS: TestEngineTeardownStateRaceRetainsAccounting/egress_abuse/snapshotting (0.00s)
    --- PASS: TestEngineTeardownStateRaceRetainsAccounting/egress_abuse/draining (0.00s)
    --- PASS: TestEngineTeardownStateRaceRetainsAccounting/waking_timeout/running (0.00s)
    --- PASS: TestEngineTeardownStateRaceRetainsAccounting/waking_timeout/snapshotting (0.00s)
    --- PASS: TestEngineTeardownStateRaceRetainsAccounting/waking_timeout/draining (0.00s)
    --- PASS: TestEngineTeardownStateRaceRetainsAccounting/cold_boot_timeout/running (0.00s)
    --- PASS: TestEngineTeardownStateRaceRetainsAccounting/cold_boot_timeout/waking (0.00s)
    --- PASS: TestEngineTeardownStateRaceRetainsAccounting/cold_boot_timeout/snapshotting (0.00s)
    --- PASS: TestEngineTeardownStateRaceRetainsAccounting/cold_boot_timeout/draining (0.00s)
    --- PASS: TestEngineTeardownStateRaceRetainsAccounting/snapshot_timeout/running (0.00s)
    --- PASS: TestEngineTeardownStateRaceRetainsAccounting/snapshot_timeout/waking (0.00s)
    --- PASS: TestEngineTeardownStateRaceRetainsAccounting/snapshot_timeout/draining (0.00s)
=== RUN   TestFailureReportSourceRefusesMovedInstance
=== RUN   TestFailureReportSourceRefusesMovedInstance/liveness
=== RUN   TestFailureReportSourceRefusesMovedInstance/workload_oom
--- PASS: TestFailureReportSourceRefusesMovedInstance (0.00s)
    --- PASS: TestFailureReportSourceRefusesMovedInstance/liveness (0.00s)
    --- PASS: TestFailureReportSourceRefusesMovedInstance/workload_oom (0.00s)
PASS
ok  	github.com/onebox-faas/faas/pkg/sched	1.270s
=== RUN   TestOutboxRetriesReplayAndCoalesces
--- PASS: TestOutboxRetriesReplayAndCoalesces (0.05s)
=== RUN   TestOutboxProcessRestart
--- PASS: TestOutboxProcessRestart (1.02s)
=== RUN   TestOutboxPersistenceFailureRetainsAndRetriesBeforeDelivery
--- PASS: TestOutboxPersistenceFailureRetainsAndRetriesBeforeDelivery (0.01s)
=== RUN   TestOutboxBoundsWorkersAndCancelsWithPendingReports
--- PASS: TestOutboxBoundsWorkersAndCancelsWithPendingReports (0.01s)
=== RUN   TestOutboxRejectsCorruptSpoolAndConcurrentOwner
--- PASS: TestOutboxRejectsCorruptSpoolAndConcurrentOwner (0.00s)
PASS
ok  	github.com/onebox-faas/faas/pkg/vmmd/failureoutbox	2.102s
=== RUN   TestReportLivenessFailed_RelaysHostedForeignInstance
=== RUN   TestReportLivenessFailed_RelaysHostedForeignInstance/hosted_here,_owned_by_peer
=== RUN   TestReportLivenessFailed_RelaysHostedForeignInstance/hosted_on_another_node
=== RUN   TestReportLivenessFailed_RelaysHostedForeignInstance/no_relay_wired
=== RUN   TestReportLivenessFailed_RelaysHostedForeignInstance/relay_publish_fails
2026/10/02 09:17:50 WARN schedd: relay foreign instance failure instance=ins-1 kind=liveness err="pg down"
--- PASS: TestReportLivenessFailed_RelaysHostedForeignInstance (0.07s)
    --- PASS: TestReportLivenessFailed_RelaysHostedForeignInstance/hosted_here,_owned_by_peer (0.02s)
    --- PASS: TestReportLivenessFailed_RelaysHostedForeignInstance/hosted_on_another_node (0.02s)
    --- PASS: TestReportLivenessFailed_RelaysHostedForeignInstance/no_relay_wired (0.02s)
    --- PASS: TestReportLivenessFailed_RelaysHostedForeignInstance/relay_publish_fails (0.02s)
=== RUN   TestReportWorkloadOOM_RelaysHostedForeignInstance
--- PASS: TestReportWorkloadOOM_RelaysHostedForeignInstance (0.02s)
=== RUN   TestFailureReportAckRequiresColdOutcome
=== RUN   TestFailureReportAckRequiresColdOutcome/running
=== RUN   TestFailureReportAckRequiresColdOutcome/waking
=== RUN   TestFailureReportAckRequiresColdOutcome/cold_booting
=== RUN   TestFailureReportAckRequiresColdOutcome/snapshotting
=== RUN   TestFailureReportAckRequiresColdOutcome/migrating
=== RUN   TestFailureReportAckRequiresColdOutcome/warm
=== RUN   TestFailureReportAckRequiresColdOutcome/draining
=== RUN   TestFailureReportAckRequiresColdOutcome/evicting_account_deleting
=== RUN   TestFailureReportAckRequiresColdOutcome/stopped
=== RUN   TestFailureReportAckRequiresColdOutcome/parked
=== RUN   TestFailureReportAckRequiresColdOutcome/failed
--- PASS: TestFailureReportAckRequiresColdOutcome (0.16s)
    --- PASS: TestFailureReportAckRequiresColdOutcome/running (0.01s)
    --- PASS: TestFailureReportAckRequiresColdOutcome/waking (0.02s)
    --- PASS: TestFailureReportAckRequiresColdOutcome/cold_booting (0.01s)
    --- PASS: TestFailureReportAckRequiresColdOutcome/snapshotting (0.02s)
    --- PASS: TestFailureReportAckRequiresColdOutcome/migrating (0.01s)
    --- PASS: TestFailureReportAckRequiresColdOutcome/warm (0.02s)
    --- PASS: TestFailureReportAckRequiresColdOutcome/draining (0.01s)
    --- PASS: TestFailureReportAckRequiresColdOutcome/evicting_account_deleting (0.02s)
    --- PASS: TestFailureReportAckRequiresColdOutcome/stopped (0.01s)
    --- PASS: TestFailureReportAckRequiresColdOutcome/parked (0.01s)
    --- PASS: TestFailureReportAckRequiresColdOutcome/failed (0.01s)
=== RUN   TestFailureReportHostedRelayAcknowledgesAfterOwnerApplies
--- PASS: TestFailureReportHostedRelayAcknowledgesAfterOwnerApplies (0.02s)
=== RUN   TestReportLivenessFailed_HappyPath
=== PAUSE TestReportLivenessFailed_HappyPath
=== RUN   TestReportLivenessFailed_PropagatesReasonClosedSet
=== PAUSE TestReportLivenessFailed_PropagatesReasonClosedSet
=== RUN   TestReportLivenessFailed_AcceptsUnknownReason
=== PAUSE TestReportLivenessFailed_AcceptsUnknownReason
=== RUN   TestReportLivenessFailed_EngineErrNotFound
=== PAUSE TestReportLivenessFailed_EngineErrNotFound
=== RUN   TestReportLivenessFailed_EngineErrInternal
=== PAUSE TestReportLivenessFailed_EngineErrInternal
=== RUN   TestReportLivenessFailed_EmptyInstanceID
=== PAUSE TestReportLivenessFailed_EmptyInstanceID
=== RUN   TestReportWorkloadOOM_HappyPath
=== PAUSE TestReportWorkloadOOM_HappyPath
=== RUN   TestReportWorkloadOOM_ZeroPeak
=== PAUSE TestReportWorkloadOOM_ZeroPeak
=== RUN   TestReportWorkloadOOM_PlumbingSafeUnderConcurrentReports
=== PAUSE TestReportWorkloadOOM_PlumbingSafeUnderConcurrentReports
=== RUN   TestReportWorkloadOOM_EngineErrNotFound
=== PAUSE TestReportWorkloadOOM_EngineErrNotFound
=== RUN   TestReportWorkloadOOM_EngineErrInternal
=== PAUSE TestReportWorkloadOOM_EngineErrInternal
=== RUN   TestReportWorkloadOOM_ObservedPayloadFlowsVerbatim
=== PAUSE TestReportWorkloadOOM_ObservedPayloadFlowsVerbatim
=== CONT  TestReportLivenessFailed_PropagatesReasonClosedSet
=== RUN   TestReportLivenessFailed_PropagatesReasonClosedSet/liveness_timeout
=== PAUSE TestReportLivenessFailed_PropagatesReasonClosedSet/liveness_timeout
=== CONT  TestReportLivenessFailed_EmptyInstanceID
=== RUN   TestReportLivenessFailed_PropagatesReasonClosedSet/liveness_conn_refused
=== PAUSE TestReportLivenessFailed_PropagatesReasonClosedSet/liveness_conn_refused
=== RUN   TestReportLivenessFailed_PropagatesReasonClosedSet/liveness_conn_err
=== PAUSE TestReportLivenessFailed_PropagatesReasonClosedSet/liveness_conn_err
=== RUN   TestReportLivenessFailed_PropagatesReasonClosedSet/liveness_non_200
=== PAUSE TestReportLivenessFailed_PropagatesReasonClosedSet/liveness_non_200
=== RUN   TestReportLivenessFailed_PropagatesReasonClosedSet/liveness_n_consecutive
=== PAUSE TestReportLivenessFailed_PropagatesReasonClosedSet/liveness_n_consecutive
=== RUN   TestReportLivenessFailed_PropagatesReasonClosedSet/liveness_infrastructure
=== PAUSE TestReportLivenessFailed_PropagatesReasonClosedSet/liveness_infrastructure
=== RUN   TestReportLivenessFailed_PropagatesReasonClosedSet/liveness_process_exited
=== PAUSE TestReportLivenessFailed_PropagatesReasonClosedSet/liveness_process_exited
=== CONT  TestReportWorkloadOOM_ObservedPayloadFlowsVerbatim
=== RUN   TestReportWorkloadOOM_ObservedPayloadFlowsVerbatim/hobby_plan_at_cap
=== PAUSE TestReportWorkloadOOM_ObservedPayloadFlowsVerbatim/hobby_plan_at_cap
=== RUN   TestReportWorkloadOOM_ObservedPayloadFlowsVerbatim/pro_plan_over
=== PAUSE TestReportWorkloadOOM_ObservedPayloadFlowsVerbatim/pro_plan_over
=== RUN   TestReportWorkloadOOM_ObservedPayloadFlowsVerbatim/free_plan_under
=== PAUSE TestReportWorkloadOOM_ObservedPayloadFlowsVerbatim/free_plan_under
=== RUN   TestReportWorkloadOOM_ObservedPayloadFlowsVerbatim/peak_equals_cap
=== PAUSE TestReportWorkloadOOM_ObservedPayloadFlowsVerbatim/peak_equals_cap
=== CONT  TestReportWorkloadOOM_EngineErrInternal
--- PASS: TestReportLivenessFailed_EmptyInstanceID (0.04s)
=== CONT  TestReportWorkloadOOM_PlumbingSafeUnderConcurrentReports
--- PASS: TestReportWorkloadOOM_EngineErrInternal (0.03s)
=== CONT  TestReportWorkloadOOM_EngineErrNotFound
--- PASS: TestReportWorkloadOOM_EngineErrNotFound (0.03s)
=== CONT  TestReportWorkloadOOM_ZeroPeak
--- PASS: TestReportWorkloadOOM_PlumbingSafeUnderConcurrentReports (0.03s)
=== CONT  TestReportLivenessFailed_AcceptsUnknownReason
--- PASS: TestReportWorkloadOOM_ZeroPeak (0.04s)
=== CONT  TestReportLivenessFailed_EngineErrInternal
--- PASS: TestReportLivenessFailed_AcceptsUnknownReason (0.04s)
=== CONT  TestReportWorkloadOOM_HappyPath
--- PASS: TestReportLivenessFailed_EngineErrInternal (0.03s)
=== CONT  TestReportLivenessFailed_EngineErrNotFound
--- PASS: TestReportWorkloadOOM_HappyPath (0.03s)
=== CONT  TestReportLivenessFailed_HappyPath
--- PASS: TestReportLivenessFailed_EngineErrNotFound (0.03s)
=== CONT  TestReportLivenessFailed_PropagatesReasonClosedSet/liveness_conn_err
--- PASS: TestReportLivenessFailed_HappyPath (0.03s)
=== CONT  TestReportLivenessFailed_PropagatesReasonClosedSet/liveness_infrastructure
=== CONT  TestReportLivenessFailed_PropagatesReasonClosedSet/liveness_non_200
=== CONT  TestReportLivenessFailed_PropagatesReasonClosedSet/liveness_process_exited
=== CONT  TestReportLivenessFailed_PropagatesReasonClosedSet/liveness_n_consecutive
=== CONT  TestReportLivenessFailed_PropagatesReasonClosedSet/liveness_conn_refused
=== CONT  TestReportLivenessFailed_PropagatesReasonClosedSet/liveness_timeout
=== CONT  TestReportWorkloadOOM_ObservedPayloadFlowsVerbatim/hobby_plan_at_cap
--- PASS: TestReportLivenessFailed_PropagatesReasonClosedSet (0.00s)
    --- PASS: TestReportLivenessFailed_PropagatesReasonClosedSet/liveness_infrastructure (0.03s)
    --- PASS: TestReportLivenessFailed_PropagatesReasonClosedSet/liveness_conn_err (0.04s)
    --- PASS: TestReportLivenessFailed_PropagatesReasonClosedSet/liveness_non_200 (0.04s)
    --- PASS: TestReportLivenessFailed_PropagatesReasonClosedSet/liveness_process_exited (0.04s)
    --- PASS: TestReportLivenessFailed_PropagatesReasonClosedSet/liveness_n_consecutive (0.03s)
    --- PASS: TestReportLivenessFailed_PropagatesReasonClosedSet/liveness_conn_refused (0.03s)
    --- PASS: TestReportLivenessFailed_PropagatesReasonClosedSet/liveness_timeout (0.03s)
=== CONT  TestReportWorkloadOOM_ObservedPayloadFlowsVerbatim/free_plan_under
=== CONT  TestReportWorkloadOOM_ObservedPayloadFlowsVerbatim/peak_equals_cap
=== CONT  TestReportWorkloadOOM_ObservedPayloadFlowsVerbatim/pro_plan_over
--- PASS: TestReportWorkloadOOM_ObservedPayloadFlowsVerbatim (0.00s)
    --- PASS: TestReportWorkloadOOM_ObservedPayloadFlowsVerbatim/hobby_plan_at_cap (0.03s)
    --- PASS: TestReportWorkloadOOM_ObservedPayloadFlowsVerbatim/free_plan_under (0.03s)
    --- PASS: TestReportWorkloadOOM_ObservedPayloadFlowsVerbatim/peak_equals_cap (0.03s)
    --- PASS: TestReportWorkloadOOM_ObservedPayloadFlowsVerbatim/pro_plan_over (0.02s)
PASS
ok  	github.com/onebox-faas/faas/pkg/scheddgrpc	1.723s
=== RUN   TestFailureReportSenderRequiresAffirmativeAck
2026/10/02 09:18:06 WARN wire: unary gRPC call without deadline method=/onebox.faas.schedd.v1.Schedd/ReportLivenessFailed applied_default=1m0s
2026/10/02 09:18:06 WARN wire: unary gRPC call without deadline method=/onebox.faas.schedd.v1.Schedd/ReportLivenessFailed applied_default=1m0s
2026/10/02 09:18:06 WARN wire: unary gRPC call without deadline method=/onebox.faas.schedd.v1.Schedd/ReportLivenessFailed applied_default=1m0s
2026/10/02 09:18:06 WARN wire: unary gRPC call without deadline method=/onebox.faas.schedd.v1.Schedd/ReportWorkloadOOM applied_default=1m0s
2026/10/02 09:18:06 WARN wire: unary gRPC call without deadline method=/onebox.faas.schedd.v1.Schedd/ReportWorkloadOOM applied_default=1m0s
2026/10/02 09:18:06 WARN wire: unary gRPC call without deadline method=/onebox.faas.schedd.v1.Schedd/ReportWorkloadOOM applied_default=1m0s
--- PASS: TestFailureReportSenderRequiresAffirmativeAck (0.02s)
=== RUN   TestFailureReportWiringPersistsCanceledProducerContexts
--- PASS: TestFailureReportWiringPersistsCanceledProducerContexts (0.00s)
=== RUN   TestRecoveredFailureReportRequiresManagerOwnership
2026/10/02 09:18:06 WARN wire: unary gRPC call without deadline method=/onebox.faas.schedd.v1.Schedd/ReportLivenessFailed applied_default=1m0s
--- PASS: TestRecoveredFailureReportRequiresManagerOwnership (0.00s)
PASS
ok  	github.com/onebox-faas/faas/cmd/vmmd	1.133s
