=== RUN   TestFailureReportOwnershipRequiresResourceIdentity
--- PASS: TestFailureReportOwnershipRequiresResourceIdentity (0.00s)
=== RUN   TestMetalTeardownRetainsOwnershipUntilConfirmed
--- PASS: TestMetalTeardownRetainsOwnershipUntilConfirmed (1.10s)
=== RUN   TestMetalRestartQuarantineProtectsSurvivingGuest
=== RUN   TestMetalRestartQuarantineProtectsSurvivingGuest/uuid
=== RUN   TestMetalRestartQuarantineProtectsSurvivingGuest/builder_id
=== RUN   TestMetalRestartQuarantineProtectsSurvivingGuest/compact_id
--- PASS: TestMetalRestartQuarantineProtectsSurvivingGuest (5.93s)
    --- PASS: TestMetalRestartQuarantineProtectsSurvivingGuest/uuid (1.99s)
    --- PASS: TestMetalRestartQuarantineProtectsSurvivingGuest/builder_id (1.99s)
    --- PASS: TestMetalRestartQuarantineProtectsSurvivingGuest/compact_id (1.95s)
=== RUN   TestRestartQuarantineProtectsSurvivingIdentities
--- PASS: TestRestartQuarantineProtectsSurvivingIdentities (0.00s)
=== RUN   TestRestartQuarantineFailsClosedBeforeMutation
=== RUN   TestRestartQuarantineFailsClosedBeforeMutation/unknown_uid
=== RUN   TestRestartQuarantineFailsClosedBeforeMutation/unknown_id
=== RUN   TestRestartQuarantineFailsClosedBeforeMutation/unreadable_argv
=== RUN   TestRestartQuarantineFailsClosedBeforeMutation/missing_proc
=== RUN   TestRestartQuarantineFailsClosedBeforeMutation/missing_sysfs
=== RUN   TestRestartQuarantineFailsClosedBeforeMutation/cancelled
--- PASS: TestRestartQuarantineFailsClosedBeforeMutation (0.01s)
    --- PASS: TestRestartQuarantineFailsClosedBeforeMutation/unknown_uid (0.00s)
    --- PASS: TestRestartQuarantineFailsClosedBeforeMutation/unknown_id (0.00s)
    --- PASS: TestRestartQuarantineFailsClosedBeforeMutation/unreadable_argv (0.00s)
    --- PASS: TestRestartQuarantineFailsClosedBeforeMutation/missing_proc (0.00s)
    --- PASS: TestRestartQuarantineFailsClosedBeforeMutation/missing_sysfs (0.00s)
    --- PASS: TestRestartQuarantineFailsClosedBeforeMutation/cancelled (0.00s)
=== RUN   TestRestartQuarantineOnlyAtStartup
=== RUN   TestRestartQuarantineOnlyAtStartup/lease
=== RUN   TestRestartQuarantineOnlyAtStartup/prepared_reservation
=== RUN   TestRestartQuarantineOnlyAtStartup/boot
=== RUN   TestRestartQuarantineOnlyAtStartup/stop
=== RUN   TestRestartQuarantineOnlyAtStartup/already_scanned
--- PASS: TestRestartQuarantineOnlyAtStartup (0.01s)
    --- PASS: TestRestartQuarantineOnlyAtStartup/lease (0.00s)
    --- PASS: TestRestartQuarantineOnlyAtStartup/prepared_reservation (0.00s)
    --- PASS: TestRestartQuarantineOnlyAtStartup/boot (0.00s)
    --- PASS: TestRestartQuarantineOnlyAtStartup/stop (0.00s)
    --- PASS: TestRestartQuarantineOnlyAtStartup/already_scanned (0.00s)
=== RUN   TestRestartQuarantineAllowsUnusedNode
--- PASS: TestRestartQuarantineAllowsUnusedNode (0.00s)
=== RUN   TestRestartQuarantineRejectsAmbiguousIdentities
--- PASS: TestRestartQuarantineRejectsAmbiguousIdentities (0.00s)
=== RUN   TestRestartQuarantineCoversInternalGuestIDs
--- PASS: TestRestartQuarantineCoversInternalGuestIDs (0.00s)
=== RUN   TestMetalFailureOutboxRetriesConfirmedTeardown
=== RUN   TestMetalFailureOutboxRetriesConfirmedTeardown/liveness
2026/10/02 17:05:37 WARN vmmd: failure report pending instance_id=e0d5ae73f834c9660bd4e5f307bb62fd kind=liveness attempt=1 retry_delay=1.171875s err="rpc error: code = Internal desc = sched: liveness: destroy instance e0d5ae73f834c9660bd4e5f307bb62fd: injected unconfirmed scheduler stop"
2026/10/02 17:05:38 WARN vmmd: failure report pending instance_id=e0d5ae73f834c9660bd4e5f307bb62fd kind=liveness attempt=2 retry_delay=2.34375s err="rpc error: code = Internal desc = sched: liveness: destroy instance e0d5ae73f834c9660bd4e5f307bb62fd: injected unconfirmed scheduler stop"
2026/10/02 17:05:38 INFO vmmd: failure report acknowledged instance_id=e0d5ae73f834c9660bd4e5f307bb62fd kind=liveness
=== RUN   TestMetalFailureOutboxRetriesConfirmedTeardown/workload_oom
2026/10/02 17:05:39 WARN vmmd: failure report pending instance_id=46f3ce20c2d9fbb1797fbe90924c1570 kind=workload_oom attempt=1 retry_delay=1.157226562s err="rpc error: code = Internal desc = sched: workload_oom: destroy instance 46f3ce20c2d9fbb1797fbe90924c1570: injected unconfirmed scheduler stop"
2026/10/02 17:05:41 WARN vmmd: failure report pending instance_id=46f3ce20c2d9fbb1797fbe90924c1570 kind=workload_oom attempt=2 retry_delay=2.314453125s err="rpc error: code = Internal desc = sched: workload_oom: destroy instance 46f3ce20c2d9fbb1797fbe90924c1570: injected unconfirmed scheduler stop"
2026/10/02 17:05:41 INFO vmmd: failure report acknowledged instance_id=46f3ce20c2d9fbb1797fbe90924c1570 kind=workload_oom
--- PASS: TestMetalFailureOutboxRetriesConfirmedTeardown (5.02s)
    --- PASS: TestMetalFailureOutboxRetriesConfirmedTeardown/liveness (2.51s)
    --- PASS: TestMetalFailureOutboxRetriesConfirmedTeardown/workload_oom (2.52s)
PASS
ok  	github.com/onebox-faas/faas/pkg/fcvm	13.205s
=== RUN   TestFailureReportSenderRequiresAffirmativeAck
2026/10/02 17:06:13 WARN wire: unary gRPC call without deadline method=/onebox.faas.schedd.v1.Schedd/ReportLivenessFailed applied_default=1m0s
2026/10/02 17:06:13 WARN wire: unary gRPC call without deadline method=/onebox.faas.schedd.v1.Schedd/ReportLivenessFailed applied_default=1m0s
2026/10/02 17:06:13 WARN wire: unary gRPC call without deadline method=/onebox.faas.schedd.v1.Schedd/ReportLivenessFailed applied_default=1m0s
2026/10/02 17:06:13 WARN wire: unary gRPC call without deadline method=/onebox.faas.schedd.v1.Schedd/ReportWorkloadOOM applied_default=1m0s
2026/10/02 17:06:13 WARN wire: unary gRPC call without deadline method=/onebox.faas.schedd.v1.Schedd/ReportWorkloadOOM applied_default=1m0s
2026/10/02 17:06:13 WARN wire: unary gRPC call without deadline method=/onebox.faas.schedd.v1.Schedd/ReportWorkloadOOM applied_default=1m0s
--- PASS: TestFailureReportSenderRequiresAffirmativeAck (0.03s)
=== RUN   TestFailureReportWiringPersistsCanceledProducerContexts
--- PASS: TestFailureReportWiringPersistsCanceledProducerContexts (0.00s)
=== RUN   TestRecoveredFailureReportRequiresManagerOwnership
2026/10/02 17:06:13 WARN wire: unary gRPC call without deadline method=/onebox.faas.schedd.v1.Schedd/ReportLivenessFailed applied_default=1m0s
--- PASS: TestRecoveredFailureReportRequiresManagerOwnership (0.00s)
PASS
ok  	github.com/onebox-faas/faas/cmd/vmmd	1.149s
