/var/tmp/faas-metal-smoke-managed-pg-restart-quarantine-4d700a71/source-verified.tar.gz: OK
validation source: 4d700a7176e697e8a76ed4b92a45da79faee8d7d
Linux gregale-internal-test-1.us-east1-b.c.gregale-prod.internal 7.0.0-1011-gcp #11~24.04.1-Ubuntu SMP PREEMPT Tue Aug 11 20:14:48 UTC 2026 x86_64 x86_64 x86_64 GNU/Linux
go version go1.25.13 linux/amd64
leakcheck OK — no leaked netns/taps/jails/cgroups/processes/mounts
e2fsck 1.47.0 (5-Feb-2023)
Pass 1: Checking inodes, blocks, and sizes
Pass 2: Checking directory structure
Pass 3: Checking directory connectivity
Pass 4: Checking reference counts
Pass 5: Checking group summary information
faas-metal-smoke: 28/16384 files (3.6% non-contiguous), 8074/16384 blocks
e2fsck 1.47.0 (5-Feb-2023)
Pass 1: Checking inodes, blocks, and sizes
Pass 2: Checking directory structure
Pass 3: Checking directory connectivity
Pass 4: Checking reference counts
Pass 5: Checking group summary information
faas-metal-layer: 16/4096 files (0.0% non-contiguous), 272/4096 blocks
178f50d3a868d8fc08228225cd49fca2d8f117a88c8924385b33166c4f158e3b  /srv/fc/base/vmlinux-6.1.134
271af215dac69907841b464a664fe561771469d2f3720b34be697a39608ea743  /var/tmp/faas-metal-smoke-managed-pg-restart-quarantine-4d700a71/fixtures/hello-base.ext4
4dd68bbf089954bd2354d21aaa2287155ca1800deb4db2bd2811871808bbf34f  /var/tmp/faas-metal-smoke-managed-pg-restart-quarantine-4d700a71/fixtures/hello-layer.ext4
