/var/tmp/faas-metal-smoke-managed-pg-accounting-6ffb385e/source-selected.tar.gz: OK
validation source: 6ffb385e27414fcd2e72b0d0d5f3e3d0673062f4
Linux gregale-internal-test-1.us-east1-b.c.gregale-prod.internal 7.0.0-1011-gcp #11~24.04.1-Ubuntu SMP PREEMPT Tue Aug 11 20:14:48 UTC 2026 x86_64 x86_64 x86_64 GNU/Linux
go version go1.25.13 linux/amd64
leakcheck OK — no leaked netns/taps/jails/cgroups/processes/mounts
go: writing go.mod cache: mkdir /var/cache/faas-metal-smoke/go-mod/cache/download/github.com/nakabonne: no space left on device
go: writing go.mod cache: mkdir /var/cache/faas-metal-smoke/go-mod/cache/download/github.com/nishanths: no space left on device
go: writing go.mod cache: mkdir /var/cache/faas-metal-smoke/go-mod/cache/download/github.com/nishanths: no space left on device
go: writing go.mod cache: mkdir /var/cache/faas-metal-smoke/go-mod/cache/download/github.com/opencontainers: no space left on device
go: writing go.mod cache: mkdir /var/cache/faas-metal-smoke/go-mod/cache/download/github.com/opencontainers: no space left on device
go: writing go.mod cache: mkdir /var/cache/faas-metal-smoke/go-mod/cache/download/github.com/nunnatsa: no space left on device
go: writing go.mod cache: mkdir /var/cache/faas-metal-smoke/go-mod/cache/download/github.com/oschwald: no space left on device
go: writing go.mod cache: mkdir /var/cache/faas-metal-smoke/go-mod/cache/download/github.com/pelletier: no space left on device
go: writing go.mod cache: mkdir /var/cache/faas-metal-smoke/go-mod/cache/download/github.com/pelletier: no space left on device
go: writing go.mod cache: mkdir /var/cache/faas-metal-smoke/go-mod/cache/download/github.com/planetscale: no space left on device
go: writing go.mod cache: mkdir /var/cache/faas-metal-smoke/go-mod/cache/download/github.com/polyfloyd: no space left on device
go: writing go.mod cache: mkdir /var/cache/faas-metal-smoke/go-mod/cache/download/github.com/power-devops: no space left on device
go: writing go.mod cache: mkdir /var/cache/faas-metal-smoke/go-mod/cache/download/github.com/pquerna: no space left on device
go: writing go.mod cache: mkdir /var/cache/faas-metal-smoke/go-mod/cache/download/github.com/quasilyte: no space left on device
go: writing go.mod cache: mkdir /var/cache/faas-metal-smoke/go-mod/cache/download/github.com/quasilyte: no space left on device
go: writing go.mod cache: mkdir /var/cache/faas-metal-smoke/go-mod/cache/download/github.com/quasilyte: no space left on device
go: writing go.mod cache: mkdir /var/cache/faas-metal-smoke/go-mod/cache/download/github.com/quasilyte: no space left on device
go: writing go.mod cache: mkdir /var/cache/faas-metal-smoke/go-mod/cache/download/github.com/quasilyte: no space left on device
go: writing go.mod cache: mkdir /var/cache/faas-metal-smoke/go-mod/cache/download/github.com/rivo: no space left on device
go: writing go.mod cache: mkdir /var/cache/faas-metal-smoke/go-mod/cache/download/github.com/rogpeppe: no space left on device
go: writing go.mod cache: mkdir /var/cache/faas-metal-smoke/go-mod/cache/download/github.com/raeperd: no space left on device
go: writing go.mod cache: mkdir /var/cache/faas-metal-smoke/go-mod/cache/download/github.com/ryancurrah: no space left on device
go: writing go.mod cache: mkdir /var/cache/faas-metal-smoke/go-mod/cache/download/github.com/ryanrolds: no space left on device
go: writing go.mod cache: mkdir /var/cache/faas-metal-smoke/go-mod/cache/download/github.com/sanposhiho: no space left on device
go: writing go.mod cache: mkdir /var/cache/faas-metal-smoke/go-mod/cache/download/github.com/sashamelentyev: no space left on device
go: writing go.mod cache: mkdir /var/cache/faas-metal-smoke/go-mod/cache/download/github.com/sashamelentyev: no space left on device
go: writing go.mod cache: mkdir /var/cache/faas-metal-smoke/go-mod/cache/download/github.com/securego: no space left on device
go: writing go.mod cache: mkdir /var/cache/faas-metal-smoke/go-mod/cache/download/github.com/shirou: no space left on device
go: writing go.mod cache: mkdir /var/cache/faas-metal-smoke/go-mod/cache/download/github.com/sirupsen: no space left on device
go: writing go.mod cache: mkdir /var/cache/faas-metal-smoke/go-mod/cache/download/github.com/sivchari: no space left on device
go: writing go.mod cache: mkdir /var/cache/faas-metal-smoke/go-mod/cache/download/github.com/sonatard: no space left on device
go: writing go.mod cache: mkdir /var/cache/faas-metal-smoke/go-mod/cache/download/github.com/sourcegraph: no space left on device
go: writing go.mod cache: mkdir /var/cache/faas-metal-smoke/go-mod/cache/download/github.com/spf13: no space left on device
go: writing go.mod cache: mkdir /var/cache/faas-metal-smoke/go-mod/cache/download/github.com/spf13: no space left on device
go: writing go.mod cache: mkdir /var/cache/faas-metal-smoke/go-mod/cache/download/github.com/spf13: no space left on device
go: writing go.mod cache: mkdir /var/cache/faas-metal-smoke/go-mod/cache/download/github.com/spf13: no space left on device
go: writing go.mod cache: mkdir /var/cache/faas-metal-smoke/go-mod/cache/download/github.com/spf13: no space left on device
go: writing go.mod cache: mkdir /var/cache/faas-metal-smoke/go-mod/cache/download/github.com/spf13: no space left on device
go: writing go.mod cache: mkdir /var/cache/faas-metal-smoke/go-mod/cache/download/github.com/ssgreg: no space left on device
go: writing go.mod cache: mkdir /var/cache/faas-metal-smoke/go-mod/cache/download/github.com/stbenjam: no space left on device
go: writing go.mod cache: mkdir /var/cache/faas-metal-smoke/go-mod/cache/download/github.com/stretchr: no space left on device
go: writing go.mod cache: mkdir /var/cache/faas-metal-smoke/go-mod/cache/download/github.com/stretchr: no space left on device
go: writing go.mod cache: mkdir /var/cache/faas-metal-smoke/go-mod/cache/download/github.com/subosito: no space left on device
go: writing go.mod cache: mkdir /var/cache/faas-metal-smoke/go-mod/cache/download/github.com/tdakkota: no space left on device
go: writing go.mod cache: mkdir /var/cache/faas-metal-smoke/go-mod/cache/download/github.com/testcontainers: no space left on device
go: writing go.mod cache: mkdir /var/cache/faas-metal-smoke/go-mod/cache/download/github.com/tetafro: no space left on device
go: writing go.mod cache: mkdir /var/cache/faas-metal-smoke/go-mod/cache/download/github.com/timakin: no space left on device
go: writing go.mod cache: mkdir /var/cache/faas-metal-smoke/go-mod/cache/download/github.com/timonwong: no space left on device
go: writing go.mod cache: mkdir /var/cache/faas-metal-smoke/go-mod/cache/download/github.com/testcontainers: no space left on device
go: writing go.mod cache: mkdir /var/cache/faas-metal-smoke/go-mod/cache/download/github.com/tklauser: no space left on device
go: writing go.mod cache: mkdir /var/cache/faas-metal-smoke/go-mod/cache/download/github.com/tklauser: no space left on device
go: writing go.mod cache: mkdir /var/cache/faas-metal-smoke/go-mod/cache/download/github.com/tomarrell: no space left on device
go: writing go.mod cache: mkdir /var/cache/faas-metal-smoke/go-mod/cache/download/github.com/tommy-muehle: no space left on device
go: writing go.mod cache: mkdir /var/cache/faas-metal-smoke/go-mod/cache/download/github.com/ultraware: no space left on device
go: writing go.mod cache: mkdir /var/cache/faas-metal-smoke/go-mod/cache/download/github.com/ultraware: no space left on device
go: writing go.mod cache: mkdir /var/cache/faas-metal-smoke/go-mod/cache/download/github.com/uudashr: no space left on device
go: writing go.mod cache: mkdir /var/cache/faas-metal-smoke/go-mod/cache/download/github.com/uudashr: no space left on device
go: writing go.mod cache: mkdir /var/cache/faas-metal-smoke/go-mod/cache/download/github.com/xen0n: no space left on device
go: writing go.mod cache: mkdir /var/cache/faas-metal-smoke/go-mod/cache/download/github.com/xo: no space left on device
go: writing go.mod cache: mkdir /var/cache/faas-metal-smoke/go-mod/cache/download/github.com/yagipy: no space left on device
go: writing go.mod cache: mkdir /var/cache/faas-metal-smoke/go-mod/cache/download/github.com/yeya24: no space left on device
go: writing go.mod cache: mkdir /var/cache/faas-metal-smoke/go-mod/cache/download/github.com/ykadowak: no space left on device
go: writing go.mod cache: mkdir /var/cache/faas-metal-smoke/go-mod/cache/download/github.com/yuin: no space left on device
go: writing go.mod cache: mkdir /var/cache/faas-metal-smoke/go-mod/cache/download/github.com/yusufpapurcu: no space left on device
go: writing go.mod cache: mkdir /var/cache/faas-metal-smoke/go-mod/cache/download/github.com/zalando: no space left on device
go: writing go.mod cache: mkdir /var/cache/faas-metal-smoke/go-mod/cache/download/gitlab.com: no space left on device
go: writing go.mod cache: mkdir /var/cache/faas-metal-smoke/go-mod/cache/download/go-simpler.org: no space left on device
go: writing go.mod cache: mkdir /var/cache/faas-metal-smoke/go-mod/cache/download/go-simpler.org: no space left on device
go: writing go.mod cache: mkdir /var/cache/faas-metal-smoke/go-mod/cache/download/github.com/zeebo: no space left on device
go: writing go.mod cache: mkdir /var/cache/faas-metal-smoke/go-mod/cache/download/go.augendre.info: no space left on device
go: writing go.mod cache: mkdir /var/cache/faas-metal-smoke/go-mod/cache/download/go.augendre.info: no space left on device
go: writing go.mod cache: mkdir /var/cache/faas-metal-smoke/go-mod/cache/download/go.uber.org/automaxprocs: no space left on device
go: writing go.mod cache: mkdir /var/cache/faas-metal-smoke/go-mod/cache/download/go.uber.org/zap: no space left on device
go: writing go.mod cache: mkdir /var/cache/faas-metal-smoke/go-mod/cache/download/go.uber.org/zap: no space left on device
go: writing go.mod cache: mkdir /var/cache/faas-metal-smoke/go-mod/cache/download/go.yaml.in: no space left on device
go: writing go.mod cache: mkdir /var/cache/faas-metal-smoke/go-mod/cache/download/golang.org/x/exp: no space left on device
go: writing go.mod cache: mkdir /var/cache/faas-metal-smoke/go-mod/cache/download/golang.org/x/mod: no space left on device
go: writing go.mod cache: mkdir /var/cache/faas-metal-smoke/go-mod/cache/download/golang.org/x/term: no space left on device
go: writing go.mod cache: mkdir /var/cache/faas-metal-smoke/go-mod/cache/download/golang.org/x/tools: no space left on device
go: writing go.mod cache: mkdir /var/cache/faas-metal-smoke/go-mod/cache/download/gopkg.in/ini.v1: no space left on device
go: writing go.mod cache: mkdir /var/cache/faas-metal-smoke/go-mod/cache/download/gopkg.in/yaml.v2: no space left on device
go: writing go.mod cache: mkdir /var/cache/faas-metal-smoke/go-mod/cache/download/honnef.co: no space left on device
go: writing go.mod cache: mkdir /var/cache/faas-metal-smoke/go-mod/cache/download/mvdan.cc: no space left on device
go: writing go.mod cache: mkdir /var/cache/faas-metal-smoke/go-mod/cache/download/mvdan.cc: no space left on device
go: writing go.mod cache: write /var/cache/faas-metal-smoke/go-mod/cache/download/golang.org/x/sys/@v/v0.0.0-20210616094352-59db8d763f22.mod495512862.tmp: no space left on device
go: writing go.mod cache: mkdir /var/cache/faas-metal-smoke/go-mod/cache/download/github.com/matryer: no space left on device
go: writing go.mod cache: write /var/cache/faas-metal-smoke/go-mod/cache/download/golang.org/x/sys/@v/v0.0.0-20211105183446-c75c47738b0c.mod306702359.tmp: no space left on device
go: writing go.mod cache: mkdir /var/cache/faas-metal-smoke/go-mod/cache/download/golang.org/x/tools: no space left on device
go: writing go.mod cache: mkdir /var/cache/faas-metal-smoke/go-mod/cache/download/golang.org/x/tools: no space left on device
go: writing go.mod cache: mkdir /var/cache/faas-metal-smoke/go-mod/cache/download/golang.org/x/tools: no space left on device
go: writing go.mod cache: write /var/cache/faas-metal-smoke/go-mod/cache/download/golang.org/x/sys/@v/v0.0.0-20220412211240-33da011f77ad.mod656633405.tmp: no space left on device
go: writing go.mod cache: write /var/cache/faas-metal-smoke/go-mod/cache/download/github.com/go-logr/logr/@v/v1.2.2.mod940296334.tmp: no space left on device
go: writing go.mod cache: write /var/cache/faas-metal-smoke/go-mod/cache/download/github.com/go-toolsmith/astequal/@v/v1.1.0.mod824280717.tmp: no space left on device
go: writing go.mod cache: mkdir /var/cache/faas-metal-smoke/go-mod/cache/download/golang.org/x/exp: no space left on device
go: writing go.mod cache: write /var/cache/faas-metal-smoke/go-mod/cache/download/golang.org/x/sys/@v/v0.1.0.mod298324419.tmp: no space left on device
go: writing go.mod cache: write /var/cache/faas-metal-smoke/go-mod/cache/download/github.com/go-toolsmith/astequal/@v/v1.0.3.mod890073030.tmp: no space left on device
go: writing go.mod cache: mkdir /var/cache/faas-metal-smoke/go-mod/cache/download/golang.org/x/tools: no space left on device
go: writing go.mod cache: write /var/cache/faas-metal-smoke/go-mod/cache/download/github.com/gostaticanalysis/comment/@v/v1.4.1.mod269108329.tmp: no space left on device
go: writing go.mod cache: mkdir /var/cache/faas-metal-smoke/go-mod/cache/download/golang.org/x/tools: no space left on device
go: writing go.mod cache: write /var/cache/faas-metal-smoke/go-mod/cache/download/github.com/gostaticanalysis/comment/@v/v1.4.2.mod591806668.tmp: no space left on device
go: writing go.mod cache: mkdir /var/cache/faas-metal-smoke/go-mod/cache/download/golang.org/x/tools: no space left on device
go: writing go.mod cache: mkdir /var/cache/faas-metal-smoke/go-mod/cache/download/github.com/davecgh: no space left on device
go: writing go.mod cache: mkdir /var/cache/faas-metal-smoke/go-mod/cache/download/github.com/stretchr: no space left on device
go: writing go.mod cache: mkdir /var/cache/faas-metal-smoke/go-mod/cache/download/github.com/stretchr: no space left on device
go: writing go.mod cache: mkdir /var/cache/faas-metal-smoke/go-mod/cache/download/golang.org/x/tools: no space left on device
go: writing go.mod cache: mkdir /var/cache/faas-metal-smoke/go-mod/cache/download/github.com/spf13: no space left on device
go: writing go.mod cache: mkdir /var/cache/faas-metal-smoke/go-mod/cache/download/github.com/rivo: no space left on device
go: writing go.mod cache: mkdir /var/cache/faas-metal-smoke/go-mod/cache/download/github.com/stretchr: no space left on device
go: writing go.mod cache: write /var/cache/faas-metal-smoke/go-mod/cache/download/golang.org/x/sys/@v/v0.0.0-20201204225414-ed752295db88.mod511097729.tmp: no space left on device
go: writing go.mod cache: write /var/cache/faas-metal-smoke/go-mod/cache/download/github.com/google/go-cmp/@v/v0.5.8.mod437358628.tmp: no space left on device
go: writing go.mod cache: mkdir /var/cache/faas-metal-smoke/go-mod/cache/download/golang.org/x/exp: no space left on device
go: writing go.mod cache: write /var/cache/faas-metal-smoke/go-mod/cache/download/github.com/google/go-cmp/@v/v0.5.2.mod60547393.tmp: no space left on device
go: writing go.mod cache: mkdir /var/cache/faas-metal-smoke/go-mod/cache/download/github.com/shurcoo!l: no space left on device
go: writing go.mod cache: mkdir /var/cache/faas-metal-smoke/go-mod/cache/download/github.com/shurcoo!l: no space left on device
go: writing go.mod cache: mkdir /var/cache/faas-metal-smoke/go-mod/cache/download/github.com/cpuguy83/go-md2man: no space left on device
go: writing go.mod cache: mkdir /var/cache/faas-metal-smoke/go-mod/cache/download/github.com/spf13: no space left on device
go: writing go.mod cache: mkdir /var/cache/faas-metal-smoke/go-mod/cache/download/github.com/pmezard: no space left on device
go: writing go.mod cache: mkdir /var/cache/faas-metal-smoke/go-mod/cache/download/github.com/stretchr: no space left on device
go: writing go.mod cache: mkdir /var/cache/faas-metal-smoke/go-mod/cache/download/golang.org/x/tools: no space left on device
go: writing go.mod cache: mkdir /var/cache/faas-metal-smoke/go-mod/cache/download/golang.org/x/tools: no space left on device
go: writing go.mod cache: write /var/cache/faas-metal-smoke/go-mod/cache/download/golang.org/x/text/@v/v0.3.8.mod970999371.tmp: no space left on device
go: writing go.mod cache: write /var/cache/faas-metal-smoke/go-mod/cache/download/github.com/go-ole/go-ole/@v/v1.2.6.mod319407096.tmp: no space left on device
go: writing go.mod cache: mkdir /var/cache/faas-metal-smoke/go-mod/cache/download/gopkg.in/check.v1: no space left on device
go: writing go.mod cache: mkdir /var/cache/faas-metal-smoke/go-mod/cache/download/github.com/yuin: no space left on device
go: writing go.mod cache: mkdir /var/cache/faas-metal-smoke/go-mod/cache/download/golang.org/x/tools: no space left on device
go: writing go.mod cache: mkdir /var/cache/faas-metal-smoke/go-mod/cache/download/golang.org/x/mod: no space left on device
go: writing go.mod cache: write /var/cache/faas-metal-smoke/go-mod/cache/download/golang.org/x/net/@v/v0.0.0-20211015210444-4f30a5c0130f.mod171349076.tmp: no space left on device
go: writing go.mod cache: write /var/cache/faas-metal-smoke/go-mod/cache/download/golang.org/x/sys/@v/v0.0.0-20211019181941-9d821ace8654.mod339073454.tmp: no space left on device
go: writing go.mod cache: write /var/cache/faas-metal-smoke/go-mod/cache/download/golang.org/x/sync/@v/v0.0.0-20210220032951-036812b2e83c.mod63631286.tmp: no space left on device
go: writing go.mod cache: write /var/cache/faas-metal-smoke/go-mod/cache/download/golang.org/x/text/@v/v0.3.7.mod689918785.tmp: no space left on device
go: writing go.mod cache: mkdir /var/cache/faas-metal-smoke/go-mod/cache/download/golang.org/x/xerrors: no space left on device
go: writing go.mod cache: mkdir /var/cache/faas-metal-smoke/go-mod/cache/download/github.com/yuin: no space left on device
go: writing go.mod cache: mkdir /var/cache/faas-metal-smoke/go-mod/cache/download/golang.org/x/mod: no space left on device
go: writing go.mod cache: write /var/cache/faas-metal-smoke/go-mod/cache/download/golang.org/x/net/@v/v0.0.0-20200226121028-0de0cce0169b.mod330720893.tmp: no space left on device
go: writing go.mod cache: write /var/cache/faas-metal-smoke/go-mod/cache/download/golang.org/x/sync/@v/v0.0.0-20190911185100-cd5d95a43a6e.mod86876093.tmp: no space left on device
go: writing go.mod cache: mkdir /var/cache/faas-metal-smoke/go-mod/cache/download/golang.org/x/xerrors: no space left on device
go: writing go.mod cache: mkdir /var/cache/faas-metal-smoke/go-mod/cache/download/github.com/yuin: no space left on device
go: writing go.mod cache: mkdir /var/cache/faas-metal-smoke/go-mod/cache/download/golang.org/x/mod: no space left on device
go: writing go.mod cache: write /var/cache/faas-metal-smoke/go-mod/cache/download/golang.org/x/net/@v/v0.6.0.mod683831518.tmp: no space left on device
go: writing go.mod cache: write /var/cache/faas-metal-smoke/go-mod/cache/download/golang.org/x/sys/@v/v0.5.0.mod518916370.tmp: no space left on device
go: writing go.mod cache: write /var/cache/faas-metal-smoke/go-mod/cache/download/golang.org/x/sync/@v/v0.1.0.mod64255197.tmp: no space left on device
go: writing go.mod cache: write /var/cache/faas-metal-smoke/go-mod/cache/download/github.com/go-toolsmith/strparse/@v/v1.0.0.mod348247011.tmp: no space left on device
go: writing go.mod cache: mkdir /var/cache/faas-metal-smoke/go-mod/cache/download/github.com/yuin: no space left on device
go: writing go.mod cache: mkdir /var/cache/faas-metal-smoke/go-mod/cache/download/golang.org/x/mod: no space left on device
go: writing go.mod cache: write /var/cache/faas-metal-smoke/go-mod/cache/download/golang.org/x/net/@v/v0.0.0-20210405180319-a5a99cb37ef4.mod465666912.tmp: no space left on device
go: writing go.mod cache: write /var/cache/faas-metal-smoke/go-mod/cache/download/golang.org/x/sys/@v/v0.0.0-20210510120138-977fb7262007.mod950801397.tmp: no space left on device
go: writing go.mod cache: write /var/cache/faas-metal-smoke/go-mod/cache/download/github.com/google/go-cmp/@v/v0.5.1.mod294463261.tmp: no space left on device
go: writing go.mod cache: mkdir /var/cache/faas-metal-smoke/go-mod/cache/download/github.com/yuin: no space left on device
go: writing go.mod cache: mkdir /var/cache/faas-metal-smoke/go-mod/cache/download/golang.org/x/mod: no space left on device
go: writing go.mod cache: write /var/cache/faas-metal-smoke/go-mod/cache/download/golang.org/x/net/@v/v0.0.0-20201021035429-f5854403a974.mod788341237.tmp: no space left on device
go: writing go.mod cache: mkdir /var/cache/faas-metal-smoke/go-mod/cache/download/golang.org/x/tools: no space left on device
go: writing go.mod cache: write /var/cache/faas-metal-smoke/go-mod/cache/download/golang.org/x/sync/@v/v0.0.0-20201020160332-67f06af15bc9.mod225211328.tmp: no space left on device
go: writing go.mod cache: write /var/cache/faas-metal-smoke/go-mod/cache/download/github.com/google/go-cmp/@v/v0.5.4.mod193281885.tmp: no space left on device
go: writing go.mod cache: mkdir /var/cache/faas-metal-smoke/go-mod/cache/download/github.com/gostaticanalysis/testutil: no space left on device
go: writing go.mod cache: mkdir /var/cache/faas-metal-smoke/go-mod/cache/download/golang.org/x/tools: no space left on device
go: writing go.mod cache: mkdir /var/cache/faas-metal-smoke/go-mod/cache/download/golang.org/x/mod: no space left on device
go: writing go.mod cache: write /var/cache/faas-metal-smoke/go-mod/cache/download/golang.org/x/sys/@v/v0.0.0-20210124154548-22da62e12c0c.mod230043549.tmp: no space left on device
go: writing go.mod cache: mkdir /var/cache/faas-metal-smoke/go-mod/cache/download/github.com/davecgh: no space left on device
go: writing go.mod cache: mkdir /var/cache/faas-metal-smoke/go-mod/cache/download/github.com/stretchr: no space left on device
go: writing go.mod cache: write /var/cache/faas-metal-smoke/go-mod/cache/download/gopkg.in/yaml.v3/@v/v3.0.0-20200313102051-9f266ea9e77c.mod15238313.tmp: no space left on device
go: writing go.mod cache: mkdir /var/cache/faas-metal-smoke/go-mod/cache/download/gopkg.in/yaml.v2: no space left on device
go: writing go.mod cache: mkdir /var/cache/faas-metal-smoke/go-mod/cache/download/github.com/russross: no space left on device
go: writing go.mod cache: mkdir /var/cache/faas-metal-smoke/go-mod/cache/download/github.com/yuin: no space left on device
go: writing go.mod cache: write /var/cache/faas-metal-smoke/go-mod/cache/download/golang.org/x/net/@v/v0.0.0-20200625001655-4c5254603344.mod310547459.tmp: no space left on device
go: writing go.mod cache: write /var/cache/faas-metal-smoke/go-mod/cache/download/golang.org/x/sync/@v/v0.0.0-20200625203802-6e8e738ad208.mod868327474.tmp: no space left on device
go: writing go.mod cache: mkdir /var/cache/faas-metal-smoke/go-mod/cache/download/golang.org/x/mod: no space left on device
go: writing go.mod cache: write /var/cache/faas-metal-smoke/go-mod/cache/download/golang.org/x/net/@v/v0.16.0.mod349081336.tmp: no space left on device
go: writing go.mod cache: write /var/cache/faas-metal-smoke/go-mod/cache/download/golang.org/x/sys/@v/v0.13.0.mod855108856.tmp: no space left on device
go: writing go.mod cache: write /var/cache/faas-metal-smoke/go-mod/cache/download/golang.org/x/sync/@v/v0.4.0.mod48438849.tmp: no space left on device
go: writing go.mod cache: mkdir /var/cache/faas-metal-smoke/go-mod/cache/download/golang.org/x/tools: no space left on device
go: writing go.mod cache: mkdir /var/cache/faas-metal-smoke/go-mod/cache/download/golang.org/x/mod: no space left on device
go: writing go.mod cache: write /var/cache/faas-metal-smoke/go-mod/cache/download/golang.org/x/sys/@v/v0.0.0-20220722155257-8c9f86f7a55f.mod881837449.tmp: no space left on device
go: writing go.mod cache: write /var/cache/faas-metal-smoke/go-mod/cache/download/golang.org/x/sys/@v/v0.0.0-20190916202348-b4ddaad3f8a3.mod565975097.tmp: no space left on device
go: writing go.mod cache: mkdir /var/cache/faas-metal-smoke/go-mod/cache/download/golang.org/x/tools: no space left on device
go: writing go.mod cache: write /var/cache/faas-metal-smoke/go-mod/cache/download/golang.org/x/crypto/@v/v0.0.0-20210921155107-089bfa567519.mod157746103.tmp: no space left on device
go: writing go.mod cache: mkdir /var/cache/faas-metal-smoke/go-mod/cache/download/golang.org/x/xerrors: no space left on device
go: writing go.mod cache: write /var/cache/faas-metal-smoke/go-mod/cache/download/golang.org/x/sys/@v/v0.0.0-20210423082822-04245dca01da.mod743418409.tmp: no space left on device
go: writing go.mod cache: mkdir /var/cache/faas-metal-smoke/go-mod/cache/download/golang.org/x/term: no space left on device
go: writing go.mod cache: write /var/cache/faas-metal-smoke/go-mod/cache/download/golang.org/x/text/@v/v0.3.6.mod731609988.tmp: no space left on device
go: writing go.mod cache: write /var/cache/faas-metal-smoke/go-mod/cache/download/golang.org/x/crypto/@v/v0.0.0-20191011191535-87dc89f01550.mod472629214.tmp: no space left on device
go: writing go.mod cache: write /var/cache/faas-metal-smoke/go-mod/cache/download/golang.org/x/crypto/@v/v0.0.0-20190308221718-c2843e01d9a2.mod774271809.tmp: no space left on device
go: writing go.mod cache: write /var/cache/faas-metal-smoke/go-mod/cache/download/golang.org/x/sys/@v/v0.0.0-20190215142949-d0b11bdaac8a.mod396837181.tmp: no space left on device
go: writing go.mod cache: mkdir /var/cache/faas-metal-smoke/go-mod/cache/download/golang.org/x/tools: no space left on device
go: writing go.mod cache: write /var/cache/faas-metal-smoke/go-mod/cache/download/golang.org/x/text/@v/v0.3.0.mod610130078.tmp: no space left on device
go: writing go.mod cache: mkdir /var/cache/faas-metal-smoke/go-mod/cache/download/golang.org/x/term: no space left on device
go: writing go.mod cache: write /var/cache/faas-metal-smoke/go-mod/cache/download/golang.org/x/text/@v/v0.7.0.mod620594374.tmp: no space left on device
go: writing go.mod cache: write /var/cache/faas-metal-smoke/go-mod/cache/download/golang.org/x/sys/@v/v0.0.0-20210330210617-4fbd30eecc44.mod489087583.tmp: no space left on device
go: writing go.mod cache: write /var/cache/faas-metal-smoke/go-mod/cache/download/golang.org/x/text/@v/v0.3.3.mod337600185.tmp: no space left on device
go: writing go.mod cache: write /var/cache/faas-metal-smoke/go-mod/cache/download/golang.org/x/crypto/@v/v0.0.0-20200622213623-75b288015ac9.mod716454057.tmp: no space left on device
go: writing go.mod cache: write /var/cache/faas-metal-smoke/go-mod/cache/download/golang.org/x/sys/@v/v0.0.0-20200930185726-fdedc70b468f.mod315752712.tmp: no space left on device
go: writing go.mod cache: mkdir /var/cache/faas-metal-smoke/go-mod/cache/download/github.com/otiai10: no space left on device
go: writing go.mod cache: mkdir /var/cache/faas-metal-smoke/go-mod/cache/download/github.com/tenntenn: no space left on device
go: writing go.mod cache: mkdir /var/cache/faas-metal-smoke/go-mod/cache/download/github.com/tenntenn: no space left on device
go: writing go.mod cache: write /var/cache/faas-metal-smoke/go-mod/cache/download/golang.org/x/sys/@v/v0.0.0-20200323222414-85ca7c5b95cd.mod148976639.tmp: no space left on device
go: writing go.mod cache: mkdir /var/cache/faas-metal-smoke/go-mod/cache/download/golang.org/x/tools: no space left on device
go: writing go.mod cache: write /var/cache/faas-metal-smoke/go-mod/cache/download/golang.org/x/crypto/@v/v0.14.0.mod849345503.tmp: no space left on device
go: writing go.mod cache: mkdir /var/cache/faas-metal-smoke/go-mod/cache/download/golang.org/x/term: no space left on device
go: writing go.mod cache: write /var/cache/faas-metal-smoke/go-mod/cache/download/golang.org/x/text/@v/v0.13.0.mod201421710.tmp: no space left on device
go: writing go.mod cache: write /var/cache/faas-metal-smoke/go-mod/cache/download/golang.org/x/net/@v/v0.0.0-20220722155237-a158d28d115b.mod16302726.tmp: no space left on device
go: writing go.mod cache: write /var/cache/faas-metal-smoke/go-mod/cache/download/golang.org/x/sync/@v/v0.0.0-20220722155255-886fb9371eb4.mod415345057.tmp: no space left on device
go: writing go.mod cache: write /var/cache/faas-metal-smoke/go-mod/cache/download/golang.org/x/net/@v/v0.0.0-20190620200207-3b0461eec859.mod475330197.tmp: no space left on device
go: writing go.mod cache: write /var/cache/faas-metal-smoke/go-mod/cache/download/golang.org/x/sync/@v/v0.0.0-20190423024810-112230192c58.mod230418247.tmp: no space left on device
go: writing go.mod cache: mkdir /var/cache/faas-metal-smoke/go-mod/cache/download/golang.org/x/xerrors: no space left on device
go: writing go.mod cache: write /var/cache/faas-metal-smoke/go-mod/cache/download/golang.org/x/net/@v/v0.0.0-20210226172049-e18ecbb05110.mod822607663.tmp: no space left on device
go: writing go.mod cache: write /var/cache/faas-metal-smoke/go-mod/cache/download/golang.org/x/sys/@v/v0.0.0-20210615035016-665e8c7367d1.mod309869930.tmp: no space left on device
go: writing go.mod cache: write /var/cache/faas-metal-smoke/go-mod/cache/download/golang.org/x/sys/@v/v0.0.0-20201119102817-f84b799fce68.mod332497468.tmp: no space left on device
go: writing go.mod cache: write /var/cache/faas-metal-smoke/go-mod/cache/download/golang.org/x/net/@v/v0.0.0-20190404232315-eb5bcb51f2a3.mod72170720.tmp: no space left on device
go: writing go.mod cache: write /var/cache/faas-metal-smoke/go-mod/cache/download/golang.org/x/sys/@v/v0.0.0-20190412213103-97732733099d.mod474834881.tmp: no space left on device
go: writing go.mod cache: mkdir /var/cache/faas-metal-smoke/go-mod/cache/download/github.com/otiai10: no space left on device
go: writing go.mod cache: write /var/cache/faas-metal-smoke/go-mod/cache/download/github.com/hashicorp/go-version/@v/v1.2.1.mod708048222.tmp: no space left on device
go: writing go.mod cache: write /var/cache/faas-metal-smoke/go-mod/cache/download/golang.org/x/text/@v/v0.3.2.mod55519531.tmp: no space left on device
go: writing go.mod cache: mkdir /var/cache/faas-metal-smoke/go-mod/cache/download/golang.org/x/mod: no space left on device
go: writing go.mod cache: write /var/cache/faas-metal-smoke/go-mod/cache/download/golang.org/x/net/@v/v0.15.0.mod577749074.tmp: no space left on device
go: writing go.mod cache: write /var/cache/faas-metal-smoke/go-mod/cache/download/golang.org/x/sys/@v/v0.12.0.mod764147630.tmp: no space left on device
go: writing go.mod cache: write /var/cache/faas-metal-smoke/go-mod/cache/download/golang.org/x/sync/@v/v0.3.0.mod619127405.tmp: no space left on device
go: writing go.mod cache: write /var/cache/faas-metal-smoke/go-mod/cache/download/golang.org/x/net/@v/v0.10.0.mod882257971.tmp: no space left on device
go: writing go.mod cache: write /var/cache/faas-metal-smoke/go-mod/cache/download/golang.org/x/sys/@v/v0.0.0-20220520151302-bc2c85ada10a.mod111266076.tmp: no space left on device
go: writing go.mod cache: mkdir /var/cache/faas-metal-smoke/go-mod/cache/download/golang.org/x/term: no space left on device
go: writing go.mod cache: mkdir /var/cache/faas-metal-smoke/go-mod/cache/download/github.com/otiai10: no space left on device
go: writing go.mod cache: write /var/cache/faas-metal-smoke/go-mod/cache/download/golang.org/x/crypto/@v/v0.13.0.mod903776563.tmp: no space left on device
go: writing go.mod cache: mkdir /var/cache/faas-metal-smoke/go-mod/cache/download/golang.org/x/term: no space left on device
go: writing go.mod cache: write /var/cache/faas-metal-smoke/go-mod/cache/download/golang.org/x/sys/@v/v0.8.0.mod365820373.tmp: no space left on device
go: writing go.mod cache: mkdir /var/cache/faas-metal-smoke/go-mod/cache/download/golang.org/x/term: no space left on device
go: writing go.mod cache: write /var/cache/faas-metal-smoke/go-mod/cache/download/golang.org/x/text/@v/v0.9.0.mod726363149.tmp: no space left on device
go: writing go.mod cache: mkdir /var/cache/faas-metal-smoke/go-mod/cache/download/github.com/otiai10: no space left on device
go: writing go.mod cache: mkdir /var/cache/faas-metal-smoke/go-mod/cache/download/github.com/otiai10: no space left on device
guest/init/execution_linux.go:16:2: no required module provides package github.com/onebox-faas/faas/guest/executor; to add it:
	go get github.com/onebox-faas/faas/guest/executor
make: Entering directory '/var/tmp/faas-metal-smoke-managed-pg-accounting-6ffb385e/source'
leakcheck OK — no leaked netns/taps/jails/cgroups/processes/mounts
make: Leaving directory '/var/tmp/faas-metal-smoke-managed-pg-accounting-6ffb385e/source'
