LoadState=not-found
ActiveState=inactive
SubState=dead
LoadState=not-found
ActiveState=inactive
SubState=dead
LoadState=not-found
ActiveState=inactive
SubState=dead
LoadState=not-found
ActiveState=inactive
SubState=dead
removed /var/tmp/faas-metal-smoke-managed-pg-prepared-boot-d4841725 state=completed
owned stage absent after verified-result cleanup
Filesystem      Size  Used Avail Use% Mounted on
/dev/root        48G   33G   16G  68% /
External IP address was not found; defaulting to using IAP tunneling.
WARNING:

To increase the performance of the tunnel, consider installing NumPy. For instructions,
please see https://cloud.google.com/iap/docs/using-tcp-forwarding#increasing_the_tcp_upload_bandwidth
