/var/tmp/faas-metal-smoke-managed-pg-restart-reclaim-adc1b1d8/source.tar.gz: OK
validation source: 50856490632dc16d61d3c8fd01ae4b8c58980def
Linux gregale-internal-test-1.us-east1-b.c.gregale-prod.internal 7.0.0-1011-gcp #11~24.04.1-Ubuntu SMP PREEMPT Tue Aug 11 20:14:48 UTC 2026 x86_64 x86_64 x86_64 GNU/Linux
go version go1.25.13 linux/amd64
leakcheck OK — no leaked netns/taps/jails/cgroups/processes/mounts
e2fsck 1.47.0 (5-Feb-2023)
Pass 1: Checking inodes, blocks, and sizes
Pass 2: Checking directory structure
Pass 3: Checking directory connectivity
Pass 4: Checking reference counts
Pass 5: Checking group summary information
faas-metal-smoke: 28/16384 files (3.6% non-contiguous), 8074/16384 blocks
e2fsck 1.47.0 (5-Feb-2023)
Pass 1: Checking inodes, blocks, and sizes
Pass 2: Checking directory structure
Pass 3: Checking directory connectivity
Pass 4: Checking reference counts
Pass 5: Checking group summary information
faas-metal-layer: 16/4096 files (0.0% non-contiguous), 272/4096 blocks
178f50d3a868d8fc08228225cd49fca2d8f117a88c8924385b33166c4f158e3b  /srv/fc/base/vmlinux-6.1.134
34b8edb15c4ddf2110e0241d0def76f8f8dc9477d84331ab9e12e3f159a6affd  /var/tmp/faas-metal-smoke-managed-pg-restart-reclaim-adc1b1d8/fixtures/hello-base.ext4
7b21802ec81977cf4accf23ada5bc7167c27eca3eb4fa701c81ae309763ece98  /var/tmp/faas-metal-smoke-managed-pg-restart-reclaim-adc1b1d8/fixtures/hello-layer.ext4
