ok  	github.com/onebox-faas/faas/pkg/fcvm	19.971s
2026/10/03 08:52:59 INFO vmmd: compute node sizing resolved source=derived host_mem_mb=15986 host_cpus=2 mem_mb=15986 tenant_slice_max_mb=7794 tenant_budget_mb=7611 admission_ceiling_mb=6469 non_tenant_reserve_mb=8192 vcpu_slots=16
2026/10/03 08:52:59 INFO vmmd: compute node sizing resolved source=derived host_mem_mb=15986 host_cpus=2 mem_mb=15986 tenant_slice_max_mb=7794 tenant_budget_mb=7611 admission_ceiling_mb=6469 non_tenant_reserve_mb=8192 vcpu_slots=16
2026/10/03 08:52:59 INFO vmmd: compute node sizing resolved source=derived host_mem_mb=15986 host_cpus=2 mem_mb=15986 tenant_slice_max_mb=7794 tenant_budget_mb=7611 admission_ceiling_mb=6469 non_tenant_reserve_mb=8192 vcpu_slots=16
2026/10/03 08:52:59 INFO vmmd: compute node sizing resolved source=derived host_mem_mb=15986 host_cpus=2 mem_mb=15986 tenant_slice_max_mb=7794 tenant_budget_mb=7611 admission_ceiling_mb=6469 non_tenant_reserve_mb=8192 vcpu_slots=16
2026/10/03 08:52:59 INFO vmmd: compute node sizing resolved source=derived host_mem_mb=15986 host_cpus=2 mem_mb=15986 tenant_slice_max_mb=7794 tenant_budget_mb=7611 admission_ceiling_mb=6469 non_tenant_reserve_mb=8192 vcpu_slots=16
2026/10/03 08:52:59 INFO vmmd: compute node sizing resolved source=derived host_mem_mb=15986 host_cpus=2 mem_mb=15986 tenant_slice_max_mb=7794 tenant_budget_mb=7611 admission_ceiling_mb=6469 non_tenant_reserve_mb=8192 vcpu_slots=16
2026/10/03 08:52:59 INFO vmmd: compute node sizing resolved source=derived host_mem_mb=15986 host_cpus=2 mem_mb=15986 tenant_slice_max_mb=7794 tenant_budget_mb=7611 admission_ceiling_mb=6469 non_tenant_reserve_mb=8192 vcpu_slots=16
2026/10/03 08:52:59 INFO vmmd: compute node sizing resolved source=derived host_mem_mb=15986 host_cpus=2 mem_mb=15986 tenant_slice_max_mb=7794 tenant_budget_mb=7611 admission_ceiling_mb=6469 non_tenant_reserve_mb=8192 vcpu_slots=16
2026/10/03 08:52:59 INFO vmmd: compute node sizing resolved source=derived host_mem_mb=15986 host_cpus=2 mem_mb=15986 tenant_slice_max_mb=7794 tenant_budget_mb=7611 admission_ceiling_mb=6469 non_tenant_reserve_mb=8192 vcpu_slots=16
2026/10/03 08:52:59 INFO vmmd: compute node sizing resolved source=derived host_mem_mb=15986 host_cpus=2 mem_mb=15986 tenant_slice_max_mb=7794 tenant_budget_mb=7611 admission_ceiling_mb=6469 non_tenant_reserve_mb=8192 vcpu_slots=16
2026/10/03 08:52:59 INFO vmmd: compute node sizing resolved source=derived host_mem_mb=15986 host_cpus=2 mem_mb=15986 tenant_slice_max_mb=7794 tenant_budget_mb=7611 admission_ceiling_mb=6469 non_tenant_reserve_mb=8192 vcpu_slots=16
2026/10/03 08:52:59 INFO vmmd: compute node sizing resolved source=derived host_mem_mb=15986 host_cpus=2 mem_mb=15986 tenant_slice_max_mb=7794 tenant_budget_mb=7611 admission_ceiling_mb=6469 non_tenant_reserve_mb=8192 vcpu_slots=16
2026/10/03 08:52:59 INFO vmmd: compute node sizing resolved source=derived host_mem_mb=15986 host_cpus=2 mem_mb=15986 tenant_slice_max_mb=7794 tenant_budget_mb=7611 admission_ceiling_mb=6469 non_tenant_reserve_mb=8192 vcpu_slots=16
2026/10/03 08:52:59 INFO vmmd: compute node sizing resolved source=derived host_mem_mb=15986 host_cpus=2 mem_mb=15986 tenant_slice_max_mb=7794 tenant_budget_mb=7611 admission_ceiling_mb=6469 non_tenant_reserve_mb=8192 vcpu_slots=16
2026/10/03 08:52:59 INFO vmmd: compute node sizing resolved source=derived host_mem_mb=15986 host_cpus=2 mem_mb=15986 tenant_slice_max_mb=7794 tenant_budget_mb=7611 admission_ceiling_mb=6469 non_tenant_reserve_mb=8192 vcpu_slots=16
2026/10/03 08:52:59 INFO vmmd: compute node sizing resolved source=derived host_mem_mb=15986 host_cpus=2 mem_mb=15986 tenant_slice_max_mb=7794 tenant_budget_mb=7611 admission_ceiling_mb=6469 non_tenant_reserve_mb=8192 vcpu_slots=16
2026/10/03 08:52:59 INFO vmmd: compute node sizing resolved source=derived host_mem_mb=15986 host_cpus=2 mem_mb=15986 tenant_slice_max_mb=7794 tenant_budget_mb=7611 admission_ceiling_mb=6469 non_tenant_reserve_mb=8192 vcpu_slots=16
2026/10/03 08:52:59 INFO vmmd: compute node sizing resolved source=derived host_mem_mb=15986 host_cpus=2 mem_mb=15986 tenant_slice_max_mb=7794 tenant_budget_mb=7611 admission_ceiling_mb=6469 non_tenant_reserve_mb=8192 vcpu_slots=16
2026/10/03 08:52:59 INFO vmmd: compute node sizing resolved source=derived host_mem_mb=15986 host_cpus=2 mem_mb=15986 tenant_slice_max_mb=7794 tenant_budget_mb=7611 admission_ceiling_mb=6469 non_tenant_reserve_mb=8192 vcpu_slots=16
2026/10/03 08:52:59 INFO vmmd: compute node sizing resolved source=derived host_mem_mb=15986 host_cpus=2 mem_mb=15986 tenant_slice_max_mb=7794 tenant_budget_mb=7611 admission_ceiling_mb=6469 non_tenant_reserve_mb=8192 vcpu_slots=16
2026/10/03 08:52:59 INFO vmmd: compute node sizing resolved source=derived host_mem_mb=15986 host_cpus=2 mem_mb=15986 tenant_slice_max_mb=7794 tenant_budget_mb=7611 admission_ceiling_mb=6469 non_tenant_reserve_mb=8192 vcpu_slots=16
2026/10/03 08:52:59 INFO vmmd: compute node sizing resolved source=derived host_mem_mb=15986 host_cpus=2 mem_mb=15986 tenant_slice_max_mb=7794 tenant_budget_mb=7611 admission_ceiling_mb=6469 non_tenant_reserve_mb=8192 vcpu_slots=16
2026/10/03 08:52:59 INFO vmmd: compute node sizing resolved source=derived host_mem_mb=15986 host_cpus=2 mem_mb=15986 tenant_slice_max_mb=7794 tenant_budget_mb=7611 admission_ceiling_mb=6469 non_tenant_reserve_mb=8192 vcpu_slots=16
2026/10/03 08:52:59 INFO vmmd: compute node sizing resolved source=derived host_mem_mb=15986 host_cpus=2 mem_mb=15986 tenant_slice_max_mb=7794 tenant_budget_mb=7611 admission_ceiling_mb=6469 non_tenant_reserve_mb=8192 vcpu_slots=16
2026/10/03 08:52:59 INFO vmmd: compute node sizing resolved source=derived host_mem_mb=15986 host_cpus=2 mem_mb=15986 tenant_slice_max_mb=7794 tenant_budget_mb=7611 admission_ceiling_mb=6469 non_tenant_reserve_mb=8192 vcpu_slots=16
2026/10/03 08:52:59 INFO vmmd: compute node sizing resolved source=derived host_mem_mb=15986 host_cpus=2 mem_mb=15986 tenant_slice_max_mb=7794 tenant_budget_mb=7611 admission_ceiling_mb=6469 non_tenant_reserve_mb=8192 vcpu_slots=16
2026/10/03 08:52:59 INFO vmmd: compute node sizing resolved source=derived host_mem_mb=15986 host_cpus=2 mem_mb=15986 tenant_slice_max_mb=7794 tenant_budget_mb=7611 admission_ceiling_mb=6469 non_tenant_reserve_mb=8192 vcpu_slots=16
2026/10/03 08:52:59 INFO vmmd: compute node sizing resolved source=derived host_mem_mb=15986 host_cpus=2 mem_mb=15986 tenant_slice_max_mb=7794 tenant_budget_mb=7611 admission_ceiling_mb=6469 non_tenant_reserve_mb=8192 vcpu_slots=16
2026/10/03 08:52:59 INFO vmmd: compute node sizing resolved source=derived host_mem_mb=15986 host_cpus=2 mem_mb=15986 tenant_slice_max_mb=7794 tenant_budget_mb=7611 admission_ceiling_mb=6469 non_tenant_reserve_mb=8192 vcpu_slots=16
2026/10/03 08:52:59 INFO vmmd: compute node sizing resolved source=derived host_mem_mb=15986 host_cpus=2 mem_mb=15986 tenant_slice_max_mb=7794 tenant_budget_mb=7611 admission_ceiling_mb=6469 non_tenant_reserve_mb=8192 vcpu_slots=16
2026/10/03 08:52:59 INFO vmmd: compute node sizing resolved source=derived host_mem_mb=15986 host_cpus=2 mem_mb=15986 tenant_slice_max_mb=7794 tenant_budget_mb=7611 admission_ceiling_mb=6469 non_tenant_reserve_mb=8192 vcpu_slots=16
2026/10/03 08:52:59 INFO vmmd: compute node sizing resolved source=derived host_mem_mb=15986 host_cpus=2 mem_mb=15986 tenant_slice_max_mb=7794 tenant_budget_mb=7611 admission_ceiling_mb=6469 non_tenant_reserve_mb=8192 vcpu_slots=16
2026/10/03 08:52:59 INFO vmmd: compute node sizing resolved source=derived host_mem_mb=15986 host_cpus=2 mem_mb=15986 tenant_slice_max_mb=7794 tenant_budget_mb=7611 admission_ceiling_mb=6469 non_tenant_reserve_mb=8192 vcpu_slots=16
2026/10/03 08:52:59 INFO vmmd: compute node sizing resolved source=derived host_mem_mb=15986 host_cpus=2 mem_mb=15986 tenant_slice_max_mb=7794 tenant_budget_mb=7611 admission_ceiling_mb=6469 non_tenant_reserve_mb=8192 vcpu_slots=16
2026/10/03 08:52:59 INFO vmmd: compute node sizing resolved source=derived host_mem_mb=15986 host_cpus=2 mem_mb=15986 tenant_slice_max_mb=7794 tenant_budget_mb=7611 admission_ceiling_mb=6469 non_tenant_reserve_mb=8192 vcpu_slots=16
2026/10/03 08:52:59 INFO vmmd: compute node sizing resolved source=derived host_mem_mb=15986 host_cpus=2 mem_mb=15986 tenant_slice_max_mb=7794 tenant_budget_mb=7611 admission_ceiling_mb=6469 non_tenant_reserve_mb=8192 vcpu_slots=16
2026/10/03 08:52:59 INFO vmmd: compute node sizing resolved source=derived host_mem_mb=15986 host_cpus=2 mem_mb=15986 tenant_slice_max_mb=7794 tenant_budget_mb=7611 admission_ceiling_mb=6469 non_tenant_reserve_mb=8192 vcpu_slots=16
2026/10/03 08:52:59 INFO vmmd: compute node sizing resolved source=derived host_mem_mb=15986 host_cpus=2 mem_mb=15986 tenant_slice_max_mb=7794 tenant_budget_mb=7611 admission_ceiling_mb=6469 non_tenant_reserve_mb=8192 vcpu_slots=16
2026/10/03 08:52:59 INFO vmmd: compute node sizing resolved source=derived host_mem_mb=15986 host_cpus=2 mem_mb=15986 tenant_slice_max_mb=7794 tenant_budget_mb=7611 admission_ceiling_mb=6469 non_tenant_reserve_mb=8192 vcpu_slots=16
2026/10/03 08:52:59 INFO vmmd: compute node sizing resolved source=derived host_mem_mb=15986 host_cpus=2 mem_mb=15986 tenant_slice_max_mb=7794 tenant_budget_mb=7611 admission_ceiling_mb=6469 non_tenant_reserve_mb=8192 vcpu_slots=16
2026/10/03 08:52:59 INFO vmmd: compute node sizing resolved source=derived host_mem_mb=15986 host_cpus=2 mem_mb=15986 tenant_slice_max_mb=7794 tenant_budget_mb=7611 admission_ceiling_mb=6469 non_tenant_reserve_mb=8192 vcpu_slots=16
2026/10/03 08:52:59 INFO vmmd: compute node sizing resolved source=derived host_mem_mb=15986 host_cpus=2 mem_mb=15986 tenant_slice_max_mb=7794 tenant_budget_mb=7611 admission_ceiling_mb=6469 non_tenant_reserve_mb=8192 vcpu_slots=16
2026/10/03 08:52:59 INFO vmmd: compute node sizing resolved source=derived host_mem_mb=15986 host_cpus=2 mem_mb=15986 tenant_slice_max_mb=7794 tenant_budget_mb=7611 admission_ceiling_mb=6469 non_tenant_reserve_mb=8192 vcpu_slots=16
2026/10/03 08:52:59 INFO vmmd: compute node sizing resolved source=derived host_mem_mb=15986 host_cpus=2 mem_mb=15986 tenant_slice_max_mb=7794 tenant_budget_mb=7611 admission_ceiling_mb=6469 non_tenant_reserve_mb=8192 vcpu_slots=16
2026/10/03 08:52:59 INFO vmmd: compute node sizing resolved source=derived host_mem_mb=15986 host_cpus=2 mem_mb=15986 tenant_slice_max_mb=7794 tenant_budget_mb=7611 admission_ceiling_mb=6469 non_tenant_reserve_mb=8192 vcpu_slots=16
2026/10/03 08:52:59 INFO vmmd: compute node sizing resolved source=derived host_mem_mb=15986 host_cpus=2 mem_mb=15986 tenant_slice_max_mb=7794 tenant_budget_mb=7611 admission_ceiling_mb=6469 non_tenant_reserve_mb=8192 vcpu_slots=16
2026/10/03 08:52:59 INFO vmmd: compute node sizing resolved source=derived host_mem_mb=15986 host_cpus=2 mem_mb=15986 tenant_slice_max_mb=7794 tenant_budget_mb=7611 admission_ceiling_mb=6469 non_tenant_reserve_mb=8192 vcpu_slots=16
2026/10/03 08:52:59 INFO vmmd: compute node sizing resolved source=derived host_mem_mb=15986 host_cpus=2 mem_mb=15986 tenant_slice_max_mb=7794 tenant_budget_mb=7611 admission_ceiling_mb=6469 non_tenant_reserve_mb=8192 vcpu_slots=16
2026/10/03 08:52:59 INFO vmmd: compute node sizing resolved source=derived host_mem_mb=15986 host_cpus=2 mem_mb=15986 tenant_slice_max_mb=7794 tenant_budget_mb=7611 admission_ceiling_mb=6469 non_tenant_reserve_mb=8192 vcpu_slots=16
2026/10/03 08:52:59 INFO vmmd: compute node sizing resolved source=derived host_mem_mb=15986 host_cpus=2 mem_mb=15986 tenant_slice_max_mb=7794 tenant_budget_mb=7611 admission_ceiling_mb=6469 non_tenant_reserve_mb=8192 vcpu_slots=16
2026/10/03 08:52:59 INFO vmmd: compute node sizing resolved source=derived host_mem_mb=15986 host_cpus=2 mem_mb=15986 tenant_slice_max_mb=7794 tenant_budget_mb=7611 admission_ceiling_mb=6469 non_tenant_reserve_mb=8192 vcpu_slots=16
2026/10/03 08:52:59 WARN egress flow log: list failed instance=i-bad netns=fc-bad err="nft exec failed"
2026/10/03 08:52:59 WARN egress flow log: list failed instance=i-bad netns=fc-bad err="nft exec failed"
2026/10/03 08:52:59 WARN egress flow log: list failed instance=i-bad netns=fc-bad err="nft exec failed"
2026/10/03 08:52:59 WARN egress flow log: list failed instance=i-bad netns=fc-bad err="nft exec failed"
2026/10/03 08:52:59 WARN egress flow log: list failed instance=i-bad netns=fc-bad err="nft exec failed"
2026/10/03 08:53:04 WARN wire: unary gRPC call without deadline method=/onebox.faas.schedd.v1.Schedd/ReportLivenessFailed applied_default=1m0s
2026/10/03 08:53:04 WARN wire: unary gRPC call without deadline method=/onebox.faas.schedd.v1.Schedd/ReportLivenessFailed applied_default=1m0s
2026/10/03 08:53:04 WARN wire: unary gRPC call without deadline method=/onebox.faas.schedd.v1.Schedd/ReportLivenessFailed applied_default=1m0s
2026/10/03 08:53:04 WARN wire: unary gRPC call without deadline method=/onebox.faas.schedd.v1.Schedd/ReportWorkloadOOM applied_default=1m0s
2026/10/03 08:53:04 WARN wire: unary gRPC call without deadline method=/onebox.faas.schedd.v1.Schedd/ReportWorkloadOOM applied_default=1m0s
2026/10/03 08:53:04 WARN wire: unary gRPC call without deadline method=/onebox.faas.schedd.v1.Schedd/ReportWorkloadOOM applied_default=1m0s
2026/10/03 08:53:04 WARN wire: unary gRPC call without deadline method=/onebox.faas.schedd.v1.Schedd/ReportLivenessFailed applied_default=1m0s
2026/10/03 08:53:04 INFO framework_ready receiver registered vsock_host_port=1027 transport=firecracker_uds
2026/10/03 08:53:04 INFO workload identity receiver registered vsock_host_port=1030 transport=firecracker_uds enabled=false
2026/10/03 08:53:07 INFO vmmd: compute node sizing resolved source=derived host_mem_mb=15986 host_cpus=2 mem_mb=15986 tenant_slice_max_mb=7794 tenant_budget_mb=7611 admission_ceiling_mb=6469 non_tenant_reserve_mb=8192 vcpu_slots=16
2026/10/03 08:53:07 INFO vmmd: compute node sizing resolved source=derived host_mem_mb=15986 host_cpus=2 mem_mb=15986 tenant_slice_max_mb=7794 tenant_budget_mb=7611 admission_ceiling_mb=6469 non_tenant_reserve_mb=8192 vcpu_slots=16
2026/10/03 08:53:07 INFO vmmd: compute node sizing resolved source=derived host_mem_mb=15986 host_cpus=2 mem_mb=15986 tenant_slice_max_mb=7794 tenant_budget_mb=7611 admission_ceiling_mb=6469 non_tenant_reserve_mb=8192 vcpu_slots=16
2026/10/03 08:53:07 INFO vmmd: compute node sizing resolved source=derived host_mem_mb=15986 host_cpus=2 mem_mb=15986 tenant_slice_max_mb=7794 tenant_budget_mb=7611 admission_ceiling_mb=6469 non_tenant_reserve_mb=8192 vcpu_slots=16
2026/10/03 08:53:07 INFO vmmd: compute node sizing resolved source=derived host_mem_mb=15986 host_cpus=2 mem_mb=15986 tenant_slice_max_mb=7794 tenant_budget_mb=7611 admission_ceiling_mb=6469 non_tenant_reserve_mb=8192 vcpu_slots=16
2026/10/03 08:53:07 INFO vmmd: compute node sizing resolved source=derived host_mem_mb=15986 host_cpus=2 mem_mb=15986 tenant_slice_max_mb=7794 tenant_budget_mb=7611 admission_ceiling_mb=6469 non_tenant_reserve_mb=8192 vcpu_slots=16
2026/10/03 08:53:07 INFO vmmd: compute node sizing resolved source=derived host_mem_mb=15986 host_cpus=2 mem_mb=15986 tenant_slice_max_mb=7794 tenant_budget_mb=7611 admission_ceiling_mb=6469 non_tenant_reserve_mb=8192 vcpu_slots=16
2026/10/03 08:53:09 INFO vmmd: compute node sizing resolved source=derived host_mem_mb=15986 host_cpus=2 mem_mb=15986 tenant_slice_max_mb=7794 tenant_budget_mb=7611 admission_ceiling_mb=6469 non_tenant_reserve_mb=8192 vcpu_slots=16
2026/10/03 08:53:09 INFO vmmd: compute node sizing resolved source=derived host_mem_mb=15986 host_cpus=2 mem_mb=15986 tenant_slice_max_mb=7794 tenant_budget_mb=7611 admission_ceiling_mb=6469 non_tenant_reserve_mb=8192 vcpu_slots=16
PASS
