/var/tmp/faas-metal-smoke-managed-pg-resource-links-f8b10c6a/source.tar.gz: OK
validation source: 69a9e6f14231c489d5908246412b2baf9f638531
Linux gregale-internal-test-1.us-east1-b.c.gregale-prod.internal 7.0.0-1011-gcp #11~24.04.1-Ubuntu SMP PREEMPT Tue Aug 11 20:14:48 UTC 2026 x86_64 x86_64 x86_64 GNU/Linux
go version go1.25.13 linux/amd64
leakcheck OK — no leaked netns/taps/jails/cgroups/processes/mounts
e2fsck 1.47.0 (5-Feb-2023)
Pass 1: Checking inodes, blocks, and sizes
Pass 2: Checking directory structure
Pass 3: Checking directory connectivity
Pass 4: Checking reference counts
Pass 5: Checking group summary information
faas-metal-smoke: 28/16384 files (3.6% non-contiguous), 8074/16384 blocks
e2fsck 1.47.0 (5-Feb-2023)
Pass 1: Checking inodes, blocks, and sizes
Pass 2: Checking directory structure
Pass 3: Checking directory connectivity
Pass 4: Checking reference counts
Pass 5: Checking group summary information
faas-metal-layer: 16/4096 files (0.0% non-contiguous), 272/4096 blocks
178f50d3a868d8fc08228225cd49fca2d8f117a88c8924385b33166c4f158e3b  /srv/fc/base/vmlinux-6.1.134
853107250bd796ad3d41cc3d1dc0a7a8dbd5906e0c3b0335a83101bc54299286  /var/tmp/faas-metal-smoke-managed-pg-resource-links-f8b10c6a/fixtures/hello-base.ext4
584b2c1fbd7f373d3e93f4a8210965b5bd36865403a05564de422b4fa602edea  /var/tmp/faas-metal-smoke-managed-pg-resource-links-f8b10c6a/fixtures/hello-layer.ext4
=== RUN   TestFailureReportOwnershipRequiresResourceIdentity
--- PASS: TestFailureReportOwnershipRequiresResourceIdentity (0.00s)
=== RUN   TestMetalTeardownRetainsOwnershipUntilConfirmed
--- PASS: TestMetalTeardownRetainsOwnershipUntilConfirmed (1.01s)
=== RUN   TestMetalResourceAssetsBindLifecycle
--- PASS: TestMetalResourceAssetsBindLifecycle (0.03s)
=== RUN   TestMetalResourceAssetsRefuseForeignMountAndTarget
--- PASS: TestMetalResourceAssetsRefuseForeignMountAndTarget (0.01s)
=== RUN   TestMetalResourceAssetsFailedBindCheckpoint
=== RUN   TestMetalResourceAssetsFailedBindCheckpoint/intent
=== RUN   TestMetalResourceAssetsFailedBindCheckpoint/target
=== RUN   TestMetalResourceAssetsFailedBindCheckpoint/mount
--- PASS: TestMetalResourceAssetsFailedBindCheckpoint (0.02s)
    --- PASS: TestMetalResourceAssetsFailedBindCheckpoint/intent (0.01s)
    --- PASS: TestMetalResourceAssetsFailedBindCheckpoint/target (0.01s)
    --- PASS: TestMetalResourceAssetsFailedBindCheckpoint/mount (0.01s)
=== RUN   TestResourceAssetsIntentCheckpointAndReopen
--- PASS: TestResourceAssetsIntentCheckpointAndReopen (0.00s)
=== RUN   TestResourceAssetsFailedCommitRetainsCleanup
=== RUN   TestResourceAssetsFailedCommitRetainsCleanup/intent
=== RUN   TestResourceAssetsFailedCommitRetainsCleanup/checkpoint
=== RUN   TestResourceAssetsFailedCommitRetainsCleanup/retirement
--- PASS: TestResourceAssetsFailedCommitRetainsCleanup (0.00s)
    --- PASS: TestResourceAssetsFailedCommitRetainsCleanup/intent (0.00s)
    --- PASS: TestResourceAssetsFailedCommitRetainsCleanup/checkpoint (0.00s)
    --- PASS: TestResourceAssetsFailedCommitRetainsCleanup/retirement (0.00s)
=== RUN   TestResourceAssetsRefuseReplacedFile
--- PASS: TestResourceAssetsRefuseReplacedFile (0.00s)
=== RUN   TestResourceAssetsLegacyAndCorruptRecords
=== RUN   TestResourceAssetsLegacyAndCorruptRecords/legacy
=== RUN   TestResourceAssetsLegacyAndCorruptRecords/legacy_assets
=== RUN   TestResourceAssetsLegacyAndCorruptRecords/relative
=== RUN   TestResourceAssetsLegacyAndCorruptRecords/duplicate
=== RUN   TestResourceAssetsLegacyAndCorruptRecords/unknown
=== RUN   TestResourceAssetsLegacyAndCorruptRecords/partial_mount
=== RUN   TestResourceAssetsLegacyAndCorruptRecords/namespace_mismatch
--- PASS: TestResourceAssetsLegacyAndCorruptRecords (0.01s)
    --- PASS: TestResourceAssetsLegacyAndCorruptRecords/legacy (0.00s)
    --- PASS: TestResourceAssetsLegacyAndCorruptRecords/legacy_assets (0.00s)
    --- PASS: TestResourceAssetsLegacyAndCorruptRecords/relative (0.00s)
    --- PASS: TestResourceAssetsLegacyAndCorruptRecords/duplicate (0.00s)
    --- PASS: TestResourceAssetsLegacyAndCorruptRecords/unknown (0.00s)
    --- PASS: TestResourceAssetsLegacyAndCorruptRecords/partial_mount (0.00s)
    --- PASS: TestResourceAssetsLegacyAndCorruptRecords/namespace_mismatch (0.00s)
=== RUN   TestResourceAssetsBindModeRetryAndAliases
--- PASS: TestResourceAssetsBindModeRetryAndAliases (0.00s)
=== RUN   TestResourceAssetsBindModeWaitsForForeignOwner
--- PASS: TestResourceAssetsBindModeWaitsForForeignOwner (0.00s)
=== RUN   TestResourceAssetsMountInfoIdentity
--- PASS: TestResourceAssetsMountInfoIdentity (0.00s)
=== RUN   TestMetalResourceJournalSurvivingGuest
    resource_journal_metal_test.go:63: wake bbbbbbbb-2222-4222-8222-bbbbbbbbbbbb: network setup: capture created veth
        veth identity changed or lacks a live owner
        check veth vh0: veth identity changed or lacks a live owner
    resource_journal_metal_test.go:52: survivor cleanup: check veth vh0: veth identity changed or lacks a live owner
    resource_journal_metal_test.go:56: journal retirement: 1 records, <nil>
    resource_journal_metal_test.go:58: leakcheck found leaks:
          - netns fc-bbbbbbbb-2222-4222-8222-bbbbbbbbbbbb
          - netdev vh0@vp0
--- FAIL: TestMetalResourceJournalSurvivingGuest (0.04s)
=== RUN   TestResourceJournalExclusiveDurableAndConcurrent
--- PASS: TestResourceJournalExclusiveDurableAndConcurrent (0.01s)
=== RUN   TestResourceJournalBootOrderingAndConfirmedRetirement
=== RUN   TestResourceJournalBootOrderingAndConfirmedRetirement/job=false
=== RUN   TestResourceJournalBootOrderingAndConfirmedRetirement/job=true
--- PASS: TestResourceJournalBootOrderingAndConfirmedRetirement (0.01s)
    --- PASS: TestResourceJournalBootOrderingAndConfirmedRetirement/job=false (0.01s)
    --- PASS: TestResourceJournalBootOrderingAndConfirmedRetirement/job=true (0.00s)
=== RUN   TestResourceJournalWriteFailureRejectsBoot
--- PASS: TestResourceJournalWriteFailureRejectsBoot (0.00s)
=== RUN   TestResourceJournalRecoveredIntentQuarantinesWithoutResources
--- PASS: TestResourceJournalRecoveredIntentQuarantinesWithoutResources (0.00s)
=== RUN   TestResourceJournalProcessIncarnationMatches
=== RUN   TestResourceJournalProcessIncarnationMatches/match
=== RUN   TestResourceJournalProcessIncarnationMatches/reused_pid
=== RUN   TestResourceJournalProcessIncarnationMatches/other_boot
=== RUN   TestResourceJournalProcessIncarnationMatches/other_uid
=== RUN   TestResourceJournalProcessIncarnationMatches/other_instance
=== RUN   TestResourceJournalProcessIncarnationMatches/gone
=== RUN   TestResourceJournalProcessIncarnationMatches/missing_boot
--- PASS: TestResourceJournalProcessIncarnationMatches (0.02s)
    --- PASS: TestResourceJournalProcessIncarnationMatches/match (0.00s)
    --- PASS: TestResourceJournalProcessIncarnationMatches/reused_pid (0.00s)
    --- PASS: TestResourceJournalProcessIncarnationMatches/other_boot (0.00s)
    --- PASS: TestResourceJournalProcessIncarnationMatches/other_uid (0.00s)
    --- PASS: TestResourceJournalProcessIncarnationMatches/other_instance (0.00s)
    --- PASS: TestResourceJournalProcessIncarnationMatches/gone (0.00s)
    --- PASS: TestResourceJournalProcessIncarnationMatches/missing_boot (0.00s)
=== RUN   TestResourceJournalRejectsCorruptStorage
=== RUN   TestResourceJournalRejectsCorruptStorage/version
=== RUN   TestResourceJournalRejectsCorruptStorage/uid
=== RUN   TestResourceJournalRejectsCorruptStorage/duplicate_slot
=== RUN   TestResourceJournalRejectsCorruptStorage/trailing
=== RUN   TestResourceJournalRejectsCorruptStorage/unknown_field
=== RUN   TestResourceJournalRejectsCorruptStorage/permissions
=== RUN   TestResourceJournalRejectsCorruptStorage/symlink
=== RUN   TestResourceJournalRejectsCorruptStorage/hardlink
=== RUN   TestResourceJournalRejectsCorruptStorage/unexpected
--- PASS: TestResourceJournalRejectsCorruptStorage (0.01s)
    --- PASS: TestResourceJournalRejectsCorruptStorage/version (0.00s)
    --- PASS: TestResourceJournalRejectsCorruptStorage/uid (0.00s)
    --- PASS: TestResourceJournalRejectsCorruptStorage/duplicate_slot (0.00s)
    --- PASS: TestResourceJournalRejectsCorruptStorage/trailing (0.00s)
    --- PASS: TestResourceJournalRejectsCorruptStorage/unknown_field (0.00s)
    --- PASS: TestResourceJournalRejectsCorruptStorage/permissions (0.00s)
    --- PASS: TestResourceJournalRejectsCorruptStorage/symlink (0.00s)
    --- PASS: TestResourceJournalRejectsCorruptStorage/hardlink (0.00s)
    --- PASS: TestResourceJournalRejectsCorruptStorage/unexpected (0.00s)
=== RUN   TestResourceLinksRtnetlinkParser
--- PASS: TestResourceLinksRtnetlinkParser (0.00s)
=== RUN   TestMetalResourceLinksReplacement
=== RUN   TestMetalResourceLinksReplacement/dummy
    resource_links_metal_test.go:48: ip: exit status 1: Cannot create namespace file "/run/netns/fc-bbbbbbbb-2222-4222-8222-bbbbbbbbbbbb": File exists
=== RUN   TestMetalResourceLinksReplacement/veth
    resource_links_metal_test.go:55: capture created veth
        veth identity changed or lacks a live owner
=== RUN   TestMetalResourceLinksReplacement/alias
    resource_links_metal_test.go:55: capture created veth
        veth identity changed or lacks a live owner
=== RUN   TestMetalResourceLinksReplacement/rename
    resource_links_metal_test.go:55: capture created veth
        veth identity changed or lacks a live owner
--- FAIL: TestMetalResourceLinksReplacement (0.17s)
    --- FAIL: TestMetalResourceLinksReplacement/dummy (0.02s)
    --- FAIL: TestMetalResourceLinksReplacement/veth (0.05s)
    --- FAIL: TestMetalResourceLinksReplacement/alias (0.04s)
    --- FAIL: TestMetalResourceLinksReplacement/rename (0.06s)
=== RUN   TestResourceLinksRejectReplacementBeforeNamespaceDeletion
=== RUN   TestResourceLinksRejectReplacementBeforeNamespaceDeletion/index
=== RUN   TestResourceLinksRejectReplacementBeforeNamespaceDeletion/alias
=== RUN   TestResourceLinksRejectReplacementBeforeNamespaceDeletion/kind
=== RUN   TestResourceLinksRejectReplacementBeforeNamespaceDeletion/rename
=== RUN   TestResourceLinksRejectReplacementBeforeNamespaceDeletion/creator
=== RUN   TestResourceLinksRejectReplacementBeforeNamespaceDeletion/absent_creator
=== RUN   TestResourceLinksRejectReplacementBeforeNamespaceDeletion/unknown_owner
--- PASS: TestResourceLinksRejectReplacementBeforeNamespaceDeletion (0.03s)
    --- PASS: TestResourceLinksRejectReplacementBeforeNamespaceDeletion/index (0.01s)
    --- PASS: TestResourceLinksRejectReplacementBeforeNamespaceDeletion/alias (0.01s)
    --- PASS: TestResourceLinksRejectReplacementBeforeNamespaceDeletion/kind (0.00s)
    --- PASS: TestResourceLinksRejectReplacementBeforeNamespaceDeletion/rename (0.00s)
    --- PASS: TestResourceLinksRejectReplacementBeforeNamespaceDeletion/creator (0.00s)
    --- PASS: TestResourceLinksRejectReplacementBeforeNamespaceDeletion/absent_creator (0.00s)
    --- PASS: TestResourceLinksRejectReplacementBeforeNamespaceDeletion/unknown_owner (0.00s)
=== RUN   TestResourceLinksDurableOrderingAndFailures
=== RUN   TestResourceLinksDurableOrderingAndFailures/intent
=== RUN   TestResourceLinksDurableOrderingAndFailures/checkpoint
=== RUN   TestResourceLinksDurableOrderingAndFailures/retirement
--- PASS: TestResourceLinksDurableOrderingAndFailures (0.01s)
    --- PASS: TestResourceLinksDurableOrderingAndFailures/intent (0.00s)
    --- PASS: TestResourceLinksDurableOrderingAndFailures/checkpoint (0.00s)
    --- PASS: TestResourceLinksDurableOrderingAndFailures/retirement (0.00s)
=== RUN   TestResourceLinksPrivateReplacementAndUnpublishedAttachment
--- PASS: TestResourceLinksPrivateReplacementAndUnpublishedAttachment (0.01s)
=== RUN   TestResourceLinksLivePrivateReconciliation
--- PASS: TestResourceLinksLivePrivateReconciliation (0.01s)
=== RUN   TestResourceLinksPreparedReplacementRetainsReservation
--- PASS: TestResourceLinksPreparedReplacementRetainsReservation (0.00s)
=== RUN   TestResourceLinksRecordValidationAndClone
=== RUN   TestResourceLinksRecordValidationAndClone/legacy
=== RUN   TestResourceLinksRecordValidationAndClone/networkless
=== RUN   TestResourceLinksRecordValidationAndClone/name
=== RUN   TestResourceLinksRecordValidationAndClone/epoch
=== RUN   TestResourceLinksRecordValidationAndClone/index
=== RUN   TestResourceLinksRecordValidationAndClone/extra
--- PASS: TestResourceLinksRecordValidationAndClone (0.01s)
    --- PASS: TestResourceLinksRecordValidationAndClone/legacy (0.00s)
    --- PASS: TestResourceLinksRecordValidationAndClone/networkless (0.00s)
    --- PASS: TestResourceLinksRecordValidationAndClone/name (0.00s)
    --- PASS: TestResourceLinksRecordValidationAndClone/epoch (0.00s)
    --- PASS: TestResourceLinksRecordValidationAndClone/index (0.00s)
    --- PASS: TestResourceLinksRecordValidationAndClone/extra (0.00s)
=== RUN   TestMetalResourcePlacementPreparedAlias
    resource_placement_metal_test.go:47: capture created veth
        veth identity changed or lacks a live owner
--- FAIL: TestMetalResourcePlacementPreparedAlias (0.01s)
=== RUN   TestMetalResourcePlacementForeignJailMount
    resource_assets_metal_test.go:41: leakcheck found leaks:
          - netns fc-prepared-2b82da1c-95ff-47e2-bc55-2501b1068d71
          - netdev vh0@vp0
--- FAIL: TestMetalResourcePlacementForeignJailMount (0.02s)
=== RUN   TestMetalResourcePlacementNamespaceReplacement
    resource_placement_metal_test.go:135: leakcheck found leaks:
          - netns fc-prepared-2b82da1c-95ff-47e2-bc55-2501b1068d71
          - netdev vh0@vp0
--- FAIL: TestMetalResourcePlacementNamespaceReplacement (0.03s)
=== RUN   TestResourcePlacementJailCheckpointReopenAndReplacement
--- PASS: TestResourcePlacementJailCheckpointReopenAndReplacement (0.00s)
=== RUN   TestResourcePlacementLegacyAndInvalidRecords
=== RUN   TestResourcePlacementLegacyAndInvalidRecords/legacy1
=== RUN   TestResourcePlacementLegacyAndInvalidRecords/legacy2
=== RUN   TestResourcePlacementLegacyAndInvalidRecords/old_jail
=== RUN   TestResourcePlacementLegacyAndInvalidRecords/wrong_jail
=== RUN   TestResourcePlacementLegacyAndInvalidRecords/wrong_netns
=== RUN   TestResourcePlacementLegacyAndInvalidRecords/partial_netns
=== RUN   TestResourcePlacementLegacyAndInvalidRecords/networkless
--- PASS: TestResourcePlacementLegacyAndInvalidRecords (0.00s)
    --- PASS: TestResourcePlacementLegacyAndInvalidRecords/legacy1 (0.00s)
    --- PASS: TestResourcePlacementLegacyAndInvalidRecords/legacy2 (0.00s)
    --- PASS: TestResourcePlacementLegacyAndInvalidRecords/old_jail (0.00s)
    --- PASS: TestResourcePlacementLegacyAndInvalidRecords/wrong_jail (0.00s)
    --- PASS: TestResourcePlacementLegacyAndInvalidRecords/wrong_netns (0.00s)
    --- PASS: TestResourcePlacementLegacyAndInvalidRecords/partial_netns (0.00s)
    --- PASS: TestResourcePlacementLegacyAndInvalidRecords/networkless (0.00s)
=== RUN   TestResourcePlacementJailCommitFailures
=== RUN   TestResourcePlacementJailCommitFailures/intent
=== RUN   TestResourcePlacementJailCommitFailures/checkpoint
=== RUN   TestResourcePlacementJailCommitFailures/retirement
--- PASS: TestResourcePlacementJailCommitFailures (0.01s)
    --- PASS: TestResourcePlacementJailCommitFailures/intent (0.00s)
    --- PASS: TestResourcePlacementJailCommitFailures/checkpoint (0.00s)
    --- PASS: TestResourcePlacementJailCommitFailures/retirement (0.00s)
=== RUN   TestResourcePlacementNetworkOrderingReplacementAndRetirement
--- PASS: TestResourcePlacementNetworkOrderingReplacementAndRetirement (0.00s)
=== RUN   TestResourcePlacementPreparedTransfer
--- PASS: TestResourcePlacementPreparedTransfer (0.00s)
=== RUN   TestResourcePlacementNetworkCheckpointFailure
--- PASS: TestResourcePlacementNetworkCheckpointFailure (0.00s)
=== RUN   TestResourcePlacementAbsentPathRequiresCreatorContext
--- PASS: TestResourcePlacementAbsentPathRequiresCreatorContext (0.00s)
=== RUN   TestMetalRestartQuarantineProtectsSurvivingGuest
=== RUN   TestMetalRestartQuarantineProtectsSurvivingGuest/uuid
    restart_quarantine_metal_test.go:54: leakcheck found leaks:
          - netns fc-prepared-2b82da1c-95ff-47e2-bc55-2501b1068d71
    helper_metal_test.go:68: guest cccccccc-3333-4333-8333-cccccccccccc: 2026-10-02T22:51:41.832651229 [cccccccc-3333-4333-8333-cccccccccccc:main] Successfully started microvm that was configured from one single json
    helper_metal_test.go:68: guest cccccccc-3333-4333-8333-cccccccccccc: guest-init: stage boot
    helper_metal_test.go:68: guest cccccccc-3333-4333-8333-cccccccccccc: guest-init: stage mount-basics
    helper_metal_test.go:68: guest cccccccc-3333-4333-8333-cccccccccccc: guest-init: stage assemble-overlay
    helper_metal_test.go:68: guest cccccccc-3333-4333-8333-cccccccccccc: guest-init: stage pivot
    helper_metal_test.go:68: guest cccccccc-3333-4333-8333-cccccccccccc: guest-init: stage mode-0
    helper_metal_test.go:68: guest cccccccc-3333-4333-8333-cccccccccccc: 2026/10/02 22:51:42 INFO workload identity proxy started endpoint=http://127.0.0.1:2773/oidc/token
    helper_metal_test.go:68: guest cccccccc-3333-4333-8333-cccccccccccc: 2026/10/02 22:51:42 WARN event publish proxy unavailable err="event publish proxy listen: listen tcp4 169.254.169.254:80: bind: cannot assign requested address"
    helper_metal_test.go:68: guest cccccccc-3333-4333-8333-cccccccccccc: 2026/10/02 22:51:42 WARN stateless advisory fanotify_mark failed (non-fatal) path=/data err="invalid argument"
    helper_metal_test.go:68: guest cccccccc-3333-4333-8333-cccccccccccc: 2026/10/02 22:51:42 WARN stateless advisory fanotify_mark failed (non-fatal) path=/db err="invalid argument"
    helper_metal_test.go:68: guest cccccccc-3333-4333-8333-cccccccccccc: 2026/10/02 22:51:42 WARN stateless advisory fanotify_mark failed (non-fatal) path=/var/lib/postgresql err="invalid argument"
    helper_metal_test.go:68: guest cccccccc-3333-4333-8333-cccccccccccc: 2026/10/02 22:51:42 WARN stateless advisory fanotify_mark failed (non-fatal) path=/var/lib/redis err="invalid argument"
    helper_metal_test.go:68: guest cccccccc-3333-4333-8333-cccccccccccc: 2026/10/02 22:51:42 WARN stateless advisory fanotify_mark failed (non-fatal) path=/var/lib/mysql err="invalid argument"
    helper_metal_test.go:68: guest cccccccc-3333-4333-8333-cccccccccccc: 2026/10/02 22:51:42 WARN stateless advisory fanotify_mark failed (non-fatal) path=/var/lib/mongodb err="invalid argument"
    helper_metal_test.go:68: guest cccccccc-3333-4333-8333-cccccccccccc: 2026/10/02 22:51:42 WARN stateless advisory fanotify_mark failed (non-fatal) path=/var/lib/mongo err="invalid argument"
    helper_metal_test.go:68: guest cccccccc-3333-4333-8333-cccccccccccc: 2026/10/02 22:51:42 WARN stateless advisory fanotify_mark failed (non-fatal) path=/var/lib/cockroach err="invalid argument"
    helper_metal_test.go:68: guest cccccccc-3333-4333-8333-cccccccccccc: 2026/10/02 22:51:42 WARN stateless advisory fanotify_mark failed (non-fatal) path=/var/lib/cassandra err="invalid argument"
    helper_metal_test.go:68: guest cccccccc-3333-4333-8333-cccccccccccc: 2026/10/02 22:51:42 WARN stateless advisory fanotify_mark failed (non-fatal) path=/var/lib/clickhouse err="invalid argument"
    helper_metal_test.go:68: guest cccccccc-3333-4333-8333-cccccccccccc: 2026/10/02 22:51:42 WARN stateless advisory unavailable err="vsock socket: no such device"
    helper_metal_test.go:68: guest cccccccc-3333-4333-8333-cccccccccccc: 2026/10/02 22:51:42 INFO tail_events proxy started socket=/run/guest-init/tail-events.sock vsock_port=1027
    helper_metal_test.go:68: guest cccccccc-3333-4333-8333-cccccccccccc: 2026/10/02 22:51:42 INFO sidecar events proxy started vsock_port=1027 transport=stream
    helper_metal_test.go:68: guest cccccccc-3333-4333-8333-cccccccccccc: 2026/10/02 22:51:42 INFO framework_ready stream proxy started vsock_port=1027
    helper_metal_test.go:68: guest cccccccc-3333-4333-8333-cccccccccccc: 2026/10/02 22:51:42 INFO healthcheck: NONE shape; no poll goroutine
    helper_metal_test.go:68: guest bbbbbbbb-2222-4222-8222-bbbbbbbbbbbb: 2026-10-02T22:51:40.987197280 [bbbbbbbb-2222-4222-8222-bbbbbbbbbbbb:main] Successfully started microvm that was configured from one single json
    helper_metal_test.go:68: guest bbbbbbbb-2222-4222-8222-bbbbbbbbbbbb: guest-init: stage boot
    helper_metal_test.go:68: guest bbbbbbbb-2222-4222-8222-bbbbbbbbbbbb: guest-init: stage mount-basics
    helper_metal_test.go:68: guest bbbbbbbb-2222-4222-8222-bbbbbbbbbbbb: guest-init: stage assemble-overlay
    helper_metal_test.go:68: guest bbbbbbbb-2222-4222-8222-bbbbbbbbbbbb: guest-init: stage pivot
    helper_metal_test.go:68: guest bbbbbbbb-2222-4222-8222-bbbbbbbbbbbb: guest-init: stage mode-0
    helper_metal_test.go:68: guest bbbbbbbb-2222-4222-8222-bbbbbbbbbbbb: 2026/10/02 22:51:41 INFO workload identity proxy started endpoint=http://127.0.0.1:2773/oidc/token
    helper_metal_test.go:68: guest bbbbbbbb-2222-4222-8222-bbbbbbbbbbbb: 2026/10/02 22:51:41 WARN event publish proxy unavailable err="event publish proxy listen: listen tcp4 169.254.169.254:80: bind: cannot assign requested address"
    helper_metal_test.go:68: guest bbbbbbbb-2222-4222-8222-bbbbbbbbbbbb: 2026/10/02 22:51:41 WARN stateless advisory fanotify_mark failed (non-fatal) path=/data err="invalid argument"
    helper_metal_test.go:68: guest bbbbbbbb-2222-4222-8222-bbbbbbbbbbbb: 2026/10/02 22:51:41 WARN stateless advisory fanotify_mark failed (non-fatal) path=/db err="invalid argument"
    helper_metal_test.go:68: guest bbbbbbbb-2222-4222-8222-bbbbbbbbbbbb: 2026/10/02 22:51:41 WARN stateless advisory fanotify_mark failed (non-fatal) path=/var/lib/postgresql err="invalid argument"
    helper_metal_test.go:68: guest bbbbbbbb-2222-4222-8222-bbbbbbbbbbbb: 2026/10/02 22:51:41 WARN stateless advisory fanotify_mark failed (non-fatal) path=/var/lib/redis err="invalid argument"
    helper_metal_test.go:68: guest bbbbbbbb-2222-4222-8222-bbbbbbbbbbbb: 2026/10/02 22:51:41 WARN stateless advisory fanotify_mark failed (non-fatal) path=/var/lib/mysql err="invalid argument"
    helper_metal_test.go:68: guest bbbbbbbb-2222-4222-8222-bbbbbbbbbbbb: 2026/10/02 22:51:41 WARN stateless advisory fanotify_mark failed (non-fatal) path=/var/lib/mongodb err="invalid argument"
    helper_metal_test.go:68: guest bbbbbbbb-2222-4222-8222-bbbbbbbbbbbb: 2026/10/02 22:51:41 WARN stateless advisory fanotify_mark failed (non-fatal) path=/var/lib/mongo err="invalid argument"
    helper_metal_test.go:68: guest bbbbbbbb-2222-4222-8222-bbbbbbbbbbbb: 2026/10/02 22:51:41 WARN stateless advisory fanotify_mark failed (non-fatal) path=/var/lib/cockroach err="invalid argument"
    helper_metal_test.go:68: guest bbbbbbbb-2222-4222-8222-bbbbbbbbbbbb: 2026/10/02 22:51:41 WARN stateless advisory fanotify_mark failed (non-fatal) path=/var/lib/cassandra err="invalid argument"
    helper_metal_test.go:68: guest bbbbbbbb-2222-4222-8222-bbbbbbbbbbbb: 2026/10/02 22:51:41 WARN stateless advisory fanotify_mark failed (non-fatal) path=/var/lib/clickhouse err="invalid argument"
    helper_metal_test.go:68: guest bbbbbbbb-2222-4222-8222-bbbbbbbbbbbb: 2026/10/02 22:51:41 WARN stateless advisory unavailable err="vsock socket: no such device"
    helper_metal_test.go:68: guest bbbbbbbb-2222-4222-8222-bbbbbbbbbbbb: 2026/10/02 22:51:41 INFO tail_events proxy started socket=/run/guest-init/tail-events.sock vsock_port=1027
    helper_metal_test.go:68: guest bbbbbbbb-2222-4222-8222-bbbbbbbbbbbb: 2026/10/02 22:51:41 INFO sidecar events proxy started vsock_port=1027 transport=stream
    helper_metal_test.go:68: guest bbbbbbbb-2222-4222-8222-bbbbbbbbbbbb: 2026/10/02 22:51:41 INFO framework_ready stream proxy started vsock_port=1027
    helper_metal_test.go:68: guest bbbbbbbb-2222-4222-8222-bbbbbbbbbbbb: 2026/10/02 22:51:41 INFO healthcheck: NONE shape; no poll goroutine
    helper_metal_test.go:68: guest bbbbbbbb-2222-4222-8222-bbbbbbbbbbbb: 2026/10/02 22:51:41 INFO characterization complete mode=none port=8080 class=http exit=-1 shipped=true reason=ok duration=62.123204ms pid=130 owned_sockets=2 listen_rows_tcp=2 listen_rows_tcp6=-1
=== RUN   TestMetalRestartQuarantineProtectsSurvivingGuest/builder_id
    restart_quarantine_metal_test.go:54: leakcheck found leaks:
          - netns fc-prepared-2b82da1c-95ff-47e2-bc55-2501b1068d71
    helper_metal_test.go:68: guest cccccccc-3333-4333-8333-cccccccccccc: 2026-10-02T22:51:43.621690761 [cccccccc-3333-4333-8333-cccccccccccc:main] Successfully started microvm that was configured from one single json
    helper_metal_test.go:68: guest cccccccc-3333-4333-8333-cccccccccccc: guest-init: stage boot
    helper_metal_test.go:68: guest cccccccc-3333-4333-8333-cccccccccccc: guest-init: stage mount-basics
    helper_metal_test.go:68: guest cccccccc-3333-4333-8333-cccccccccccc: guest-init: stage assemble-overlay
    helper_metal_test.go:68: guest cccccccc-3333-4333-8333-cccccccccccc: guest-init: stage pivot
    helper_metal_test.go:68: guest cccccccc-3333-4333-8333-cccccccccccc: guest-init: stage mode-0
    helper_metal_test.go:68: guest cccccccc-3333-4333-8333-cccccccccccc: 2026/10/02 22:51:43 INFO workload identity proxy started endpoint=http://127.0.0.1:2773/oidc/token
    helper_metal_test.go:68: guest cccccccc-3333-4333-8333-cccccccccccc: 2026/10/02 22:51:43 WARN event publish proxy unavailable err="event publish proxy listen: listen tcp4 169.254.169.254:80: bind: cannot assign requested address"
    helper_metal_test.go:68: guest cccccccc-3333-4333-8333-cccccccccccc: 2026/10/02 22:51:43 WARN stateless advisory fanotify_mark failed (non-fatal) path=/data err="invalid argument"
    helper_metal_test.go:68: guest cccccccc-3333-4333-8333-cccccccccccc: 2026/10/02 22:51:43 WARN stateless advisory fanotify_mark failed (non-fatal) path=/db err="invalid argument"
    helper_metal_test.go:68: guest cccccccc-3333-4333-8333-cccccccccccc: 2026/10/02 22:51:43 WARN stateless advisory fanotify_mark failed (non-fatal) path=/var/lib/postgresql err="invalid argument"
    helper_metal_test.go:68: guest cccccccc-3333-4333-8333-cccccccccccc: 2026/10/02 22:51:43 WARN stateless advisory fanotify_mark failed (non-fatal) path=/var/lib/redis err="invalid argument"
    helper_metal_test.go:68: guest cccccccc-3333-4333-8333-cccccccccccc: 2026/10/02 22:51:43 WARN stateless advisory fanotify_mark failed (non-fatal) path=/var/lib/mysql err="invalid argument"
    helper_metal_test.go:68: guest cccccccc-3333-4333-8333-cccccccccccc: 2026/10/02 22:51:43 WARN stateless advisory fanotify_mark failed (non-fatal) path=/var/lib/mongodb err="invalid argument"
    helper_metal_test.go:68: guest cccccccc-3333-4333-8333-cccccccccccc: 2026/10/02 22:51:43 WARN stateless advisory fanotify_mark failed (non-fatal) path=/var/lib/mongo err="invalid argument"
    helper_metal_test.go:68: guest cccccccc-3333-4333-8333-cccccccccccc: 2026/10/02 22:51:43 WARN stateless advisory fanotify_mark failed (non-fatal) path=/var/lib/cockroach err="invalid argument"
    helper_metal_test.go:68: guest cccccccc-3333-4333-8333-cccccccccccc: 2026/10/02 22:51:43 WARN stateless advisory fanotify_mark failed (non-fatal) path=/var/lib/cassandra err="invalid argument"
    helper_metal_test.go:68: guest cccccccc-3333-4333-8333-cccccccccccc: 2026/10/02 22:51:43 WARN stateless advisory fanotify_mark failed (non-fatal) path=/var/lib/clickhouse err="invalid argument"
    helper_metal_test.go:68: guest cccccccc-3333-4333-8333-cccccccccccc: 2026/10/02 22:51:43 WARN stateless advisory unavailable err="vsock socket: no such device"
    helper_metal_test.go:68: guest cccccccc-3333-4333-8333-cccccccccccc: 2026/10/02 22:51:43 INFO tail_events proxy started socket=/run/guest-init/tail-events.sock vsock_port=1027
    helper_metal_test.go:68: guest cccccccc-3333-4333-8333-cccccccccccc: 2026/10/02 22:51:43 INFO sidecar events proxy started vsock_port=1027 transport=stream
    helper_metal_test.go:68: guest cccccccc-3333-4333-8333-cccccccccccc: 2026/10/02 22:51:43 INFO framework_ready stream proxy started vsock_port=1027
    helper_metal_test.go:68: guest cccccccc-3333-4333-8333-cccccccccccc: 2026/10/02 22:51:43 INFO healthcheck: NONE shape; no poll goroutine
    helper_metal_test.go:68: guest build-bbbbbbbb-2222-4222-8222-bbbbbbbbbbbb: 2026-10-02T22:51:42.779761726 [build-bbbbbbbb-2222-4222-8222-bbbbbbbbbbbb:main] Successfully started microvm that was configured from one single json
    helper_metal_test.go:68: guest build-bbbbbbbb-2222-4222-8222-bbbbbbbbbbbb: guest-init: stage boot
    helper_metal_test.go:68: guest build-bbbbbbbb-2222-4222-8222-bbbbbbbbbbbb: guest-init: stage mount-basics
    helper_metal_test.go:68: guest build-bbbbbbbb-2222-4222-8222-bbbbbbbbbbbb: guest-init: stage assemble-overlay
    helper_metal_test.go:68: guest build-bbbbbbbb-2222-4222-8222-bbbbbbbbbbbb: guest-init: stage pivot
    helper_metal_test.go:68: guest build-bbbbbbbb-2222-4222-8222-bbbbbbbbbbbb: guest-init: stage mode-0
    helper_metal_test.go:68: guest build-bbbbbbbb-2222-4222-8222-bbbbbbbbbbbb: 2026/10/02 22:51:43 INFO workload identity proxy started endpoint=http://127.0.0.1:2773/oidc/token
    helper_metal_test.go:68: guest build-bbbbbbbb-2222-4222-8222-bbbbbbbbbbbb: 2026/10/02 22:51:43 WARN event publish proxy unavailable err="event publish proxy listen: listen tcp4 169.254.169.254:80: bind: cannot assign requested address"
    helper_metal_test.go:68: guest build-bbbbbbbb-2222-4222-8222-bbbbbbbbbbbb: 2026/10/02 22:51:43 WARN stateless advisory fanotify_mark failed (non-fatal) path=/data err="invalid argument"
    helper_metal_test.go:68: guest build-bbbbbbbb-2222-4222-8222-bbbbbbbbbbbb: 2026/10/02 22:51:43 WARN stateless advisory fanotify_mark failed (non-fatal) path=/db err="invalid argument"
    helper_metal_test.go:68: guest build-bbbbbbbb-2222-4222-8222-bbbbbbbbbbbb: 2026/10/02 22:51:43 WARN stateless advisory fanotify_mark failed (non-fatal) path=/var/lib/postgresql err="invalid argument"
    helper_metal_test.go:68: guest build-bbbbbbbb-2222-4222-8222-bbbbbbbbbbbb: 2026/10/02 22:51:43 WARN stateless advisory fanotify_mark failed (non-fatal) path=/var/lib/redis err="invalid argument"
    helper_metal_test.go:68: guest build-bbbbbbbb-2222-4222-8222-bbbbbbbbbbbb: 2026/10/02 22:51:43 WARN stateless advisory fanotify_mark failed (non-fatal) path=/var/lib/mysql err="invalid argument"
    helper_metal_test.go:68: guest build-bbbbbbbb-2222-4222-8222-bbbbbbbbbbbb: 2026/10/02 22:51:43 WARN stateless advisory fanotify_mark failed (non-fatal) path=/var/lib/mongodb err="invalid argument"
    helper_metal_test.go:68: guest build-bbbbbbbb-2222-4222-8222-bbbbbbbbbbbb: 2026/10/02 22:51:43 WARN stateless advisory fanotify_mark failed (non-fatal) path=/var/lib/mongo err="invalid argument"
    helper_metal_test.go:68: guest build-bbbbbbbb-2222-4222-8222-bbbbbbbbbbbb: 2026/10/02 22:51:43 WARN stateless advisory fanotify_mark failed (non-fatal) path=/var/lib/cockroach err="invalid argument"
    helper_metal_test.go:68: guest build-bbbbbbbb-2222-4222-8222-bbbbbbbbbbbb: 2026/10/02 22:51:43 WARN stateless advisory fanotify_mark failed (non-fatal) path=/var/lib/cassandra err="invalid argument"
    helper_metal_test.go:68: guest build-bbbbbbbb-2222-4222-8222-bbbbbbbbbbbb: 2026/10/02 22:51:43 WARN stateless advisory fanotify_mark failed (non-fatal) path=/var/lib/clickhouse err="invalid argument"
    helper_metal_test.go:68: guest build-bbbbbbbb-2222-4222-8222-bbbbbbbbbbbb: 2026/10/02 22:51:43 WARN stateless advisory unavailable err="vsock socket: no such device"
    helper_metal_test.go:68: guest build-bbbbbbbb-2222-4222-8222-bbbbbbbbbbbb: 2026/10/02 22:51:43 INFO tail_events proxy started socket=/run/guest-init/tail-events.sock vsock_port=1027
    helper_metal_test.go:68: guest build-bbbbbbbb-2222-4222-8222-bbbbbbbbbbbb: 2026/10/02 22:51:43 INFO sidecar events proxy started vsock_port=1027 transport=stream
    helper_metal_test.go:68: guest build-bbbbbbbb-2222-4222-8222-bbbbbbbbbbbb: 2026/10/02 22:51:43 INFO framework_ready stream proxy started vsock_port=1027
    helper_metal_test.go:68: guest build-bbbbbbbb-2222-4222-8222-bbbbbbbbbbbb: 2026/10/02 22:51:43 INFO healthcheck: NONE shape; no poll goroutine
    helper_metal_test.go:68: guest build-bbbbbbbb-2222-4222-8222-bbbbbbbbbbbb: 2026/10/02 22:51:43 INFO characterization complete mode=none port=8080 class=http exit=-1 shipped=true reason=ok duration=61.706303ms pid=130 owned_sockets=2 listen_rows_tcp=2 listen_rows_tcp6=-1
=== RUN   TestMetalRestartQuarantineProtectsSurvivingGuest/compact_id
    restart_quarantine_metal_test.go:54: leakcheck found leaks:
          - netns fc-prepared-2b82da1c-95ff-47e2-bc55-2501b1068d71
    helper_metal_test.go:68: guest cccccccc-3333-4333-8333-cccccccccccc: 2026-10-02T22:51:45.406716203 [cccccccc-3333-4333-8333-cccccccccccc:main] Successfully started microvm that was configured from one single json
    helper_metal_test.go:68: guest cccccccc-3333-4333-8333-cccccccccccc: guest-init: stage boot
    helper_metal_test.go:68: guest cccccccc-3333-4333-8333-cccccccccccc: guest-init: stage mount-basics
    helper_metal_test.go:68: guest cccccccc-3333-4333-8333-cccccccccccc: guest-init: stage assemble-overlay
    helper_metal_test.go:68: guest cccccccc-3333-4333-8333-cccccccccccc: guest-init: stage pivot
    helper_metal_test.go:68: guest cccccccc-3333-4333-8333-cccccccccccc: guest-init: stage mode-0
    helper_metal_test.go:68: guest cccccccc-3333-4333-8333-cccccccccccc: 2026/10/02 22:51:45 INFO workload identity proxy started endpoint=http://127.0.0.1:2773/oidc/token
    helper_metal_test.go:68: guest cccccccc-3333-4333-8333-cccccccccccc: 2026/10/02 22:51:45 WARN event publish proxy unavailable err="event publish proxy listen: listen tcp4 169.254.169.254:80: bind: cannot assign requested address"
    helper_metal_test.go:68: guest cccccccc-3333-4333-8333-cccccccccccc: 2026/10/02 22:51:45 WARN stateless advisory fanotify_mark failed (non-fatal) path=/data err="invalid argument"
    helper_metal_test.go:68: guest cccccccc-3333-4333-8333-cccccccccccc: 2026/10/02 22:51:45 WARN stateless advisory fanotify_mark failed (non-fatal) path=/db err="invalid argument"
    helper_metal_test.go:68: guest cccccccc-3333-4333-8333-cccccccccccc: 2026/10/02 22:51:45 WARN stateless advisory fanotify_mark failed (non-fatal) path=/var/lib/postgresql err="invalid argument"
    helper_metal_test.go:68: guest cccccccc-3333-4333-8333-cccccccccccc: 2026/10/02 22:51:45 WARN stateless advisory fanotify_mark failed (non-fatal) path=/var/lib/redis err="invalid argument"
    helper_metal_test.go:68: guest cccccccc-3333-4333-8333-cccccccccccc: 2026/10/02 22:51:45 WARN stateless advisory fanotify_mark failed (non-fatal) path=/var/lib/mysql err="invalid argument"
    helper_metal_test.go:68: guest cccccccc-3333-4333-8333-cccccccccccc: 2026/10/02 22:51:45 WARN stateless advisory fanotify_mark failed (non-fatal) path=/var/lib/mongodb err="invalid argument"
    helper_metal_test.go:68: guest cccccccc-3333-4333-8333-cccccccccccc: 2026/10/02 22:51:45 WARN stateless advisory fanotify_mark failed (non-fatal) path=/var/lib/mongo err="invalid argument"
    helper_metal_test.go:68: guest cccccccc-3333-4333-8333-cccccccccccc: 2026/10/02 22:51:45 WARN stateless advisory fanotify_mark failed (non-fatal) path=/var/lib/cockroach err="invalid argument"
    helper_metal_test.go:68: guest cccccccc-3333-4333-8333-cccccccccccc: 2026/10/02 22:51:45 WARN stateless advisory fanotify_mark failed (non-fatal) path=/var/lib/cassandra err="invalid argument"
    helper_metal_test.go:68: guest cccccccc-3333-4333-8333-cccccccccccc: 2026/10/02 22:51:45 WARN stateless advisory fanotify_mark failed (non-fatal) path=/var/lib/clickhouse err="invalid argument"
    helper_metal_test.go:68: guest cccccccc-3333-4333-8333-cccccccccccc: 2026/10/02 22:51:45 WARN stateless advisory unavailable err="vsock socket: no such device"
    helper_metal_test.go:68: guest cccccccc-3333-4333-8333-cccccccccccc: 2026/10/02 22:51:45 INFO tail_events proxy started socket=/run/guest-init/tail-events.sock vsock_port=1027
    helper_metal_test.go:68: guest cccccccc-3333-4333-8333-cccccccccccc: 2026/10/02 22:51:45 INFO sidecar events proxy started vsock_port=1027 transport=stream
    helper_metal_test.go:68: guest cccccccc-3333-4333-8333-cccccccccccc: 2026/10/02 22:51:45 INFO framework_ready stream proxy started vsock_port=1027
    helper_metal_test.go:68: guest cccccccc-3333-4333-8333-cccccccccccc: 2026/10/02 22:51:45 INFO healthcheck: NONE shape; no poll goroutine
    helper_metal_test.go:68: guest 0123456789abcdef0123456789abcdef: 2026-10-02T22:51:44.563868100 [0123456789abcdef0123456789abcdef:main] Successfully started microvm that was configured from one single json
    helper_metal_test.go:68: guest 0123456789abcdef0123456789abcdef: guest-init: stage boot
    helper_metal_test.go:68: guest 0123456789abcdef0123456789abcdef: guest-init: stage mount-basics
    helper_metal_test.go:68: guest 0123456789abcdef0123456789abcdef: guest-init: stage assemble-overlay
    helper_metal_test.go:68: guest 0123456789abcdef0123456789abcdef: guest-init: stage pivot
    helper_metal_test.go:68: guest 0123456789abcdef0123456789abcdef: guest-init: stage mode-0
    helper_metal_test.go:68: guest 0123456789abcdef0123456789abcdef: 2026/10/02 22:51:44 INFO workload identity proxy started endpoint=http://127.0.0.1:2773/oidc/token
    helper_metal_test.go:68: guest 0123456789abcdef0123456789abcdef: 2026/10/02 22:51:44 WARN event publish proxy unavailable err="event publish proxy listen: listen tcp4 169.254.169.254:80: bind: cannot assign requested address"
    helper_metal_test.go:68: guest 0123456789abcdef0123456789abcdef: 2026/10/02 22:51:44 WARN stateless advisory fanotify_mark failed (non-fatal) path=/data err="invalid argument"
    helper_metal_test.go:68: guest 0123456789abcdef0123456789abcdef: 2026/10/02 22:51:44 WARN stateless advisory fanotify_mark failed (non-fatal) path=/db err="invalid argument"
    helper_metal_test.go:68: guest 0123456789abcdef0123456789abcdef: 2026/10/02 22:51:44 WARN stateless advisory fanotify_mark failed (non-fatal) path=/var/lib/postgresql err="invalid argument"
    helper_metal_test.go:68: guest 0123456789abcdef0123456789abcdef: 2026/10/02 22:51:44 WARN stateless advisory fanotify_mark failed (non-fatal) path=/var/lib/redis err="invalid argument"
    helper_metal_test.go:68: guest 0123456789abcdef0123456789abcdef: 2026/10/02 22:51:44 WARN stateless advisory fanotify_mark failed (non-fatal) path=/var/lib/mysql err="invalid argument"
    helper_metal_test.go:68: guest 0123456789abcdef0123456789abcdef: 2026/10/02 22:51:44 WARN stateless advisory fanotify_mark failed (non-fatal) path=/var/lib/mongodb err="invalid argument"
    helper_metal_test.go:68: guest 0123456789abcdef0123456789abcdef: 2026/10/02 22:51:44 WARN stateless advisory fanotify_mark failed (non-fatal) path=/var/lib/mongo err="invalid argument"
    helper_metal_test.go:68: guest 0123456789abcdef0123456789abcdef: 2026/10/02 22:51:44 WARN stateless advisory fanotify_mark failed (non-fatal) path=/var/lib/cockroach err="invalid argument"
    helper_metal_test.go:68: guest 0123456789abcdef0123456789abcdef: 2026/10/02 22:51:44 WARN stateless advisory fanotify_mark failed (non-fatal) path=/var/lib/cassandra err="invalid argument"
    helper_metal_test.go:68: guest 0123456789abcdef0123456789abcdef: 2026/10/02 22:51:44 WARN stateless advisory fanotify_mark failed (non-fatal) path=/var/lib/clickhouse err="invalid argument"
    helper_metal_test.go:68: guest 0123456789abcdef0123456789abcdef: 2026/10/02 22:51:44 WARN stateless advisory unavailable err="vsock socket: no such device"
    helper_metal_test.go:68: guest 0123456789abcdef0123456789abcdef: 2026/10/02 22:51:44 INFO tail_events proxy started socket=/run/guest-init/tail-events.sock vsock_port=1027
    helper_metal_test.go:68: guest 0123456789abcdef0123456789abcdef: 2026/10/02 22:51:44 INFO sidecar events proxy started vsock_port=1027 transport=stream
    helper_metal_test.go:68: guest 0123456789abcdef0123456789abcdef: 2026/10/02 22:51:44 INFO framework_ready stream proxy started vsock_port=1027
    helper_metal_test.go:68: guest 0123456789abcdef0123456789abcdef: 2026/10/02 22:51:44 INFO healthcheck: NONE shape; no poll goroutine
    helper_metal_test.go:68: guest 0123456789abcdef0123456789abcdef: 2026/10/02 22:51:44 INFO characterization complete mode=none port=8080 class=http exit=-1 shipped=true reason=ok duration=63.933963ms pid=130 owned_sockets=2 listen_rows_tcp=2 listen_rows_tcp6=-1
--- FAIL: TestMetalRestartQuarantineProtectsSurvivingGuest (5.38s)
    --- FAIL: TestMetalRestartQuarantineProtectsSurvivingGuest/uuid (1.80s)
    --- FAIL: TestMetalRestartQuarantineProtectsSurvivingGuest/builder_id (1.78s)
    --- FAIL: TestMetalRestartQuarantineProtectsSurvivingGuest/compact_id (1.79s)
=== RUN   TestRestartQuarantineProtectsSurvivingIdentities
--- PASS: TestRestartQuarantineProtectsSurvivingIdentities (0.00s)
=== RUN   TestRestartQuarantineFailsClosedBeforeMutation
=== RUN   TestRestartQuarantineFailsClosedBeforeMutation/unknown_uid
=== RUN   TestRestartQuarantineFailsClosedBeforeMutation/unknown_id
=== RUN   TestRestartQuarantineFailsClosedBeforeMutation/unreadable_argv
=== RUN   TestRestartQuarantineFailsClosedBeforeMutation/missing_proc
=== RUN   TestRestartQuarantineFailsClosedBeforeMutation/missing_sysfs
=== RUN   TestRestartQuarantineFailsClosedBeforeMutation/cancelled
--- PASS: TestRestartQuarantineFailsClosedBeforeMutation (0.01s)
    --- PASS: TestRestartQuarantineFailsClosedBeforeMutation/unknown_uid (0.00s)
    --- PASS: TestRestartQuarantineFailsClosedBeforeMutation/unknown_id (0.00s)
    --- PASS: TestRestartQuarantineFailsClosedBeforeMutation/unreadable_argv (0.00s)
    --- PASS: TestRestartQuarantineFailsClosedBeforeMutation/missing_proc (0.00s)
    --- PASS: TestRestartQuarantineFailsClosedBeforeMutation/missing_sysfs (0.00s)
    --- PASS: TestRestartQuarantineFailsClosedBeforeMutation/cancelled (0.00s)
=== RUN   TestRestartQuarantineOnlyAtStartup
=== RUN   TestRestartQuarantineOnlyAtStartup/lease
=== RUN   TestRestartQuarantineOnlyAtStartup/prepared_reservation
=== RUN   TestRestartQuarantineOnlyAtStartup/boot
=== RUN   TestRestartQuarantineOnlyAtStartup/stop
=== RUN   TestRestartQuarantineOnlyAtStartup/already_scanned
--- PASS: TestRestartQuarantineOnlyAtStartup (0.01s)
    --- PASS: TestRestartQuarantineOnlyAtStartup/lease (0.00s)
    --- PASS: TestRestartQuarantineOnlyAtStartup/prepared_reservation (0.00s)
    --- PASS: TestRestartQuarantineOnlyAtStartup/boot (0.00s)
    --- PASS: TestRestartQuarantineOnlyAtStartup/stop (0.00s)
    --- PASS: TestRestartQuarantineOnlyAtStartup/already_scanned (0.00s)
=== RUN   TestRestartQuarantineAllowsUnusedNode
--- PASS: TestRestartQuarantineAllowsUnusedNode (0.00s)
=== RUN   TestRestartQuarantineRejectsAmbiguousIdentities
--- PASS: TestRestartQuarantineRejectsAmbiguousIdentities (0.00s)
=== RUN   TestRestartQuarantineCoversInternalGuestIDs
--- PASS: TestRestartQuarantineCoversInternalGuestIDs (0.00s)
=== RUN   TestMetalFailureOutboxRetriesConfirmedTeardown
=== RUN   TestMetalFailureOutboxRetriesConfirmedTeardown/liveness
2026/10/02 22:51:46 WARN vmmd: failure report pending instance_id=74ed6b85b7d2975ae8c560dbf40b619f kind=liveness attempt=1 retry_delay=1.033203125s err="rpc error: code = Internal desc = sched: liveness: destroy instance 74ed6b85b7d2975ae8c560dbf40b619f: injected unconfirmed scheduler stop"
2026/10/02 22:51:48 WARN vmmd: failure report pending instance_id=74ed6b85b7d2975ae8c560dbf40b619f kind=liveness attempt=2 retry_delay=2.06640625s err="rpc error: code = Internal desc = sched: liveness: destroy instance 74ed6b85b7d2975ae8c560dbf40b619f: injected unconfirmed scheduler stop"
2026/10/02 22:51:48 INFO vmmd: failure report acknowledged instance_id=74ed6b85b7d2975ae8c560dbf40b619f kind=liveness
    failure_outbox_metal_test.go:136: leakcheck found leaks:
          - netns fc-prepared-2b82da1c-95ff-47e2-bc55-2501b1068d71
    failure_outbox_metal_test.go:59: leakcheck found leaks:
          - netns fc-prepared-2b82da1c-95ff-47e2-bc55-2501b1068d71
    helper_metal_test.go:68: guest 74ed6b85b7d2975ae8c560dbf40b619f: 2026-10-02T22:51:46.391517805 [74ed6b85b7d2975ae8c560dbf40b619f:main] Successfully started microvm that was configured from one single json
    helper_metal_test.go:68: guest 74ed6b85b7d2975ae8c560dbf40b619f: guest-init: stage boot
    helper_metal_test.go:68: guest 74ed6b85b7d2975ae8c560dbf40b619f: guest-init: stage mount-basics
    helper_metal_test.go:68: guest 74ed6b85b7d2975ae8c560dbf40b619f: guest-init: stage assemble-overlay
    helper_metal_test.go:68: guest 74ed6b85b7d2975ae8c560dbf40b619f: guest-init: stage pivot
    helper_metal_test.go:68: guest 74ed6b85b7d2975ae8c560dbf40b619f: guest-init: stage mode-0
    helper_metal_test.go:68: guest 74ed6b85b7d2975ae8c560dbf40b619f: 2026/10/02 22:51:46 INFO workload identity proxy started endpoint=http://127.0.0.1:2773/oidc/token
    helper_metal_test.go:68: guest 74ed6b85b7d2975ae8c560dbf40b619f: 2026/10/02 22:51:46 WARN event publish proxy unavailable err="event publish proxy listen: listen tcp4 169.254.169.254:80: bind: cannot assign requested address"
    helper_metal_test.go:68: guest 74ed6b85b7d2975ae8c560dbf40b619f: 2026/10/02 22:51:46 WARN stateless advisory fanotify_mark failed (non-fatal) path=/data err="invalid argument"
    helper_metal_test.go:68: guest 74ed6b85b7d2975ae8c560dbf40b619f: 2026/10/02 22:51:46 WARN stateless advisory fanotify_mark failed (non-fatal) path=/db err="invalid argument"
    helper_metal_test.go:68: guest 74ed6b85b7d2975ae8c560dbf40b619f: 2026/10/02 22:51:46 WARN stateless advisory fanotify_mark failed (non-fatal) path=/var/lib/postgresql err="invalid argument"
    helper_metal_test.go:68: guest 74ed6b85b7d2975ae8c560dbf40b619f: 2026/10/02 22:51:46 WARN stateless advisory fanotify_mark failed (non-fatal) path=/var/lib/redis err="invalid argument"
    helper_metal_test.go:68: guest 74ed6b85b7d2975ae8c560dbf40b619f: 2026/10/02 22:51:46 WARN stateless advisory fanotify_mark failed (non-fatal) path=/var/lib/mysql err="invalid argument"
    helper_metal_test.go:68: guest 74ed6b85b7d2975ae8c560dbf40b619f: 2026/10/02 22:51:46 WARN stateless advisory fanotify_mark failed (non-fatal) path=/var/lib/mongodb err="invalid argument"
    helper_metal_test.go:68: guest 74ed6b85b7d2975ae8c560dbf40b619f: 2026/10/02 22:51:46 WARN stateless advisory fanotify_mark failed (non-fatal) path=/var/lib/mongo err="invalid argument"
    helper_metal_test.go:68: guest 74ed6b85b7d2975ae8c560dbf40b619f: 2026/10/02 22:51:46 WARN stateless advisory fanotify_mark failed (non-fatal) path=/var/lib/cockroach err="invalid argument"
    helper_metal_test.go:68: guest 74ed6b85b7d2975ae8c560dbf40b619f: 2026/10/02 22:51:46 WARN stateless advisory fanotify_mark failed (non-fatal) path=/var/lib/cassandra err="invalid argument"
    helper_metal_test.go:68: guest 74ed6b85b7d2975ae8c560dbf40b619f: 2026/10/02 22:51:46 WARN stateless advisory fanotify_mark failed (non-fatal) path=/var/lib/clickhouse err="invalid argument"
    helper_metal_test.go:68: guest 74ed6b85b7d2975ae8c560dbf40b619f: 2026/10/02 22:51:46 WARN stateless advisory unavailable err="vsock socket: no such device"
    helper_metal_test.go:68: guest 74ed6b85b7d2975ae8c560dbf40b619f: 2026/10/02 22:51:46 INFO tail_events proxy started socket=/run/guest-init/tail-events.sock vsock_port=1027
    helper_metal_test.go:68: guest 74ed6b85b7d2975ae8c560dbf40b619f: 2026/10/02 22:51:46 INFO sidecar events proxy started vsock_port=1027 transport=stream
    helper_metal_test.go:68: guest 74ed6b85b7d2975ae8c560dbf40b619f: 2026/10/02 22:51:46 INFO framework_ready stream proxy started vsock_port=1027
    helper_metal_test.go:68: guest 74ed6b85b7d2975ae8c560dbf40b619f: 2026/10/02 22:51:46 INFO healthcheck: NONE shape; no poll goroutine
    helper_metal_test.go:68: guest 74ed6b85b7d2975ae8c560dbf40b619f: 2026/10/02 22:51:46 INFO characterization complete mode=none port=8080 class=http exit=-1 shipped=true reason=ok duration=62.772867ms pid=140 owned_sockets=2 listen_rows_tcp=2 listen_rows_tcp6=-1
=== RUN   TestMetalFailureOutboxRetriesConfirmedTeardown/workload_oom
2026/10/02 22:51:49 WARN vmmd: failure report pending instance_id=ce93c11a4068acfa7282b01922feb2be kind=workload_oom attempt=1 retry_delay=1.07421875s err="rpc error: code = Internal desc = sched: workload_oom: destroy instance ce93c11a4068acfa7282b01922feb2be: injected unconfirmed scheduler stop"
2026/10/02 22:51:50 WARN vmmd: failure report pending instance_id=ce93c11a4068acfa7282b01922feb2be kind=workload_oom attempt=2 retry_delay=2.1484375s err="rpc error: code = Internal desc = sched: workload_oom: destroy instance ce93c11a4068acfa7282b01922feb2be: injected unconfirmed scheduler stop"
2026/10/02 22:51:50 INFO vmmd: failure report acknowledged instance_id=ce93c11a4068acfa7282b01922feb2be kind=workload_oom
    failure_outbox_metal_test.go:136: leakcheck found leaks:
          - netns fc-prepared-2b82da1c-95ff-47e2-bc55-2501b1068d71
    failure_outbox_metal_test.go:59: leakcheck found leaks:
          - netns fc-prepared-2b82da1c-95ff-47e2-bc55-2501b1068d71
    helper_metal_test.go:68: guest ce93c11a4068acfa7282b01922feb2be: 2026-10-02T22:51:48.830483928 [ce93c11a4068acfa7282b01922feb2be:main] Successfully started microvm that was configured from one single json
    helper_metal_test.go:68: guest ce93c11a4068acfa7282b01922feb2be: guest-init: stage boot
    helper_metal_test.go:68: guest ce93c11a4068acfa7282b01922feb2be: guest-init: stage mount-basics
    helper_metal_test.go:68: guest ce93c11a4068acfa7282b01922feb2be: guest-init: stage assemble-overlay
    helper_metal_test.go:68: guest ce93c11a4068acfa7282b01922feb2be: guest-init: stage pivot
    helper_metal_test.go:68: guest ce93c11a4068acfa7282b01922feb2be: guest-init: stage mode-0
    helper_metal_test.go:68: guest ce93c11a4068acfa7282b01922feb2be: 2026/10/02 22:51:49 INFO workload identity proxy started endpoint=http://127.0.0.1:2773/oidc/token
    helper_metal_test.go:68: guest ce93c11a4068acfa7282b01922feb2be: 2026/10/02 22:51:49 WARN event publish proxy unavailable err="event publish proxy listen: listen tcp4 169.254.169.254:80: bind: cannot assign requested address"
    helper_metal_test.go:68: guest ce93c11a4068acfa7282b01922feb2be: 2026/10/02 22:51:49 WARN stateless advisory fanotify_mark failed (non-fatal) path=/data err="invalid argument"
    helper_metal_test.go:68: guest ce93c11a4068acfa7282b01922feb2be: 2026/10/02 22:51:49 WARN stateless advisory fanotify_mark failed (non-fatal) path=/db err="invalid argument"
    helper_metal_test.go:68: guest ce93c11a4068acfa7282b01922feb2be: 2026/10/02 22:51:49 WARN stateless advisory fanotify_mark failed (non-fatal) path=/var/lib/postgresql err="invalid argument"
    helper_metal_test.go:68: guest ce93c11a4068acfa7282b01922feb2be: 2026/10/02 22:51:49 WARN stateless advisory fanotify_mark failed (non-fatal) path=/var/lib/redis err="invalid argument"
    helper_metal_test.go:68: guest ce93c11a4068acfa7282b01922feb2be: 2026/10/02 22:51:49 WARN stateless advisory fanotify_mark failed (non-fatal) path=/var/lib/mysql err="invalid argument"
    helper_metal_test.go:68: guest ce93c11a4068acfa7282b01922feb2be: 2026/10/02 22:51:49 WARN stateless advisory fanotify_mark failed (non-fatal) path=/var/lib/mongodb err="invalid argument"
    helper_metal_test.go:68: guest ce93c11a4068acfa7282b01922feb2be: 2026/10/02 22:51:49 WARN stateless advisory fanotify_mark failed (non-fatal) path=/var/lib/mongo err="invalid argument"
    helper_metal_test.go:68: guest ce93c11a4068acfa7282b01922feb2be: 2026/10/02 22:51:49 WARN stateless advisory fanotify_mark failed (non-fatal) path=/var/lib/cockroach err="invalid argument"
    helper_metal_test.go:68: guest ce93c11a4068acfa7282b01922feb2be: 2026/10/02 22:51:49 WARN stateless advisory fanotify_mark failed (non-fatal) path=/var/lib/cassandra err="invalid argument"
    helper_metal_test.go:68: guest ce93c11a4068acfa7282b01922feb2be: 2026/10/02 22:51:49 WARN stateless advisory fanotify_mark failed (non-fatal) path=/var/lib/clickhouse err="invalid argument"
    helper_metal_test.go:68: guest ce93c11a4068acfa7282b01922feb2be: 2026/10/02 22:51:49 WARN stateless advisory unavailable err="vsock socket: no such device"
    helper_metal_test.go:68: guest ce93c11a4068acfa7282b01922feb2be: 2026/10/02 22:51:49 INFO tail_events proxy started socket=/run/guest-init/tail-events.sock vsock_port=1027
    helper_metal_test.go:68: guest ce93c11a4068acfa7282b01922feb2be: 2026/10/02 22:51:49 INFO sidecar events proxy started vsock_port=1027 transport=stream
    helper_metal_test.go:68: guest ce93c11a4068acfa7282b01922feb2be: 2026/10/02 22:51:49 INFO framework_ready stream proxy started vsock_port=1027
    helper_metal_test.go:68: guest ce93c11a4068acfa7282b01922feb2be: 2026/10/02 22:51:49 INFO healthcheck: NONE shape; no poll goroutine
    helper_metal_test.go:68: guest ce93c11a4068acfa7282b01922feb2be: 2026/10/02 22:51:49 INFO characterization complete mode=none port=8080 class=http exit=-1 shipped=true reason=ok duration=62.749511ms pid=141 owned_sockets=2 listen_rows_tcp=2 listen_rows_tcp6=-1
--- FAIL: TestMetalFailureOutboxRetriesConfirmedTeardown (4.91s)
    --- FAIL: TestMetalFailureOutboxRetriesConfirmedTeardown/liveness (2.44s)
    --- FAIL: TestMetalFailureOutboxRetriesConfirmedTeardown/workload_oom (2.47s)
FAIL
FAIL	github.com/onebox-faas/faas/pkg/fcvm	11.924s
=== RUN   TestFailureReportSenderRequiresAffirmativeAck
2026/10/02 22:52:21 WARN wire: unary gRPC call without deadline method=/onebox.faas.schedd.v1.Schedd/ReportLivenessFailed applied_default=1m0s
2026/10/02 22:52:21 WARN wire: unary gRPC call without deadline method=/onebox.faas.schedd.v1.Schedd/ReportLivenessFailed applied_default=1m0s
2026/10/02 22:52:21 WARN wire: unary gRPC call without deadline method=/onebox.faas.schedd.v1.Schedd/ReportLivenessFailed applied_default=1m0s
2026/10/02 22:52:21 WARN wire: unary gRPC call without deadline method=/onebox.faas.schedd.v1.Schedd/ReportWorkloadOOM applied_default=1m0s
2026/10/02 22:52:21 WARN wire: unary gRPC call without deadline method=/onebox.faas.schedd.v1.Schedd/ReportWorkloadOOM applied_default=1m0s
2026/10/02 22:52:21 WARN wire: unary gRPC call without deadline method=/onebox.faas.schedd.v1.Schedd/ReportWorkloadOOM applied_default=1m0s
--- PASS: TestFailureReportSenderRequiresAffirmativeAck (0.02s)
=== RUN   TestFailureReportWiringPersistsCanceledProducerContexts
--- PASS: TestFailureReportWiringPersistsCanceledProducerContexts (0.00s)
=== RUN   TestRecoveredFailureReportRequiresManagerOwnership
2026/10/02 22:52:21 WARN wire: unary gRPC call without deadline method=/onebox.faas.schedd.v1.Schedd/ReportLivenessFailed applied_default=1m0s
--- PASS: TestRecoveredFailureReportRequiresManagerOwnership (0.00s)
=== RUN   TestLoadConfigResourceJournal
2026/10/02 22:52:21 INFO vmmd: compute node sizing resolved source=derived host_mem_mb=15986 host_cpus=2 mem_mb=15986 tenant_slice_max_mb=7794 tenant_budget_mb=7611 admission_ceiling_mb=6469 non_tenant_reserve_mb=8192 vcpu_slots=16
2026/10/02 22:52:21 INFO vmmd: compute node sizing resolved source=derived host_mem_mb=15986 host_cpus=2 mem_mb=15986 tenant_slice_max_mb=7794 tenant_budget_mb=7611 admission_ceiling_mb=6469 non_tenant_reserve_mb=8192 vcpu_slots=16
--- PASS: TestLoadConfigResourceJournal (0.00s)
PASS
ok  	github.com/onebox-faas/faas/cmd/vmmd	1.140s
FAIL
make: *** [Makefile:413: test-metal] Error 1
LEAK: netns fc-prepared-2b82da1c-95ff-47e2-bc55-2501b1068d71
leakcheck FAILED
make: *** [Makefile:437: leakcheck] Error 1
make: Entering directory '/var/tmp/faas-metal-smoke-managed-pg-resource-links-f8b10c6a/source-bounded'
LEAK: netns fc-prepared-2b82da1c-95ff-47e2-bc55-2501b1068d71
leakcheck FAILED
make: *** [Makefile:437: leakcheck] Error 1
make: Leaving directory '/var/tmp/faas-metal-smoke-managed-pg-resource-links-f8b10c6a/source-bounded'
