/var/tmp/faas-metal-smoke-managed-pg-resource-links-f8b10c6a/source.tar.gz: OK
validation source: 69a9e6f14231c489d5908246412b2baf9f638531
Linux gregale-internal-test-1.us-east1-b.c.gregale-prod.internal 7.0.0-1011-gcp #11~24.04.1-Ubuntu SMP PREEMPT Tue Aug 11 20:14:48 UTC 2026 x86_64 x86_64 x86_64 GNU/Linux
go version go1.25.13 linux/amd64
leakcheck OK — no leaked netns/taps/jails/cgroups/processes/mounts
e2fsck 1.47.0 (5-Feb-2023)
Pass 1: Checking inodes, blocks, and sizes
Pass 2: Checking directory structure
Pass 3: Checking directory connectivity
Pass 4: Checking reference counts
Pass 5: Checking group summary information
faas-metal-smoke: 28/16384 files (3.6% non-contiguous), 8074/16384 blocks
e2fsck 1.47.0 (5-Feb-2023)
Pass 1: Checking inodes, blocks, and sizes
Pass 2: Checking directory structure
Pass 3: Checking directory connectivity
Pass 4: Checking reference counts
Pass 5: Checking group summary information
faas-metal-layer: 16/4096 files (0.0% non-contiguous), 272/4096 blocks
178f50d3a868d8fc08228225cd49fca2d8f117a88c8924385b33166c4f158e3b  /srv/fc/base/vmlinux-6.1.134
3bf96fd3d269549dfac3694dad76343635a59ab5a597d26a88898b19ce2b5075  /var/tmp/faas-metal-smoke-managed-pg-resource-links-f8b10c6a/fixtures/hello-base.ext4
b56cc0c0f91b84f78b803d22abe25489831b2201c25218f63a7010426713dc55  /var/tmp/faas-metal-smoke-managed-pg-resource-links-f8b10c6a/fixtures/hello-layer.ext4
make: Entering directory '/var/tmp/faas-metal-smoke-managed-pg-resource-links-f8b10c6a/source'
leakcheck OK — no leaked netns/taps/jails/cgroups/processes/mounts
make: Leaving directory '/var/tmp/faas-metal-smoke-managed-pg-resource-links-f8b10c6a/source'
Terminated
