=== RUN   TestMetalResourceLinksReplacement
=== RUN   TestMetalResourceLinksReplacement/dummy
=== RUN   TestMetalResourceLinksReplacement/veth
=== RUN   TestMetalResourceLinksReplacement/address
=== RUN   TestMetalResourceLinksReplacement/rename
--- PASS: TestMetalResourceLinksReplacement (0.31s)
    --- PASS: TestMetalResourceLinksReplacement/dummy (0.08s)
    --- PASS: TestMetalResourceLinksReplacement/veth (0.09s)
    --- PASS: TestMetalResourceLinksReplacement/address (0.07s)
    --- PASS: TestMetalResourceLinksReplacement/rename (0.07s)
=== RUN   TestMetalResourceLinksReplacement
=== RUN   TestMetalResourceLinksReplacement/dummy
=== RUN   TestMetalResourceLinksReplacement/veth
=== RUN   TestMetalResourceLinksReplacement/address
=== RUN   TestMetalResourceLinksReplacement/rename
--- PASS: TestMetalResourceLinksReplacement (0.30s)
    --- PASS: TestMetalResourceLinksReplacement/dummy (0.09s)
    --- PASS: TestMetalResourceLinksReplacement/veth (0.08s)
    --- PASS: TestMetalResourceLinksReplacement/address (0.07s)
    --- PASS: TestMetalResourceLinksReplacement/rename (0.07s)
=== RUN   TestMetalResourceLinksReplacement
=== RUN   TestMetalResourceLinksReplacement/dummy
=== RUN   TestMetalResourceLinksReplacement/veth
=== RUN   TestMetalResourceLinksReplacement/address
=== RUN   TestMetalResourceLinksReplacement/rename
--- PASS: TestMetalResourceLinksReplacement (0.29s)
    --- PASS: TestMetalResourceLinksReplacement/dummy (0.08s)
    --- PASS: TestMetalResourceLinksReplacement/veth (0.09s)
    --- PASS: TestMetalResourceLinksReplacement/address (0.06s)
    --- PASS: TestMetalResourceLinksReplacement/rename (0.06s)
=== RUN   TestMetalResourceLinksReplacement
=== RUN   TestMetalResourceLinksReplacement/dummy
=== RUN   TestMetalResourceLinksReplacement/veth
=== RUN   TestMetalResourceLinksReplacement/address
=== RUN   TestMetalResourceLinksReplacement/rename
--- PASS: TestMetalResourceLinksReplacement (0.31s)
    --- PASS: TestMetalResourceLinksReplacement/dummy (0.08s)
    --- PASS: TestMetalResourceLinksReplacement/veth (0.10s)
    --- PASS: TestMetalResourceLinksReplacement/address (0.06s)
    --- PASS: TestMetalResourceLinksReplacement/rename (0.07s)
=== RUN   TestMetalResourceLinksReplacement
=== RUN   TestMetalResourceLinksReplacement/dummy
=== RUN   TestMetalResourceLinksReplacement/veth
=== RUN   TestMetalResourceLinksReplacement/address
=== RUN   TestMetalResourceLinksReplacement/rename
--- PASS: TestMetalResourceLinksReplacement (0.30s)
    --- PASS: TestMetalResourceLinksReplacement/dummy (0.08s)
    --- PASS: TestMetalResourceLinksReplacement/veth (0.09s)
    --- PASS: TestMetalResourceLinksReplacement/address (0.06s)
    --- PASS: TestMetalResourceLinksReplacement/rename (0.07s)
=== RUN   TestMetalResourceLinksReplacement
=== RUN   TestMetalResourceLinksReplacement/dummy
=== RUN   TestMetalResourceLinksReplacement/veth
=== RUN   TestMetalResourceLinksReplacement/address
=== RUN   TestMetalResourceLinksReplacement/rename
--- PASS: TestMetalResourceLinksReplacement (0.32s)
    --- PASS: TestMetalResourceLinksReplacement/dummy (0.09s)
    --- PASS: TestMetalResourceLinksReplacement/veth (0.10s)
    --- PASS: TestMetalResourceLinksReplacement/address (0.06s)
    --- PASS: TestMetalResourceLinksReplacement/rename (0.07s)
=== RUN   TestMetalResourceLinksReplacement
=== RUN   TestMetalResourceLinksReplacement/dummy
=== RUN   TestMetalResourceLinksReplacement/veth
=== RUN   TestMetalResourceLinksReplacement/address
=== RUN   TestMetalResourceLinksReplacement/rename
--- PASS: TestMetalResourceLinksReplacement (0.32s)
    --- PASS: TestMetalResourceLinksReplacement/dummy (0.09s)
    --- PASS: TestMetalResourceLinksReplacement/veth (0.09s)
    --- PASS: TestMetalResourceLinksReplacement/address (0.07s)
    --- PASS: TestMetalResourceLinksReplacement/rename (0.07s)
=== RUN   TestMetalResourceLinksReplacement
=== RUN   TestMetalResourceLinksReplacement/dummy
=== RUN   TestMetalResourceLinksReplacement/veth
=== RUN   TestMetalResourceLinksReplacement/address
=== RUN   TestMetalResourceLinksReplacement/rename
--- PASS: TestMetalResourceLinksReplacement (0.30s)
    --- PASS: TestMetalResourceLinksReplacement/dummy (0.07s)
    --- PASS: TestMetalResourceLinksReplacement/veth (0.09s)
    --- PASS: TestMetalResourceLinksReplacement/address (0.07s)
    --- PASS: TestMetalResourceLinksReplacement/rename (0.07s)
=== RUN   TestMetalResourceLinksReplacement
=== RUN   TestMetalResourceLinksReplacement/dummy
=== RUN   TestMetalResourceLinksReplacement/veth
=== RUN   TestMetalResourceLinksReplacement/address
=== RUN   TestMetalResourceLinksReplacement/rename
--- PASS: TestMetalResourceLinksReplacement (0.31s)
    --- PASS: TestMetalResourceLinksReplacement/dummy (0.08s)
    --- PASS: TestMetalResourceLinksReplacement/veth (0.10s)
    --- PASS: TestMetalResourceLinksReplacement/address (0.06s)
    --- PASS: TestMetalResourceLinksReplacement/rename (0.06s)
=== RUN   TestMetalResourceLinksReplacement
=== RUN   TestMetalResourceLinksReplacement/dummy
=== RUN   TestMetalResourceLinksReplacement/veth
=== RUN   TestMetalResourceLinksReplacement/address
=== RUN   TestMetalResourceLinksReplacement/rename
--- PASS: TestMetalResourceLinksReplacement (0.30s)
    --- PASS: TestMetalResourceLinksReplacement/dummy (0.08s)
    --- PASS: TestMetalResourceLinksReplacement/veth (0.09s)
    --- PASS: TestMetalResourceLinksReplacement/address (0.06s)
    --- PASS: TestMetalResourceLinksReplacement/rename (0.07s)
=== RUN   TestMetalResourceLinksReplacement
=== RUN   TestMetalResourceLinksReplacement/dummy
=== RUN   TestMetalResourceLinksReplacement/veth
=== RUN   TestMetalResourceLinksReplacement/address
=== RUN   TestMetalResourceLinksReplacement/rename
--- PASS: TestMetalResourceLinksReplacement (0.28s)
    --- PASS: TestMetalResourceLinksReplacement/dummy (0.07s)
    --- PASS: TestMetalResourceLinksReplacement/veth (0.08s)
    --- PASS: TestMetalResourceLinksReplacement/address (0.06s)
    --- PASS: TestMetalResourceLinksReplacement/rename (0.07s)
=== RUN   TestMetalResourceLinksReplacement
=== RUN   TestMetalResourceLinksReplacement/dummy
=== RUN   TestMetalResourceLinksReplacement/veth
=== RUN   TestMetalResourceLinksReplacement/address
=== RUN   TestMetalResourceLinksReplacement/rename
--- PASS: TestMetalResourceLinksReplacement (0.32s)
    --- PASS: TestMetalResourceLinksReplacement/dummy (0.08s)
    --- PASS: TestMetalResourceLinksReplacement/veth (0.11s)
    --- PASS: TestMetalResourceLinksReplacement/address (0.07s)
    --- PASS: TestMetalResourceLinksReplacement/rename (0.06s)
=== RUN   TestMetalResourceLinksReplacement
=== RUN   TestMetalResourceLinksReplacement/dummy
=== RUN   TestMetalResourceLinksReplacement/veth
=== RUN   TestMetalResourceLinksReplacement/address
=== RUN   TestMetalResourceLinksReplacement/rename
--- PASS: TestMetalResourceLinksReplacement (0.30s)
    --- PASS: TestMetalResourceLinksReplacement/dummy (0.08s)
    --- PASS: TestMetalResourceLinksReplacement/veth (0.08s)
    --- PASS: TestMetalResourceLinksReplacement/address (0.07s)
    --- PASS: TestMetalResourceLinksReplacement/rename (0.06s)
=== RUN   TestMetalResourceLinksReplacement
=== RUN   TestMetalResourceLinksReplacement/dummy
=== RUN   TestMetalResourceLinksReplacement/veth
=== RUN   TestMetalResourceLinksReplacement/address
=== RUN   TestMetalResourceLinksReplacement/rename
--- PASS: TestMetalResourceLinksReplacement (0.30s)
    --- PASS: TestMetalResourceLinksReplacement/dummy (0.08s)
    --- PASS: TestMetalResourceLinksReplacement/veth (0.10s)
    --- PASS: TestMetalResourceLinksReplacement/address (0.06s)
    --- PASS: TestMetalResourceLinksReplacement/rename (0.07s)
=== RUN   TestMetalResourceLinksReplacement
=== RUN   TestMetalResourceLinksReplacement/dummy
=== RUN   TestMetalResourceLinksReplacement/veth
=== RUN   TestMetalResourceLinksReplacement/address
=== RUN   TestMetalResourceLinksReplacement/rename
--- PASS: TestMetalResourceLinksReplacement (0.29s)
    --- PASS: TestMetalResourceLinksReplacement/dummy (0.07s)
    --- PASS: TestMetalResourceLinksReplacement/veth (0.09s)
    --- PASS: TestMetalResourceLinksReplacement/address (0.06s)
    --- PASS: TestMetalResourceLinksReplacement/rename (0.07s)
=== RUN   TestMetalResourceLinksReplacement
=== RUN   TestMetalResourceLinksReplacement/dummy
=== RUN   TestMetalResourceLinksReplacement/veth
=== RUN   TestMetalResourceLinksReplacement/address
=== RUN   TestMetalResourceLinksReplacement/rename
--- PASS: TestMetalResourceLinksReplacement (0.30s)
    --- PASS: TestMetalResourceLinksReplacement/dummy (0.07s)
    --- PASS: TestMetalResourceLinksReplacement/veth (0.09s)
    --- PASS: TestMetalResourceLinksReplacement/address (0.06s)
    --- PASS: TestMetalResourceLinksReplacement/rename (0.07s)
=== RUN   TestMetalResourceLinksReplacement
=== RUN   TestMetalResourceLinksReplacement/dummy
=== RUN   TestMetalResourceLinksReplacement/veth
=== RUN   TestMetalResourceLinksReplacement/address
=== RUN   TestMetalResourceLinksReplacement/rename
--- PASS: TestMetalResourceLinksReplacement (0.29s)
    --- PASS: TestMetalResourceLinksReplacement/dummy (0.07s)
    --- PASS: TestMetalResourceLinksReplacement/veth (0.09s)
    --- PASS: TestMetalResourceLinksReplacement/address (0.06s)
    --- PASS: TestMetalResourceLinksReplacement/rename (0.06s)
=== RUN   TestMetalResourceLinksReplacement
=== RUN   TestMetalResourceLinksReplacement/dummy
=== RUN   TestMetalResourceLinksReplacement/veth
=== RUN   TestMetalResourceLinksReplacement/address
=== RUN   TestMetalResourceLinksReplacement/rename
--- PASS: TestMetalResourceLinksReplacement (0.31s)
    --- PASS: TestMetalResourceLinksReplacement/dummy (0.09s)
    --- PASS: TestMetalResourceLinksReplacement/veth (0.09s)
    --- PASS: TestMetalResourceLinksReplacement/address (0.06s)
    --- PASS: TestMetalResourceLinksReplacement/rename (0.07s)
=== RUN   TestMetalResourceLinksReplacement
=== RUN   TestMetalResourceLinksReplacement/dummy
=== RUN   TestMetalResourceLinksReplacement/veth
=== RUN   TestMetalResourceLinksReplacement/address
=== RUN   TestMetalResourceLinksReplacement/rename
--- PASS: TestMetalResourceLinksReplacement (0.31s)
    --- PASS: TestMetalResourceLinksReplacement/dummy (0.08s)
    --- PASS: TestMetalResourceLinksReplacement/veth (0.10s)
    --- PASS: TestMetalResourceLinksReplacement/address (0.06s)
    --- PASS: TestMetalResourceLinksReplacement/rename (0.06s)
=== RUN   TestMetalResourceLinksReplacement
=== RUN   TestMetalResourceLinksReplacement/dummy
=== RUN   TestMetalResourceLinksReplacement/veth
=== RUN   TestMetalResourceLinksReplacement/address
=== RUN   TestMetalResourceLinksReplacement/rename
--- PASS: TestMetalResourceLinksReplacement (0.29s)
    --- PASS: TestMetalResourceLinksReplacement/dummy (0.08s)
    --- PASS: TestMetalResourceLinksReplacement/veth (0.09s)
    --- PASS: TestMetalResourceLinksReplacement/address (0.06s)
    --- PASS: TestMetalResourceLinksReplacement/rename (0.06s)
PASS
ok  	github.com/onebox-faas/faas/pkg/fcvm	7.165s
