go: downloading github.com/golangci/golangci-lint/v2 v2.4.0
go: downloading github.com/charmbracelet/lipgloss v1.1.0
go: downloading github.com/fatih/color v1.18.0
go: downloading github.com/gofrs/flock v0.13.1
go: downloading github.com/hashicorp/go-version v1.7.0
go: downloading github.com/ldez/grignotin v0.10.0
go: downloading github.com/pelletier/go-toml/v2 v2.2.4
go: downloading github.com/pelletier/go-toml v1.9.5
go: downloading github.com/spf13/cobra v1.9.1
go: downloading github.com/spf13/pflag v1.0.7
go: downloading github.com/spf13/viper v1.12.0
go: downloading go.uber.org/automaxprocs v1.6.0
go: downloading golang.org/x/mod v0.40.0
go: downloading github.com/charmbracelet/x/ansi v0.8.0
go: downloading github.com/charmbracelet/x/cellbuf v0.0.13-0.20250311204145-2c3ea96c31dd
go: downloading github.com/muesli/termenv v0.16.0
go: downloading github.com/rivo/uniseg v0.4.7
go: downloading github.com/mattn/go-colorable v0.1.14
go: downloading github.com/mattn/go-isatty v0.0.24
go: downloading golang.org/x/tools v0.49.0
go: downloading github.com/go-viper/mapstructure/v2 v2.5.0
go: downloading github.com/mitchellh/go-homedir v1.1.0
go: downloading github.com/alecthomas/chroma/v2 v2.20.0
go: downloading github.com/rogpeppe/go-internal v1.16.0
go: downloading github.com/golangci/plugin-module-register v0.1.2
go: downloading github.com/sirupsen/logrus v1.9.4
go: downloading github.com/stretchr/testify v1.12.1
go: downloading github.com/go-xmlfmt/xmlfmt v1.1.3
go: downloading github.com/golangci/revgrep v0.8.0
go: downloading github.com/fsnotify/fsnotify v1.5.4
go: downloading github.com/mitchellh/mapstructure v1.5.0
go: downloading github.com/spf13/afero v1.15.0
go: downloading github.com/spf13/cast v1.5.0
go: downloading github.com/spf13/jwalterweatherman v1.1.0
go: downloading github.com/lucasb-eyer/go-colorful v1.2.0
go: downloading github.com/mattn/go-runewidth v0.0.16
go: downloading github.com/charmbracelet/colorprofile v0.2.3-0.20250311203215-f60798e515dc
go: downloading github.com/charmbracelet/x/term v0.2.1
go: downloading github.com/aymanbagabas/go-osc52/v2 v2.0.1
go: downloading github.com/daixiang0/gci v0.13.7
go: downloading github.com/golangci/gofmt v0.0.0-20250106114630-d62b90e6713d
go: downloading mvdan.cc/gofumpt v0.8.0
go: downloading github.com/golangci/golines v0.0.0-20250217134842-442fd0091d95
go: downloading github.com/sourcegraph/go-diff v0.7.0
go: downloading github.com/golangci/swaggoswag v0.0.0-20250504205917-77f2aca3143e
go: downloading go.augendre.info/arangolint v0.2.0
go: downloading github.com/alingse/asasalint v0.0.11
go: downloading github.com/tdakkota/asciicheck v0.4.1
go: downloading github.com/breml/bidichk v0.3.3
go: downloading github.com/timakin/bodyclose v0.0.0-20241222091800-1db5c5ca4d67
go: downloading github.com/lasiar/canonicalheader v1.1.2
go: downloading github.com/sivchari/containedctx v1.0.3
go: downloading github.com/kkHAIKE/contextcheck v1.1.6
go: downloading github.com/karamaru-alpha/copyloopvar v1.2.1
go: downloading github.com/bkielbasa/cyclop v1.2.3
go: downloading gitlab.com/bosi/decorder v0.4.2
go: downloading github.com/OpenPeeDeeP/depguard/v2 v2.2.1
go: downloading github.com/golangci/dupl v0.0.0-20250308024227-f665c8d69b32
go: downloading github.com/Abirdcfly/dupword v0.1.6
go: downloading github.com/charithe/durationcheck v0.0.10
go: downloading github.com/manuelarte/embeddedstructfieldcheck v0.3.0
go: downloading github.com/Djarvur/go-err113 v0.0.0-20210108212216-aea10b59be24
go: downloading github.com/kisielk/errcheck v1.9.0
go: downloading github.com/breml/errchkjson v0.4.1
go: downloading github.com/Antonboom/errname v1.1.0
go: downloading github.com/polyfloyd/go-errorlint v1.8.0
go: downloading github.com/nishanths/exhaustive v0.12.0
go: downloading dev.gaijin.team/go/exhaustruct/v4 v4.0.0
go: downloading github.com/ldez/exptostd v0.4.4
go: downloading go.augendre.info/fatcontext v0.8.0
go: downloading github.com/ashanbrown/forbidigo/v2 v2.1.0
go: downloading github.com/gostaticanalysis/forcetypeassert v0.2.0
go: downloading github.com/manuelarte/funcorder v0.5.0
go: downloading github.com/ultraware/funlen v0.2.0
go: downloading github.com/nunnatsa/ginkgolinter v0.20.0
go: downloading 4d63.com/gocheckcompilerdirectives v1.3.0
go: downloading 4d63.com/gochecknoglobals v0.2.2
go: downloading github.com/alecthomas/go-check-sumtype v0.3.1
go: downloading github.com/uudashr/gocognit v1.2.0
go: downloading github.com/jgautheron/goconst v1.8.2
go: downloading github.com/go-critic/go-critic v0.13.0
go: downloading github.com/quasilyte/go-ruleguard/dsl v0.3.22
go: downloading github.com/quasilyte/go-ruleguard v0.4.4
go: downloading github.com/fzipp/gocyclo v0.6.0
go: downloading github.com/tetafro/godot v1.5.1
go: downloading github.com/matoous/godox v1.1.0
go: downloading github.com/denis-tingaikin/go-header v0.5.0
go: downloading github.com/ldez/gomoddirectives v0.7.0
go: downloading github.com/ryancurrah/gomodguard v1.4.1
go: downloading github.com/golangci/go-printf-func-name v0.1.0
go: downloading github.com/securego/gosec/v2 v2.22.7
go: downloading github.com/xen0n/gosmopolitan v1.3.0
go: downloading github.com/leonklingele/grouper v1.1.2
go: downloading github.com/uudashr/iface v1.4.1
go: downloading github.com/julz/importas v0.2.0
go: downloading github.com/macabu/inamedparam v0.2.0
go: downloading github.com/gordonklaus/ineffassign v0.1.0
go: downloading github.com/sashamelentyev/interfacebloat v1.1.0
go: downloading github.com/ckaznocha/intrange v0.3.1
go: downloading github.com/butuzov/ireturn v0.4.0
go: downloading github.com/timonwong/loggercheck v0.11.0
go: downloading github.com/yagipy/maintidx v1.0.0
go: downloading github.com/ashanbrown/makezero/v2 v2.0.1
go: downloading github.com/butuzov/mirror v1.3.0
go: downloading github.com/golangci/misspell v0.7.0
go: downloading github.com/tommy-muehle/go-mnd/v2 v2.5.1
go: downloading go-simpler.org/musttag v0.13.1
go: downloading github.com/alexkohler/nakedret/v2 v2.0.6
go: downloading github.com/nakabonne/nestif v0.3.1
go: downloading github.com/gostaticanalysis/nilerr v0.1.1
go: downloading github.com/alingse/nilnesserr v0.2.0
go: downloading github.com/Antonboom/nilnil v1.1.0
go: downloading github.com/ssgreg/nlreturn/v2 v2.2.1
go: downloading github.com/sonatard/noctx v0.4.0
go: downloading github.com/AlwxSin/noinlineerr v1.0.5
go: downloading github.com/firefart/nonamedreturns v1.0.6
go: downloading github.com/stbenjam/no-sprintf-host-port v0.2.0
go: downloading github.com/kunwardeep/paralleltest v1.0.14
go: downloading github.com/catenacyber/perfsprint v0.9.1
go: downloading github.com/alexkohler/prealloc v1.0.0
go: downloading github.com/nishanths/predeclared v0.2.2
go: downloading github.com/yeya24/promlinter v0.3.0
go: downloading github.com/ghostiam/protogetter v0.3.15
go: downloading github.com/curioswitch/go-reassign v0.3.0
go: downloading github.com/raeperd/recvcheck v0.2.0
go: downloading github.com/mgechev/revive v1.11.0
go: downloading github.com/jingyugao/rowserrcheck v1.1.1
go: downloading go-simpler.org/sloglint v0.11.1
go: downloading github.com/jjti/go-spancheck v0.6.5
go: downloading github.com/ryanrolds/sqlclosecheck v0.5.1
go: downloading honnef.co/go/tools v0.6.1
go: downloading github.com/4meepo/tagalign v1.4.3
go: downloading github.com/ldez/tagliatelle v0.7.1
go: downloading github.com/maratori/testableexamples v1.0.0
go: downloading github.com/Antonboom/testifylint v1.6.1
go: downloading github.com/maratori/testpackage v1.1.1
go: downloading github.com/kulti/thelper v0.6.3
go: downloading github.com/moricho/tparallel v0.3.2
go: downloading github.com/golangci/unconvert v0.0.0-20250410112200-a129a6e6413e
go: downloading mvdan.cc/unparam v0.0.0-20250301125049-0df0534333a4
go: downloading github.com/sashamelentyev/usestdlibvars v1.29.0
go: downloading github.com/ldez/usetesting v0.5.0
go: downloading github.com/blizzy78/varnamelen v0.8.0
go: downloading github.com/sanposhiho/wastedassign/v2 v2.1.0
go: downloading github.com/ultraware/whitespace v0.2.0
go: downloading github.com/tomarrell/wrapcheck/v2 v2.11.0
go: downloading github.com/bombsimon/wsl/v4 v4.7.0
go: downloading github.com/bombsimon/wsl/v5 v5.1.1
go: downloading github.com/ykadowak/zerologlint v0.1.5
go: downloading github.com/stretchr/objx v0.5.3
go: downloading github.com/subosito/gotenv v1.4.1
go: downloading github.com/hashicorp/hcl v1.0.0
go: downloading gopkg.in/ini.v1 v1.67.0
go: downloading github.com/magiconair/properties v1.8.10
go: downloading github.com/xo/terminfo v0.0.0-20220910002029-abceb7e1c41e
go: downloading github.com/dlclark/regexp2 v1.11.5
go: downloading github.com/hexops/gotextdiff v1.0.3
go: downloading go.uber.org/zap v1.28.0
go: downloading github.com/google/go-cmp v0.7.0
go: downloading github.com/dave/dst v0.27.3
go: downloading github.com/fatih/structtag v1.2.0
go: downloading github.com/gostaticanalysis/analysisutil v0.7.1
go: downloading github.com/go-toolsmith/astcast v1.1.0
go: downloading github.com/gobwas/glob v0.2.3
go: downloading dev.gaijin.team/go/golib v0.6.0
go: downloading github.com/go-toolsmith/astcopy v1.1.0
go: downloading github.com/go-toolsmith/astequal v1.2.0
go: downloading github.com/go-toolsmith/astfmt v1.1.0
go: downloading github.com/go-toolsmith/astp v1.1.0
go: downloading github.com/go-toolsmith/strparse v1.1.0
go: downloading github.com/go-toolsmith/typep v1.1.0
go: downloading github.com/quasilyte/regex/syntax v0.0.0-20210819130434-b3f0c404a727
go: downloading github.com/Masterminds/semver/v3 v3.3.1
go: downloading github.com/ccojocar/zxcvbn-go v1.0.4
go: downloading github.com/gostaticanalysis/comment v1.5.0
go: downloading github.com/ettle/strcase v0.2.0
go: downloading github.com/alfatraining/structtag v1.0.0
go: downloading github.com/hashicorp/go-immutable-radix/v2 v2.1.0
go: downloading golang.org/x/exp/typeparams v0.0.0-20250620022241-b7579e27df2b
go: downloading github.com/quasilyte/gogrep v0.5.0
go: downloading github.com/quasilyte/stdinfo v0.0.0-20220114132959-f7386bf02567
go: downloading codeberg.org/chavacava/garif v0.2.0
go: downloading github.com/hashicorp/golang-lru/v2 v2.0.7
go: downloading go.yaml.in/yaml/v3 v3.0.5
pkg/fcvm/resource_links.go:259:4: QF1001: could apply De Morgan's law (staticcheck)
			!((argv[3] == nc.VethHost && argv[8] == nc.VethPeer) || (argv[3] == nc.PrivateVethHost && argv[8] == nc.PrivateVethPeer)) {
			^
1 issues:
* staticcheck: 1
